Archive member included to satisfy reference by file (symbol)

c:/st/stm32cubeide_1.7.0/stm32cubeide/plugins/com.st.stm32cube.ide.mcu.externaltools.gnu-tools-for-stm32.9-2020-q2-update.win32_2.0.0.202105311346/tools/bin/../lib/gcc/arm-none-eabi/9.3.1/../../../../arm-none-eabi/lib/thumb/v7e-m/nofp\libc_nano.a(lib_a-errno.o)
                              ./Application/Core/syscalls.o (__errno)
c:/st/stm32cubeide_1.7.0/stm32cubeide/plugins/com.st.stm32cube.ide.mcu.externaltools.gnu-tools-for-stm32.9-2020-q2-update.win32_2.0.0.202105311346/tools/bin/../lib/gcc/arm-none-eabi/9.3.1/../../../../arm-none-eabi/lib/thumb/v7e-m/nofp\libc_nano.a(lib_a-exit.o)
                              c:/st/stm32cubeide_1.7.0/stm32cubeide/plugins/com.st.stm32cube.ide.mcu.externaltools.gnu-tools-for-stm32.9-2020-q2-update.win32_2.0.0.202105311346/tools/bin/../lib/gcc/arm-none-eabi/9.3.1/../../../../arm-none-eabi/lib/thumb/v7e-m/nofp/crt0.o (exit)
c:/st/stm32cubeide_1.7.0/stm32cubeide/plugins/com.st.stm32cube.ide.mcu.externaltools.gnu-tools-for-stm32.9-2020-q2-update.win32_2.0.0.202105311346/tools/bin/../lib/gcc/arm-none-eabi/9.3.1/../../../../arm-none-eabi/lib/thumb/v7e-m/nofp\libc_nano.a(lib_a-impure.o)
                              c:/st/stm32cubeide_1.7.0/stm32cubeide/plugins/com.st.stm32cube.ide.mcu.externaltools.gnu-tools-for-stm32.9-2020-q2-update.win32_2.0.0.202105311346/tools/bin/../lib/gcc/arm-none-eabi/9.3.1/../../../../arm-none-eabi/lib/thumb/v7e-m/nofp\libc_nano.a(lib_a-exit.o) (_global_impure_ptr)
c:/st/stm32cubeide_1.7.0/stm32cubeide/plugins/com.st.stm32cube.ide.mcu.externaltools.gnu-tools-for-stm32.9-2020-q2-update.win32_2.0.0.202105311346/tools/bin/../lib/gcc/arm-none-eabi/9.3.1/../../../../arm-none-eabi/lib/thumb/v7e-m/nofp\libc_nano.a(lib_a-init.o)
                              c:/st/stm32cubeide_1.7.0/stm32cubeide/plugins/com.st.stm32cube.ide.mcu.externaltools.gnu-tools-for-stm32.9-2020-q2-update.win32_2.0.0.202105311346/tools/bin/../lib/gcc/arm-none-eabi/9.3.1/../../../../arm-none-eabi/lib/thumb/v7e-m/nofp/crt0.o (__libc_init_array)
c:/st/stm32cubeide_1.7.0/stm32cubeide/plugins/com.st.stm32cube.ide.mcu.externaltools.gnu-tools-for-stm32.9-2020-q2-update.win32_2.0.0.202105311346/tools/bin/../lib/gcc/arm-none-eabi/9.3.1/../../../../arm-none-eabi/lib/thumb/v7e-m/nofp\libc_nano.a(lib_a-memcpy-stub.o)
                              ./Application/App/subghz_phy_app.o (memcpy)
c:/st/stm32cubeide_1.7.0/stm32cubeide/plugins/com.st.stm32cube.ide.mcu.externaltools.gnu-tools-for-stm32.9-2020-q2-update.win32_2.0.0.202105311346/tools/bin/../lib/gcc/arm-none-eabi/9.3.1/../../../../arm-none-eabi/lib/thumb/v7e-m/nofp\libc_nano.a(lib_a-memset.o)
                              c:/st/stm32cubeide_1.7.0/stm32cubeide/plugins/com.st.stm32cube.ide.mcu.externaltools.gnu-tools-for-stm32.9-2020-q2-update.win32_2.0.0.202105311346/tools/bin/../lib/gcc/arm-none-eabi/9.3.1/../../../../arm-none-eabi/lib/thumb/v7e-m/nofp/crt0.o (memset)
c:/st/stm32cubeide_1.7.0/stm32cubeide/plugins/com.st.stm32cube.ide.mcu.externaltools.gnu-tools-for-stm32.9-2020-q2-update.win32_2.0.0.202105311346/tools/bin/../lib/gcc/arm-none-eabi/9.3.1/../../../../arm-none-eabi/lib/thumb/v7e-m/nofp\libc_nano.a(lib_a-strlen.o)
                              ./Application/Core/sys_app.o (strlen)
c:/st/stm32cubeide_1.7.0/stm32cubeide/plugins/com.st.stm32cube.ide.mcu.externaltools.gnu-tools-for-stm32.9-2020-q2-update.win32_2.0.0.202105311346/tools/bin/../lib/gcc/arm-none-eabi/9.3.1/../../../../arm-none-eabi/lib/thumb/v7e-m/nofp\libc_nano.a(lib_a-strncmp.o)
                              ./Application/App/subghz_phy_app.o (strncmp)
c:/st/stm32cubeide_1.7.0/stm32cubeide/plugins/com.st.stm32cube.ide.mcu.externaltools.gnu-tools-for-stm32.9-2020-q2-update.win32_2.0.0.202105311346/tools/bin/../lib/gcc/arm-none-eabi/9.3.1/thumb/v7e-m/nofp\libgcc.a(_aeabi_uldivmod.o)
                              ./Application/Core/timer_if.o (__aeabi_uldivmod)
c:/st/stm32cubeide_1.7.0/stm32cubeide/plugins/com.st.stm32cube.ide.mcu.externaltools.gnu-tools-for-stm32.9-2020-q2-update.win32_2.0.0.202105311346/tools/bin/../lib/gcc/arm-none-eabi/9.3.1/thumb/v7e-m/nofp\libgcc.a(_udivmoddi4.o)
                              c:/st/stm32cubeide_1.7.0/stm32cubeide/plugins/com.st.stm32cube.ide.mcu.externaltools.gnu-tools-for-stm32.9-2020-q2-update.win32_2.0.0.202105311346/tools/bin/../lib/gcc/arm-none-eabi/9.3.1/thumb/v7e-m/nofp\libgcc.a(_aeabi_uldivmod.o) (__udivmoddi4)
c:/st/stm32cubeide_1.7.0/stm32cubeide/plugins/com.st.stm32cube.ide.mcu.externaltools.gnu-tools-for-stm32.9-2020-q2-update.win32_2.0.0.202105311346/tools/bin/../lib/gcc/arm-none-eabi/9.3.1/thumb/v7e-m/nofp\libgcc.a(_dvmd_tls.o)
                              c:/st/stm32cubeide_1.7.0/stm32cubeide/plugins/com.st.stm32cube.ide.mcu.externaltools.gnu-tools-for-stm32.9-2020-q2-update.win32_2.0.0.202105311346/tools/bin/../lib/gcc/arm-none-eabi/9.3.1/thumb/v7e-m/nofp\libgcc.a(_aeabi_uldivmod.o) (__aeabi_ldiv0)

Allocating common symbols
[...]
Memory Configuration

Name             Origin             Length             Attributes
ROM              0x0000000008000000 0x0000000000040000 xr
RAM1             0x0000000020000000 0x0000000000008000 xrw
RAM2             0x0000000020008000 0x0000000000008000 xrw
*default*        0x0000000000000000 0xffffffffffffffff

Linker script and memory map

LOAD c:/st/stm32cubeide_1.7.0/stm32cubeide/plugins/com.st.stm32cube.ide.mcu.externaltools.gnu-tools-for-stm32.9-2020-q2-update.win32_2.0.0.202105311346/tools/bin/../lib/gcc/arm-none-eabi/9.3.1/thumb/v7e-m/nofp/crti.o
LOAD c:/st/stm32cubeide_1.7.0/stm32cubeide/plugins/com.st.stm32cube.ide.mcu.externaltools.gnu-tools-for-stm32.9-2020-q2-update.win32_2.0.0.202105311346/tools/bin/../lib/gcc/arm-none-eabi/9.3.1/thumb/v7e-m/nofp/crtbegin.o
LOAD c:/st/stm32cubeide_1.7.0/stm32cubeide/plugins/com.st.stm32cube.ide.mcu.externaltools.gnu-tools-for-stm32.9-2020-q2-update.win32_2.0.0.202105311346/tools/bin/../lib/gcc/arm-none-eabi/9.3.1/../../../../arm-none-eabi/lib/thumb/v7e-m/nofp/crt0.o
LOAD ./Application/App/app_subghz_phy.o
LOAD ./Application/App/subghz_phy_app.o
LOAD ./Application/Core/board_resources.o
LOAD ./Application/Core/dma.o
LOAD ./Application/Core/main.o
LOAD ./Application/Core/rtc.o
LOAD ./Application/Core/stm32_lpm_if.o
LOAD ./Application/Core/stm32wlxx_hal_msp.o
LOAD ./Application/Core/stm32wlxx_it.o
LOAD ./Application/Core/subghz.o
LOAD ./Application/Core/sys_app.o
LOAD ./Application/Core/sys_debug.o
LOAD ./Application/Core/syscalls.o
LOAD ./Application/Core/sysmem.o
LOAD ./Application/Core/timer_if.o
LOAD ./Application/Core/usart.o
LOAD ./Application/Core/usart_if.o
LOAD ./Application/Startup/startup_stm32wl55jcix.o
LOAD ./Application/Target/radio_board_if.o
LOAD ./Drivers/CMSIS/system_stm32wlxx.o
LOAD ./Drivers/STM32WLxx_HAL_Driver/stm32wlxx_hal.o
LOAD ./Drivers/STM32WLxx_HAL_Driver/stm32wlxx_hal_cortex.o
LOAD ./Drivers/STM32WLxx_HAL_Driver/stm32wlxx_hal_dma.o
LOAD ./Drivers/STM32WLxx_HAL_Driver/stm32wlxx_hal_dma_ex.o
LOAD ./Drivers/STM32WLxx_HAL_Driver/stm32wlxx_hal_exti.o
LOAD ./Drivers/STM32WLxx_HAL_Driver/stm32wlxx_hal_flash.o
LOAD ./Drivers/STM32WLxx_HAL_Driver/stm32wlxx_hal_flash_ex.o
LOAD ./Drivers/STM32WLxx_HAL_Driver/stm32wlxx_hal_gpio.o
LOAD ./Drivers/STM32WLxx_HAL_Driver/stm32wlxx_hal_pwr.o
LOAD ./Drivers/STM32WLxx_HAL_Driver/stm32wlxx_hal_pwr_ex.o
LOAD ./Drivers/STM32WLxx_HAL_Driver/stm32wlxx_hal_rcc.o
LOAD ./Drivers/STM32WLxx_HAL_Driver/stm32wlxx_hal_rcc_ex.o
LOAD ./Drivers/STM32WLxx_HAL_Driver/stm32wlxx_hal_rtc.o
LOAD ./Drivers/STM32WLxx_HAL_Driver/stm32wlxx_hal_rtc_ex.o
LOAD ./Drivers/STM32WLxx_HAL_Driver/stm32wlxx_hal_subghz.o
LOAD ./Drivers/STM32WLxx_HAL_Driver/stm32wlxx_hal_tim.o
LOAD ./Drivers/STM32WLxx_HAL_Driver/stm32wlxx_hal_tim_ex.o
LOAD ./Drivers/STM32WLxx_HAL_Driver/stm32wlxx_hal_uart.o
LOAD ./Drivers/STM32WLxx_HAL_Driver/stm32wlxx_hal_uart_ex.o
LOAD ./Middlewares/SubGHz_Phy/radio.o
LOAD ./Middlewares/SubGHz_Phy/radio_driver.o
LOAD ./Utilities/stm32_adv_trace.o
LOAD ./Utilities/stm32_lpm.o
LOAD ./Utilities/stm32_mem.o
LOAD ./Utilities/stm32_seq.o
LOAD ./Utilities/stm32_systime.o
LOAD ./Utilities/stm32_timer.o
LOAD ./Utilities/stm32_tiny_vsnprintf.o
START GROUP
LOAD c:/st/stm32cubeide_1.7.0/stm32cubeide/plugins/com.st.stm32cube.ide.mcu.externaltools.gnu-tools-for-stm32.9-2020-q2-update.win32_2.0.0.202105311346/tools/bin/../lib/gcc/arm-none-eabi/9.3.1/../../../../arm-none-eabi/lib/thumb/v7e-m/nofp\libc_nano.a
LOAD c:/st/stm32cubeide_1.7.0/stm32cubeide/plugins/com.st.stm32cube.ide.mcu.externaltools.gnu-tools-for-stm32.9-2020-q2-update.win32_2.0.0.202105311346/tools/bin/../lib/gcc/arm-none-eabi/9.3.1/../../../../arm-none-eabi/lib/thumb/v7e-m/nofp\libm.a
END GROUP
START GROUP
LOAD c:/st/stm32cubeide_1.7.0/stm32cubeide/plugins/com.st.stm32cube.ide.mcu.externaltools.gnu-tools-for-stm32.9-2020-q2-update.win32_2.0.0.202105311346/tools/bin/../lib/gcc/arm-none-eabi/9.3.1/thumb/v7e-m/nofp\libgcc.a
LOAD c:/st/stm32cubeide_1.7.0/stm32cubeide/plugins/com.st.stm32cube.ide.mcu.externaltools.gnu-tools-for-stm32.9-2020-q2-update.win32_2.0.0.202105311346/tools/bin/../lib/gcc/arm-none-eabi/9.3.1/../../../../arm-none-eabi/lib/thumb/v7e-m/nofp\libc_nano.a
END GROUP
START GROUP
LOAD c:/st/stm32cubeide_1.7.0/stm32cubeide/plugins/com.st.stm32cube.ide.mcu.externaltools.gnu-tools-for-stm32.9-2020-q2-update.win32_2.0.0.202105311346/tools/bin/../lib/gcc/arm-none-eabi/9.3.1/thumb/v7e-m/nofp\libgcc.a
LOAD c:/st/stm32cubeide_1.7.0/stm32cubeide/plugins/com.st.stm32cube.ide.mcu.externaltools.gnu-tools-for-stm32.9-2020-q2-update.win32_2.0.0.202105311346/tools/bin/../lib/gcc/arm-none-eabi/9.3.1/../../../../arm-none-eabi/lib/thumb/v7e-m/nofp\libc_nano.a
LOAD c:/st/stm32cubeide_1.7.0/stm32cubeide/plugins/com.st.stm32cube.ide.mcu.externaltools.gnu-tools-for-stm32.9-2020-q2-update.win32_2.0.0.202105311346/tools/bin/../lib/gcc/arm-none-eabi/9.3.1/../../../../arm-none-eabi/lib/thumb/v7e-m/nofp\libnosys.a
END GROUP
START GROUP
LOAD c:/st/stm32cubeide_1.7.0/stm32cubeide/plugins/com.st.stm32cube.ide.mcu.externaltools.gnu-tools-for-stm32.9-2020-q2-update.win32_2.0.0.202105311346/tools/bin/../lib/gcc/arm-none-eabi/9.3.1/thumb/v7e-m/nofp\libgcc.a
LOAD c:/st/stm32cubeide_1.7.0/stm32cubeide/plugins/com.st.stm32cube.ide.mcu.externaltools.gnu-tools-for-stm32.9-2020-q2-update.win32_2.0.0.202105311346/tools/bin/../lib/gcc/arm-none-eabi/9.3.1/../../../../arm-none-eabi/lib/thumb/v7e-m/nofp\libc_nano.a
LOAD c:/st/stm32cubeide_1.7.0/stm32cubeide/plugins/com.st.stm32cube.ide.mcu.externaltools.gnu-tools-for-stm32.9-2020-q2-update.win32_2.0.0.202105311346/tools/bin/../lib/gcc/arm-none-eabi/9.3.1/../../../../arm-none-eabi/lib/thumb/v7e-m/nofp\libnosys.a
END GROUP
LOAD c:/st/stm32cubeide_1.7.0/stm32cubeide/plugins/com.st.stm32cube.ide.mcu.externaltools.gnu-tools-for-stm32.9-2020-q2-update.win32_2.0.0.202105311346/tools/bin/../lib/gcc/arm-none-eabi/9.3.1/thumb/v7e-m/nofp/crtend.o
LOAD c:/st/stm32cubeide_1.7.0/stm32cubeide/plugins/com.st.stm32cube.ide.mcu.externaltools.gnu-tools-for-stm32.9-2020-q2-update.win32_2.0.0.202105311346/tools/bin/../lib/gcc/arm-none-eabi/9.3.1/thumb/v7e-m/nofp/crtn.o
                0x0000000020008000                _estack = (ORIGIN (RAM1) + LENGTH (RAM1))
                0x0000000000000200                _Min_Heap_Size = 0x200
                0x0000000000000800                _Min_Stack_Size = 0x800

.isr_vector     0x0000000008000000      0x138
                0x0000000008000000                . = ALIGN (0x8)
 *(.isr_vector)
 .isr_vector    0x0000000008000000      0x138 ./Application/Startup/startup_stm32wl55jcix.o
                0x0000000008000000                g_pfnVectors
                0x0000000008000138                . = ALIGN (0x8)

.text           0x0000000008000138     0xb0f0
                0x0000000008000138                . = ALIGN (0x8)
 *(.text)
 .text          0x0000000008000138       0x40 c:/st/stm32cubeide_1.7.0/stm32cubeide/plugins/com.st.stm32cube.ide.mcu.externaltools.gnu-tools-for-stm32.9-2020-q2-update.win32_2.0.0.202105311346/tools/bin/../lib/gcc/arm-none-eabi/9.3.1/thumb/v7e-m/nofp/crtbegin.o
 .text          0x0000000008000178       0x10 c:/st/stm32cubeide_1.7.0/stm32cubeide/plugins/com.st.stm32cube.ide.mcu.externaltools.gnu-tools-for-stm32.9-2020-q2-update.win32_2.0.0.202105311346/tools/bin/../lib/gcc/arm-none-eabi/9.3.1/../../../../arm-none-eabi/lib/thumb/v7e-m/nofp\libc_nano.a(lib_a-strlen.o)
                0x0000000008000178                strlen
 .text          0x0000000008000188       0x30 c:/st/stm32cubeide_1.7.0/stm32cubeide/plugins/com.st.stm32cube.ide.mcu.externaltools.gnu-tools-for-stm32.9-2020-q2-update.win32_2.0.0.202105311346/tools/bin/../lib/gcc/arm-none-eabi/9.3.1/thumb/v7e-m/nofp\libgcc.a(_aeabi_uldivmod.o)
                0x0000000008000188                __aeabi_uldivmod
 .text          0x00000000080001b8      0x2c0 c:/st/stm32cubeide_1.7.0/stm32cubeide/plugins/com.st.stm32cube.ide.mcu.externaltools.gnu-tools-for-stm32.9-2020-q2-update.win32_2.0.0.202105311346/tools/bin/../lib/gcc/arm-none-eabi/9.3.1/thumb/v7e-m/nofp\libgcc.a(_udivmoddi4.o)
                0x00000000080001b8                __udivmoddi4
 .text          0x0000000008000478        0x4 c:/st/stm32cubeide_1.7.0/stm32cubeide/plugins/com.st.stm32cube.ide.mcu.externaltools.gnu-tools-for-stm32.9-2020-q2-update.win32_2.0.0.202105311346/tools/bin/../lib/gcc/arm-none-eabi/9.3.1/thumb/v7e-m/nofp\libgcc.a(_dvmd_tls.o)
                0x0000000008000478                __aeabi_idiv0
                0x0000000008000478                __aeabi_ldiv0
 *(.text*)
 .text.MX_SubGHz_Phy_Init
                0x000000000800047c       0x10 ./Application/App/app_subghz_phy.o
                0x000000000800047c                MX_SubGHz_Phy_Init
 .text.MX_SubGHz_Phy_Process
                0x000000000800048c       0x10 ./Application/App/app_subghz_phy.o
                0x000000000800048c                MX_SubGHz_Phy_Process
 .text.SubghzApp_Init
                0x000000000800049c      0x11c ./Application/App/subghz_phy_app.o
                0x000000000800049c                SubghzApp_Init
 .text.PingPong_Process
                0x00000000080005b8      0x114 ./Application/App/subghz_phy_app.o
 .text.OnTxDone
                0x00000000080006cc       0x24 ./Application/App/subghz_phy_app.o
 .text.OnRxDone
                0x00000000080006f0       0x70 ./Application/App/subghz_phy_app.o
 .text.OnTxTimeout
                0x0000000008000760       0x24 ./Application/App/subghz_phy_app.o
 .text.OnRxTimeout
                0x0000000008000784       0x24 ./Application/App/subghz_phy_app.o
 .text.OnRxError
                0x00000000080007a8       0x24 ./Application/App/subghz_phy_app.o
 .text.OnledEvent
                0x00000000080007cc       0x28 ./Application/App/subghz_phy_app.o
 .text.LL_AHB2_GRP1_EnableClock
                0x00000000080007f4       0x30 ./Application/Core/board_resources.o
 .text.SYS_LED_Init
                0x0000000008000824       0x74 ./Application/Core/board_resources.o
                0x0000000008000824                SYS_LED_Init
 .text.SYS_LED_Toggle
                0x0000000008000898       0x34 ./Application/Core/board_resources.o
                0x0000000008000898                SYS_LED_Toggle
 .text.LL_AHB1_GRP1_EnableClock
                0x00000000080008cc       0x30 ./Application/Core/dma.o
 .text.MX_DMA_Init
                0x00000000080008fc       0x24 ./Application/Core/dma.o
                0x00000000080008fc                MX_DMA_Init
 .text.LL_RCC_LSE_SetDriveCapability
                0x0000000008000920       0x2a ./Application/Core/main.o
 .text.LL_AHB2_GRP1_EnableClock
                0x000000000800094a       0x30 ./Application/Core/main.o
 *fill*         0x000000000800097a        0x2 
 .text.main     0x000000000800097c       0x28 ./Application/Core/main.o
                0x000000000800097c                main
 .text.SystemClock_Config
                0x00000000080009a4       0xac ./Application/Core/main.o
                0x00000000080009a4                SystemClock_Config
 .text.RD_button_detect
                0x0000000008000a50       0x50 ./Application/Core/main.o
                0x0000000008000a50                RD_button_detect
 .text.RD_GPIO_Init
                0x0000000008000aa0       0x40 ./Application/Core/main.o
                0x0000000008000aa0                RD_GPIO_Init
 .text.Error_Handler
                0x0000000008000ae0        0x6 ./Application/Core/main.o
                0x0000000008000ae0                Error_Handler
 .text.LL_RCC_EnableRTC
                0x0000000008000ae6       0x20 ./Application/Core/rtc.o
 .text.LL_APB1_GRP1_EnableClock
                0x0000000008000b06       0x30 ./Application/Core/rtc.o
 *fill*         0x0000000008000b36        0x2 
 .text.MX_RTC_Init
                0x0000000008000b38       0xa4 ./Application/Core/rtc.o
                0x0000000008000b38                MX_RTC_Init
 .text.HAL_RTC_MspInit
                0x0000000008000bdc       0x78 ./Application/Core/rtc.o
                0x0000000008000bdc                HAL_RTC_MspInit
 .text.LL_PWR_ClearFlag_C1STOP_C1STB
                0x0000000008000c54       0x18 ./Application/Core/stm32_lpm_if.o
 .text.PWR_EnterOffMode
                0x0000000008000c6c        0xc ./Application/Core/stm32_lpm_if.o
                0x0000000008000c6c                PWR_EnterOffMode
 .text.PWR_ExitOffMode
                0x0000000008000c78        0xc ./Application/Core/stm32_lpm_if.o
                0x0000000008000c78                PWR_ExitOffMode
 .text.PWR_EnterStopMode
                0x0000000008000c84       0x16 ./Application/Core/stm32_lpm_if.o
                0x0000000008000c84                PWR_EnterStopMode
 .text.PWR_ExitStopMode
                0x0000000008000c9a       0x10 ./Application/Core/stm32_lpm_if.o
                0x0000000008000c9a                PWR_ExitStopMode
 .text.PWR_EnterSleepMode
                0x0000000008000caa       0x14 ./Application/Core/stm32_lpm_if.o
                0x0000000008000caa                PWR_EnterSleepMode
 .text.PWR_ExitSleepMode
                0x0000000008000cbe        0xc ./Application/Core/stm32_lpm_if.o
                0x0000000008000cbe                PWR_ExitSleepMode
 .text.HAL_MspInit
                0x0000000008000cca        0xc ./Application/Core/stm32wlxx_hal_msp.o
                0x0000000008000cca                HAL_MspInit
 .text.NMI_Handler
                0x0000000008000cd6        0xc ./Application/Core/stm32wlxx_it.o
                0x0000000008000cd6                NMI_Handler
 .text.HardFault_Handler
                0x0000000008000ce2        0x6 ./Application/Core/stm32wlxx_it.o
                0x0000000008000ce2                HardFault_Handler
 .text.MemManage_Handler
                0x0000000008000ce8        0x6 ./Application/Core/stm32wlxx_it.o
                0x0000000008000ce8                MemManage_Handler
 .text.BusFault_Handler
                0x0000000008000cee        0x6 ./Application/Core/stm32wlxx_it.o
                0x0000000008000cee                BusFault_Handler
 .text.UsageFault_Handler
                0x0000000008000cf4        0x6 ./Application/Core/stm32wlxx_it.o
                0x0000000008000cf4                UsageFault_Handler
 .text.SVC_Handler
                0x0000000008000cfa        0xc ./Application/Core/stm32wlxx_it.o
                0x0000000008000cfa                SVC_Handler
 .text.DebugMon_Handler
                0x0000000008000d06        0xc ./Application/Core/stm32wlxx_it.o
                0x0000000008000d06                DebugMon_Handler
 .text.PendSV_Handler
                0x0000000008000d12        0xc ./Application/Core/stm32wlxx_it.o
                0x0000000008000d12                PendSV_Handler
 .text.SysTick_Handler
                0x0000000008000d1e        0xc ./Application/Core/stm32wlxx_it.o
                0x0000000008000d1e                SysTick_Handler
 *fill*         0x0000000008000d2a        0x2 
 .text.TAMP_STAMP_LSECSS_SSRU_IRQHandler
                0x0000000008000d2c       0x14 ./Application/Core/stm32wlxx_it.o
                0x0000000008000d2c                TAMP_STAMP_LSECSS_SSRU_IRQHandler
 .text.DMA1_Channel5_IRQHandler
                0x0000000008000d40       0x14 ./Application/Core/stm32wlxx_it.o
                0x0000000008000d40                DMA1_Channel5_IRQHandler
 .text.USART2_IRQHandler
                0x0000000008000d54       0x14 ./Application/Core/stm32wlxx_it.o
                0x0000000008000d54                USART2_IRQHandler
 .text.RTC_Alarm_IRQHandler
                0x0000000008000d68       0x14 ./Application/Core/stm32wlxx_it.o
                0x0000000008000d68                RTC_Alarm_IRQHandler
 .text.SUBGHZ_Radio_IRQHandler
                0x0000000008000d7c       0x14 ./Application/Core/stm32wlxx_it.o
                0x0000000008000d7c                SUBGHZ_Radio_IRQHandler
 .text.LL_APB3_GRP1_EnableClock
                0x0000000008000d90       0x30 ./Application/Core/subghz.o
 .text.MX_SUBGHZ_Init
                0x0000000008000dc0       0x24 ./Application/Core/subghz.o
                0x0000000008000dc0                MX_SUBGHZ_Init
 .text.HAL_SUBGHZ_MspInit
                0x0000000008000de4       0x26 ./Application/Core/subghz.o
                0x0000000008000de4                HAL_SUBGHZ_MspInit
 .text.LL_RCC_SetClkAfterWakeFromStop
                0x0000000008000e0a       0x26 ./Application/Core/sys_app.o
 .text.LL_AHB2_GRP1_EnableClock
                0x0000000008000e30       0x30 ./Application/Core/sys_app.o
 .text.LL_AHB2_GRP1_DisableClock
                0x0000000008000e60       0x24 ./Application/Core/sys_app.o
 .text.SystemApp_Init
                0x0000000008000e84       0x44 ./Application/Core/sys_app.o
                0x0000000008000e84                SystemApp_Init
 .text.UTIL_SEQ_Idle
                0x0000000008000ec8        0xc ./Application/Core/sys_app.o
                0x0000000008000ec8                UTIL_SEQ_Idle
 .text.TimestampNow
                0x0000000008000ed4       0x40 ./Application/Core/sys_app.o
 .text.Gpio_PreInit
                0x0000000008000f14       0x98 ./Application/Core/sys_app.o
 .text.UTIL_ADV_TRACE_PreSendHook
                0x0000000008000fac       0x10 ./Application/Core/sys_app.o
                0x0000000008000fac                UTIL_ADV_TRACE_PreSendHook
 .text.UTIL_ADV_TRACE_PostSendHook
                0x0000000008000fbc       0x10 ./Application/Core/sys_app.o
                0x0000000008000fbc                UTIL_ADV_TRACE_PostSendHook
 .text.tiny_snprintf_like
                0x0000000008000fcc       0x2c ./Application/Core/sys_app.o
 .text.HAL_InitTick
                0x0000000008000ff8       0x14 ./Application/Core/sys_app.o
                0x0000000008000ff8                HAL_InitTick
 .text.HAL_GetTick
                0x000000000800100c        0xe ./Application/Core/sys_app.o
                0x000000000800100c                HAL_GetTick
 .text.HAL_Delay
                0x000000000800101a       0x18 ./Application/Core/sys_app.o
                0x000000000800101a                HAL_Delay
 .text.LL_AHB2_GRP1_EnableClock
                0x0000000008001032       0x30 ./Application/Core/sys_debug.o
 *fill*         0x0000000008001062        0x2 
 .text.LL_EXTI_EnableIT_32_63
                0x0000000008001064       0x28 ./Application/Core/sys_debug.o
 .text.DBG_Init
                0x000000000800108c      0x11c ./Application/Core/sys_debug.o
                0x000000000800108c                DBG_Init
 .text.LL_RTC_TIME_GetSubSecond
                0x00000000080011a8       0x16 ./Application/Core/timer_if.o
 *fill*         0x00000000080011be        0x2 
 .text.TIMER_IF_Init
                0x00000000080011c0       0x64 ./Application/Core/timer_if.o
                0x00000000080011c0                TIMER_IF_Init
 .text.TIMER_IF_StartTimer
                0x0000000008001224       0x70 ./Application/Core/timer_if.o
                0x0000000008001224                TIMER_IF_StartTimer
 .text.TIMER_IF_StopTimer
                0x0000000008001294       0x34 ./Application/Core/timer_if.o
                0x0000000008001294                TIMER_IF_StopTimer
 .text.TIMER_IF_SetTimerContext
                0x00000000080012c8       0x1c ./Application/Core/timer_if.o
                0x00000000080012c8                TIMER_IF_SetTimerContext
 .text.TIMER_IF_GetTimerContext
                0x00000000080012e4       0x14 ./Application/Core/timer_if.o
                0x00000000080012e4                TIMER_IF_GetTimerContext
 .text.TIMER_IF_GetTimerElapsedTime
                0x00000000080012f8       0x18 ./Application/Core/timer_if.o
                0x00000000080012f8                TIMER_IF_GetTimerElapsedTime
 .text.TIMER_IF_GetTimerValue
                0x0000000008001310       0x20 ./Application/Core/timer_if.o
                0x0000000008001310                TIMER_IF_GetTimerValue
 .text.TIMER_IF_GetMinimumTimeout
                0x0000000008001330        0xe ./Application/Core/timer_if.o
                0x0000000008001330                TIMER_IF_GetMinimumTimeout
 .text.TIMER_IF_Convert_ms2Tick
                0x000000000800133e       0x32 ./Application/Core/timer_if.o
                0x000000000800133e                TIMER_IF_Convert_ms2Tick
 .text.TIMER_IF_Convert_Tick2ms
                0x0000000008001370       0x7c ./Application/Core/timer_if.o
                0x0000000008001370                TIMER_IF_Convert_Tick2ms
 .text.TIMER_IF_DelayMs
                0x00000000080013ec       0x34 ./Application/Core/timer_if.o
                0x00000000080013ec                TIMER_IF_DelayMs
 .text.HAL_RTC_AlarmAEventCallback
                0x0000000008001420       0x14 ./Application/Core/timer_if.o
                0x0000000008001420                HAL_RTC_AlarmAEventCallback
 .text.HAL_RTCEx_SSRUEventCallback
                0x0000000008001434       0x20 ./Application/Core/timer_if.o
                0x0000000008001434                HAL_RTCEx_SSRUEventCallback
 .text.TIMER_IF_GetTime
                0x0000000008001454       0x8e ./Application/Core/timer_if.o
                0x0000000008001454                TIMER_IF_GetTime
 *fill*         0x00000000080014e2        0x2 
 .text.TIMER_IF_BkUp_Write_Seconds
                0x00000000080014e4       0x20 ./Application/Core/timer_if.o
                0x00000000080014e4                TIMER_IF_BkUp_Write_Seconds
 .text.TIMER_IF_BkUp_Write_SubSeconds
                0x0000000008001504       0x20 ./Application/Core/timer_if.o
                0x0000000008001504                TIMER_IF_BkUp_Write_SubSeconds
 .text.TIMER_IF_BkUp_Read_Seconds
                0x0000000008001524       0x18 ./Application/Core/timer_if.o
                0x0000000008001524                TIMER_IF_BkUp_Read_Seconds
 .text.TIMER_IF_BkUp_Read_SubSeconds
                0x000000000800153c       0x18 ./Application/Core/timer_if.o
                0x000000000800153c                TIMER_IF_BkUp_Read_SubSeconds
 .text.TIMER_IF_BkUp_Write_MSBticks
                0x0000000008001554       0x20 ./Application/Core/timer_if.o
 .text.TIMER_IF_BkUp_Read_MSBticks
                0x0000000008001574       0x20 ./Application/Core/timer_if.o
 .text.GetTimerTicks
                0x0000000008001594       0x18 ./Application/Core/timer_if.o
 .text.LL_AHB2_GRP1_EnableClock
                0x00000000080015ac       0x30 ./Application/Core/usart.o
 .text.LL_APB1_GRP1_EnableClock
                0x00000000080015dc       0x30 ./Application/Core/usart.o
 .text.LL_APB1_GRP1_DisableClock
                0x000000000800160c       0x24 ./Application/Core/usart.o
 .text.MX_USART2_UART_Init
                0x0000000008001630       0x98 ./Application/Core/usart.o
                0x0000000008001630                MX_USART2_UART_Init
 .text.HAL_UART_MspInit
                0x00000000080016c8      0x108 ./Application/Core/usart.o
                0x00000000080016c8                HAL_UART_MspInit
 .text.HAL_UART_MspDeInit
                0x00000000080017d0       0x40 ./Application/Core/usart.o
                0x00000000080017d0                HAL_UART_MspDeInit
 .text.LL_APB1_GRP1_ForceReset
                0x0000000008001810       0x22 ./Application/Core/usart_if.o
 .text.LL_APB1_GRP1_ReleaseReset
                0x0000000008001832       0x24 ./Application/Core/usart_if.o
 *fill*         0x0000000008001856        0x2 
 .text.LL_EXTI_EnableIT_0_31
                0x0000000008001858       0x28 ./Application/Core/usart_if.o
 .text.vcom_Init
                0x0000000008001880       0x2c ./Application/Core/usart_if.o
                0x0000000008001880                vcom_Init
 .text.vcom_DeInit
                0x00000000080018ac       0x2c ./Application/Core/usart_if.o
                0x00000000080018ac                vcom_DeInit
 .text.vcom_Trace_DMA
                0x00000000080018d8       0x28 ./Application/Core/usart_if.o
                0x00000000080018d8                vcom_Trace_DMA
 .text.vcom_ReceiveInit
                0x0000000008001900       0x7c ./Application/Core/usart_if.o
                0x0000000008001900                vcom_ReceiveInit
 .text.vcom_Resume
                0x000000000800197c       0x30 ./Application/Core/usart_if.o
                0x000000000800197c                vcom_Resume
 .text.HAL_UART_TxCpltCallback
                0x00000000080019ac       0x1c ./Application/Core/usart_if.o
                0x00000000080019ac                HAL_UART_TxCpltCallback
 .text.HAL_UART_RxCpltCallback
                0x00000000080019c8       0x40 ./Application/Core/usart_if.o
                0x00000000080019c8                HAL_UART_RxCpltCallback
 .text.Reset_Handler
                0x0000000008001a08       0x50 ./Application/Startup/startup_stm32wl55jcix.o
                0x0000000008001a08                Reset_Handler
 .text.Default_Handler
                0x0000000008001a58        0x2 ./Application/Startup/startup_stm32wl55jcix.o
                0x0000000008001a58                EXTI2_IRQHandler
                0x0000000008001a58                TIM1_CC_IRQHandler
                0x0000000008001a58                EXTI3_IRQHandler
                0x0000000008001a58                LPTIM2_IRQHandler
                0x0000000008001a58                I2C3_ER_IRQHandler
                0x0000000008001a58                LPTIM3_IRQHandler
                0x0000000008001a58                EXTI0_IRQHandler
                0x0000000008001a58                I2C2_EV_IRQHandler
                0x0000000008001a58                SPI1_IRQHandler
                0x0000000008001a58                DMA2_Channel2_IRQHandler
                0x0000000008001a58                DMA1_Channel4_IRQHandler
                0x0000000008001a58                PKA_IRQHandler
                0x0000000008001a58                TIM17_IRQHandler
                0x0000000008001a58                DMA1_Channel7_IRQHandler
                0x0000000008001a58                SUBGHZSPI_IRQHandler
                0x0000000008001a58                IPCC_C1_TX_IRQHandler
                0x0000000008001a58                DMA2_Channel1_IRQHandler
                0x0000000008001a58                I2C1_EV_IRQHandler
                0x0000000008001a58                DMAMUX1_OVR_IRQHandler
                0x0000000008001a58                DMA1_Channel6_IRQHandler
                0x0000000008001a58                TIM16_IRQHandler
                0x0000000008001a58                DMA2_Channel4_IRQHandler
                0x0000000008001a58                RCC_IRQHandler
                0x0000000008001a58                TIM1_TRG_COM_IRQHandler
                0x0000000008001a58                DMA1_Channel1_IRQHandler
                0x0000000008001a58                Default_Handler
                0x0000000008001a58                DMA2_Channel7_IRQHandler
                0x0000000008001a58                EXTI15_10_IRQHandler
                0x0000000008001a58                IPCC_C1_RX_IRQHandler
                0x0000000008001a58                ADC_IRQHandler
                0x0000000008001a58                C2SEV_PWR_C2H_IRQHandler
                0x0000000008001a58                I2C3_EV_IRQHandler
                0x0000000008001a58                EXTI9_5_IRQHandler
                0x0000000008001a58                RTC_WKUP_IRQHandler
                0x0000000008001a58                PVD_PVM_IRQHandler
                0x0000000008001a58                SPI2_IRQHandler
                0x0000000008001a58                DMA2_Channel5_IRQHandler
                0x0000000008001a58                EXTI4_IRQHandler
                0x0000000008001a58                RNG_IRQHandler
                0x0000000008001a58                DMA1_Channel3_IRQHandler
                0x0000000008001a58                COMP_IRQHandler
                0x0000000008001a58                HSEM_IRQHandler
                0x0000000008001a58                TIM1_UP_IRQHandler
                0x0000000008001a58                WWDG_IRQHandler
                0x0000000008001a58                LPUART1_IRQHandler
                0x0000000008001a58                DMA2_Channel6_IRQHandler
                0x0000000008001a58                TIM2_IRQHandler
                0x0000000008001a58                TIM1_BRK_IRQHandler
                0x0000000008001a58                DAC_IRQHandler
                0x0000000008001a58                EXTI1_IRQHandler
                0x0000000008001a58                AES_IRQHandler
                0x0000000008001a58                I2C2_ER_IRQHandler
                0x0000000008001a58                DMA1_Channel2_IRQHandler
                0x0000000008001a58                FLASH_IRQHandler
                0x0000000008001a58                USART1_IRQHandler
                0x0000000008001a58                I2C1_ER_IRQHandler
                0x0000000008001a58                LPTIM1_IRQHandler
                0x0000000008001a58                DMA2_Channel3_IRQHandler
 .text.LL_AHB2_GRP1_EnableClock
                0x0000000008001a5a       0x30 ./Application/Target/radio_board_if.o
 *fill*         0x0000000008001a8a        0x2 
 .text.RBI_Init
                0x0000000008001a8c       0x7c ./Application/Target/radio_board_if.o
                0x0000000008001a8c                RBI_Init
 .text.RBI_ConfigRFSwitch
                0x0000000008001b08       0xb8 ./Application/Target/radio_board_if.o
                0x0000000008001b08                RBI_ConfigRFSwitch
 .text.RBI_GetTxConfig
                0x0000000008001bc0        0xe ./Application/Target/radio_board_if.o
                0x0000000008001bc0                RBI_GetTxConfig
 .text.RBI_GetWakeUpTime
                0x0000000008001bce        0xe ./Application/Target/radio_board_if.o
                0x0000000008001bce                RBI_GetWakeUpTime
 .text.RBI_IsTCXO
                0x0000000008001bdc        0xe ./Application/Target/radio_board_if.o
                0x0000000008001bdc                RBI_IsTCXO
 .text.RBI_IsDCDC
                0x0000000008001bea        0xe ./Application/Target/radio_board_if.o
                0x0000000008001bea                RBI_IsDCDC
 .text.SystemInit
                0x0000000008001bf8        0xc ./Drivers/CMSIS/system_stm32wlxx.o
                0x0000000008001bf8                SystemInit
 .text.LL_DBGMCU_EnableDBGSleepMode
                0x0000000008001c04       0x1c ./Drivers/STM32WLxx_HAL_Driver/stm32wlxx_hal.o
 .text.LL_DBGMCU_EnableDBGStopMode
                0x0000000008001c20       0x1c ./Drivers/STM32WLxx_HAL_Driver/stm32wlxx_hal.o
 .text.LL_DBGMCU_EnableDBGStandbyMode
                0x0000000008001c3c       0x1c ./Drivers/STM32WLxx_HAL_Driver/stm32wlxx_hal.o
 .text.HAL_Init
                0x0000000008001c58       0x40 ./Drivers/STM32WLxx_HAL_Driver/stm32wlxx_hal.o
                0x0000000008001c58                HAL_Init
 .text.HAL_IncTick
                0x0000000008001c98       0x24 ./Drivers/STM32WLxx_HAL_Driver/stm32wlxx_hal.o
                0x0000000008001c98                HAL_IncTick
 .text.HAL_SuspendTick
                0x0000000008001cbc       0x1c ./Drivers/STM32WLxx_HAL_Driver/stm32wlxx_hal.o
                0x0000000008001cbc                HAL_SuspendTick
 .text.HAL_ResumeTick
                0x0000000008001cd8       0x1c ./Drivers/STM32WLxx_HAL_Driver/stm32wlxx_hal.o
                0x0000000008001cd8                HAL_ResumeTick
 .text.HAL_DBGMCU_EnableDBGSleepMode
                0x0000000008001cf4        0xc ./Drivers/STM32WLxx_HAL_Driver/stm32wlxx_hal.o
                0x0000000008001cf4                HAL_DBGMCU_EnableDBGSleepMode
 .text.HAL_DBGMCU_EnableDBGStopMode
                0x0000000008001d00        0xc ./Drivers/STM32WLxx_HAL_Driver/stm32wlxx_hal.o
                0x0000000008001d00                HAL_DBGMCU_EnableDBGStopMode
 .text.HAL_DBGMCU_EnableDBGStandbyMode
                0x0000000008001d0c        0xc ./Drivers/STM32WLxx_HAL_Driver/stm32wlxx_hal.o
                0x0000000008001d0c                HAL_DBGMCU_EnableDBGStandbyMode
 .text.__NVIC_SetPriorityGrouping
                0x0000000008001d18       0x48 ./Drivers/STM32WLxx_HAL_Driver/stm32wlxx_hal_cortex.o
 .text.__NVIC_GetPriorityGrouping
                0x0000000008001d60       0x1c ./Drivers/STM32WLxx_HAL_Driver/stm32wlxx_hal_cortex.o
 .text.__NVIC_EnableIRQ
                0x0000000008001d7c       0x38 ./Drivers/STM32WLxx_HAL_Driver/stm32wlxx_hal_cortex.o
 .text.__NVIC_DisableIRQ
                0x0000000008001db4       0x48 ./Drivers/STM32WLxx_HAL_Driver/stm32wlxx_hal_cortex.o
 .text.__NVIC_SetPriority
                0x0000000008001dfc       0x54 ./Drivers/STM32WLxx_HAL_Driver/stm32wlxx_hal_cortex.o
 .text.NVIC_EncodePriority
                0x0000000008001e50       0x64 ./Drivers/STM32WLxx_HAL_Driver/stm32wlxx_hal_cortex.o
 .text.HAL_NVIC_SetPriorityGrouping
                0x0000000008001eb4       0x16 ./Drivers/STM32WLxx_HAL_Driver/stm32wlxx_hal_cortex.o
                0x0000000008001eb4                HAL_NVIC_SetPriorityGrouping
 .text.HAL_NVIC_SetPriority
                0x0000000008001eca       0x34 ./Drivers/STM32WLxx_HAL_Driver/stm32wlxx_hal_cortex.o
                0x0000000008001eca                HAL_NVIC_SetPriority
 .text.HAL_NVIC_EnableIRQ
                0x0000000008001efe       0x1c ./Drivers/STM32WLxx_HAL_Driver/stm32wlxx_hal_cortex.o
                0x0000000008001efe                HAL_NVIC_EnableIRQ
 .text.HAL_NVIC_DisableIRQ
                0x0000000008001f1a       0x1c ./Drivers/STM32WLxx_HAL_Driver/stm32wlxx_hal_cortex.o
                0x0000000008001f1a                HAL_NVIC_DisableIRQ
 *fill*         0x0000000008001f36        0x2 
 .text.HAL_DMA_Init
                0x0000000008001f38      0x150 ./Drivers/STM32WLxx_HAL_Driver/stm32wlxx_hal_dma.o
                0x0000000008001f38                HAL_DMA_Init
 .text.HAL_DMA_DeInit
                0x0000000008002088      0x12c ./Drivers/STM32WLxx_HAL_Driver/stm32wlxx_hal_dma.o
                0x0000000008002088                HAL_DMA_DeInit
 .text.HAL_DMA_Start_IT
                0x00000000080021b4       0xfc ./Drivers/STM32WLxx_HAL_Driver/stm32wlxx_hal_dma.o
                0x00000000080021b4                HAL_DMA_Start_IT
 .text.HAL_DMA_Abort
                0x00000000080022b0       0xbc ./Drivers/STM32WLxx_HAL_Driver/stm32wlxx_hal_dma.o
                0x00000000080022b0                HAL_DMA_Abort
 .text.HAL_DMA_Abort_IT
                0x000000000800236c       0xbe ./Drivers/STM32WLxx_HAL_Driver/stm32wlxx_hal_dma.o
                0x000000000800236c                HAL_DMA_Abort_IT
 *fill*         0x000000000800242a        0x2 
 .text.HAL_DMA_IRQHandler
                0x000000000800242c      0x18c ./Drivers/STM32WLxx_HAL_Driver/stm32wlxx_hal_dma.o
                0x000000000800242c                HAL_DMA_IRQHandler
 .text.HAL_DMA_ConfigChannelAttributes
                0x00000000080025b8       0x5e ./Drivers/STM32WLxx_HAL_Driver/stm32wlxx_hal_dma.o
                0x00000000080025b8                HAL_DMA_ConfigChannelAttributes
 .text.DMA_SetConfig
                0x0000000008002616       0x7a ./Drivers/STM32WLxx_HAL_Driver/stm32wlxx_hal_dma.o
 .text.DMA_CalcDMAMUXChannelBaseAndMask
                0x0000000008002690       0x90 ./Drivers/STM32WLxx_HAL_Driver/stm32wlxx_hal_dma.o
 .text.DMA_CalcDMAMUXRequestGenBaseAndMask
                0x0000000008002720       0x48 ./Drivers/STM32WLxx_HAL_Driver/stm32wlxx_hal_dma.o
 .text.HAL_GPIO_Init
                0x0000000008002768      0x2c0 ./Drivers/STM32WLxx_HAL_Driver/stm32wlxx_hal_gpio.o
                0x0000000008002768                HAL_GPIO_Init
 .text.HAL_GPIO_DeInit
                0x0000000008002a28      0x19c ./Drivers/STM32WLxx_HAL_Driver/stm32wlxx_hal_gpio.o
                0x0000000008002a28                HAL_GPIO_DeInit
 .text.HAL_GPIO_ReadPin
                0x0000000008002bc4       0x2e ./Drivers/STM32WLxx_HAL_Driver/stm32wlxx_hal_gpio.o
                0x0000000008002bc4                HAL_GPIO_ReadPin
 .text.HAL_GPIO_WritePin
                0x0000000008002bf2       0x2e ./Drivers/STM32WLxx_HAL_Driver/stm32wlxx_hal_gpio.o
                0x0000000008002bf2                HAL_GPIO_WritePin
 .text.HAL_GPIO_TogglePin
                0x0000000008002c20       0x32 ./Drivers/STM32WLxx_HAL_Driver/stm32wlxx_hal_gpio.o
                0x0000000008002c20                HAL_GPIO_TogglePin
 *fill*         0x0000000008002c52        0x2 
 .text.HAL_PWR_EnableBkUpAccess
                0x0000000008002c54       0x1c ./Drivers/STM32WLxx_HAL_Driver/stm32wlxx_hal_pwr.o
                0x0000000008002c54                HAL_PWR_EnableBkUpAccess
 .text.HAL_PWR_EnterSLEEPMode
                0x0000000008002c70       0x68 ./Drivers/STM32WLxx_HAL_Driver/stm32wlxx_hal_pwr.o
                0x0000000008002c70                HAL_PWR_EnterSLEEPMode
 .text.HAL_PWREx_GetVoltageRange
                0x0000000008002cd8       0x18 ./Drivers/STM32WLxx_HAL_Driver/stm32wlxx_hal_pwr_ex.o
                0x0000000008002cd8                HAL_PWREx_GetVoltageRange
 .text.HAL_PWREx_EnableLowPowerRunMode
                0x0000000008002cf0       0x1c ./Drivers/STM32WLxx_HAL_Driver/stm32wlxx_hal_pwr_ex.o
                0x0000000008002cf0                HAL_PWREx_EnableLowPowerRunMode
 .text.HAL_PWREx_DisableLowPowerRunMode
                0x0000000008002d0c       0x6c ./Drivers/STM32WLxx_HAL_Driver/stm32wlxx_hal_pwr_ex.o
                0x0000000008002d0c                HAL_PWREx_DisableLowPowerRunMode
 .text.HAL_PWREx_EnterSTOP2Mode
                0x0000000008002d78       0x54 ./Drivers/STM32WLxx_HAL_Driver/stm32wlxx_hal_pwr_ex.o
                0x0000000008002d78                HAL_PWREx_EnterSTOP2Mode
 .text.LL_PWR_IsEnabledBkUpAccess
                0x0000000008002dcc       0x24 ./Drivers/STM32WLxx_HAL_Driver/stm32wlxx_hal_rcc.o
 .text.LL_RCC_HSE_EnableTcxo
                0x0000000008002df0       0x1c ./Drivers/STM32WLxx_HAL_Driver/stm32wlxx_hal_rcc.o
 .text.LL_RCC_HSE_DisableTcxo
                0x0000000008002e0c       0x1c ./Drivers/STM32WLxx_HAL_Driver/stm32wlxx_hal_rcc.o
 .text.LL_RCC_HSE_IsEnabledDiv2
                0x0000000008002e28       0x22 ./Drivers/STM32WLxx_HAL_Driver/stm32wlxx_hal_rcc.o
 .text.LL_RCC_HSE_Enable
                0x0000000008002e4a       0x1c ./Drivers/STM32WLxx_HAL_Driver/stm32wlxx_hal_rcc.o
 .text.LL_RCC_HSE_Disable
                0x0000000008002e66       0x1c ./Drivers/STM32WLxx_HAL_Driver/stm32wlxx_hal_rcc.o
 .text.LL_RCC_HSE_IsReady
                0x0000000008002e82       0x22 ./Drivers/STM32WLxx_HAL_Driver/stm32wlxx_hal_rcc.o
 .text.LL_RCC_HSI_Enable
                0x0000000008002ea4       0x1c ./Drivers/STM32WLxx_HAL_Driver/stm32wlxx_hal_rcc.o
 .text.LL_RCC_HSI_Disable
                0x0000000008002ec0       0x1c ./Drivers/STM32WLxx_HAL_Driver/stm32wlxx_hal_rcc.o
 .text.LL_RCC_HSI_IsReady
                0x0000000008002edc       0x22 ./Drivers/STM32WLxx_HAL_Driver/stm32wlxx_hal_rcc.o
 .text.LL_RCC_HSI_SetCalibTrimming
                0x0000000008002efe       0x28 ./Drivers/STM32WLxx_HAL_Driver/stm32wlxx_hal_rcc.o
 .text.LL_RCC_LSE_IsReady
                0x0000000008002f26       0x22 ./Drivers/STM32WLxx_HAL_Driver/stm32wlxx_hal_rcc.o
 .text.LL_RCC_LSI_Enable
                0x0000000008002f48       0x20 ./Drivers/STM32WLxx_HAL_Driver/stm32wlxx_hal_rcc.o
 .text.LL_RCC_LSI_Disable
                0x0000000008002f68       0x20 ./Drivers/STM32WLxx_HAL_Driver/stm32wlxx_hal_rcc.o
 .text.LL_RCC_LSI_IsReady
                0x0000000008002f88       0x22 ./Drivers/STM32WLxx_HAL_Driver/stm32wlxx_hal_rcc.o
 .text.LL_RCC_MSI_Enable
                0x0000000008002faa       0x1c ./Drivers/STM32WLxx_HAL_Driver/stm32wlxx_hal_rcc.o
 .text.LL_RCC_MSI_Disable
                0x0000000008002fc6       0x1c ./Drivers/STM32WLxx_HAL_Driver/stm32wlxx_hal_rcc.o
 .text.LL_RCC_MSI_IsReady
                0x0000000008002fe2       0x20 ./Drivers/STM32WLxx_HAL_Driver/stm32wlxx_hal_rcc.o
 .text.LL_RCC_MSI_IsEnabledRangeSelect
                0x0000000008003002       0x20 ./Drivers/STM32WLxx_HAL_Driver/stm32wlxx_hal_rcc.o
 .text.LL_RCC_MSI_GetRange
                0x0000000008003022       0x16 ./Drivers/STM32WLxx_HAL_Driver/stm32wlxx_hal_rcc.o
 .text.LL_RCC_MSI_GetRangeAfterStandby
                0x0000000008003038       0x18 ./Drivers/STM32WLxx_HAL_Driver/stm32wlxx_hal_rcc.o
 .text.LL_RCC_MSI_SetCalibTrimming
                0x0000000008003050       0x28 ./Drivers/STM32WLxx_HAL_Driver/stm32wlxx_hal_rcc.o
 .text.LL_RCC_SetSysClkSource
                0x0000000008003078       0x26 ./Drivers/STM32WLxx_HAL_Driver/stm32wlxx_hal_rcc.o
 .text.LL_RCC_GetSysClkSource
                0x000000000800309e       0x16 ./Drivers/STM32WLxx_HAL_Driver/stm32wlxx_hal_rcc.o
 .text.LL_RCC_SetAHBPrescaler
                0x00000000080030b4       0x26 ./Drivers/STM32WLxx_HAL_Driver/stm32wlxx_hal_rcc.o
 .text.LL_C2_RCC_SetAHBPrescaler
                0x00000000080030da       0x2a ./Drivers/STM32WLxx_HAL_Driver/stm32wlxx_hal_rcc.o
 .text.LL_RCC_SetAHB3Prescaler
                0x0000000008003104       0x2c ./Drivers/STM32WLxx_HAL_Driver/stm32wlxx_hal_rcc.o
 .text.LL_RCC_SetAPB1Prescaler
                0x0000000008003130       0x26 ./Drivers/STM32WLxx_HAL_Driver/stm32wlxx_hal_rcc.o
 .text.LL_RCC_SetAPB2Prescaler
                0x0000000008003156       0x26 ./Drivers/STM32WLxx_HAL_Driver/stm32wlxx_hal_rcc.o
 .text.LL_RCC_GetAHBPrescaler
                0x000000000800317c       0x16 ./Drivers/STM32WLxx_HAL_Driver/stm32wlxx_hal_rcc.o
 .text.LL_RCC_GetAHB3Prescaler
                0x0000000008003192       0x1a ./Drivers/STM32WLxx_HAL_Driver/stm32wlxx_hal_rcc.o
 .text.LL_RCC_GetAPB1Prescaler
                0x00000000080031ac       0x16 ./Drivers/STM32WLxx_HAL_Driver/stm32wlxx_hal_rcc.o
 .text.LL_RCC_GetAPB2Prescaler
                0x00000000080031c2       0x16 ./Drivers/STM32WLxx_HAL_Driver/stm32wlxx_hal_rcc.o
 .text.LL_RCC_ConfigMCO
                0x00000000080031d8       0x2c ./Drivers/STM32WLxx_HAL_Driver/stm32wlxx_hal_rcc.o
 .text.LL_RCC_PLL_Enable
                0x0000000008003204       0x1c ./Drivers/STM32WLxx_HAL_Driver/stm32wlxx_hal_rcc.o
 .text.LL_RCC_PLL_Disable
                0x0000000008003220       0x1c ./Drivers/STM32WLxx_HAL_Driver/stm32wlxx_hal_rcc.o
 .text.LL_RCC_PLL_IsReady
                0x000000000800323c       0x22 ./Drivers/STM32WLxx_HAL_Driver/stm32wlxx_hal_rcc.o
 .text.LL_RCC_PLL_GetN
                0x000000000800325e       0x18 ./Drivers/STM32WLxx_HAL_Driver/stm32wlxx_hal_rcc.o
 .text.LL_RCC_PLL_GetR
                0x0000000008003276       0x16 ./Drivers/STM32WLxx_HAL_Driver/stm32wlxx_hal_rcc.o
 .text.LL_RCC_PLL_GetDivider
                0x000000000800328c       0x16 ./Drivers/STM32WLxx_HAL_Driver/stm32wlxx_hal_rcc.o
 .text.LL_RCC_PLL_GetMainSource
                0x00000000080032a2       0x16 ./Drivers/STM32WLxx_HAL_Driver/stm32wlxx_hal_rcc.o
 .text.LL_RCC_IsActiveFlag_HPRE
                0x00000000080032b8       0x22 ./Drivers/STM32WLxx_HAL_Driver/stm32wlxx_hal_rcc.o
 .text.LL_RCC_IsActiveFlag_C2HPRE
                0x00000000080032da       0x24 ./Drivers/STM32WLxx_HAL_Driver/stm32wlxx_hal_rcc.o
 .text.LL_RCC_IsActiveFlag_SHDHPRE
                0x00000000080032fe       0x24 ./Drivers/STM32WLxx_HAL_Driver/stm32wlxx_hal_rcc.o
 .text.LL_RCC_IsActiveFlag_PPRE1
                0x0000000008003322       0x22 ./Drivers/STM32WLxx_HAL_Driver/stm32wlxx_hal_rcc.o
 .text.LL_RCC_IsActiveFlag_PPRE2
                0x0000000008003344       0x22 ./Drivers/STM32WLxx_HAL_Driver/stm32wlxx_hal_rcc.o
 .text.LL_AHB2_GRP1_EnableClock
                0x0000000008003366       0x30 ./Drivers/STM32WLxx_HAL_Driver/stm32wlxx_hal_rcc.o
 *fill*         0x0000000008003396        0x2 
 .text.HAL_RCC_OscConfig
                0x0000000008003398      0x734 ./Drivers/STM32WLxx_HAL_Driver/stm32wlxx_hal_rcc.o
                0x0000000008003398                HAL_RCC_OscConfig
 .text.HAL_RCC_ClockConfig
                0x0000000008003acc      0x284 ./Drivers/STM32WLxx_HAL_Driver/stm32wlxx_hal_rcc.o
                0x0000000008003acc                HAL_RCC_ClockConfig
 .text.HAL_RCC_MCOConfig
                0x0000000008003d50       0x46 ./Drivers/STM32WLxx_HAL_Driver/stm32wlxx_hal_rcc.o
                0x0000000008003d50                HAL_RCC_MCOConfig
 *fill*         0x0000000008003d96        0x2 
 .text.HAL_RCC_GetSysClockFreq
                0x0000000008003d98      0x140 ./Drivers/STM32WLxx_HAL_Driver/stm32wlxx_hal_rcc.o
                0x0000000008003d98                HAL_RCC_GetSysClockFreq
 .text.HAL_RCC_GetHCLKFreq
                0x0000000008003ed8       0x28 ./Drivers/STM32WLxx_HAL_Driver/stm32wlxx_hal_rcc.o
                0x0000000008003ed8                HAL_RCC_GetHCLKFreq
 .text.HAL_RCC_GetPCLK1Freq
                0x0000000008003f00       0x24 ./Drivers/STM32WLxx_HAL_Driver/stm32wlxx_hal_rcc.o
                0x0000000008003f00                HAL_RCC_GetPCLK1Freq
 .text.HAL_RCC_GetPCLK2Freq
                0x0000000008003f24       0x24 ./Drivers/STM32WLxx_HAL_Driver/stm32wlxx_hal_rcc.o
                0x0000000008003f24                HAL_RCC_GetPCLK2Freq
 .text.RCC_SetFlashLatencyFromMSIRange
                0x0000000008003f48       0x60 ./Drivers/STM32WLxx_HAL_Driver/stm32wlxx_hal_rcc.o
 .text.RCC_SetFlashLatency
                0x0000000008003fa8      0x10c ./Drivers/STM32WLxx_HAL_Driver/stm32wlxx_hal_rcc.o
 .text.LL_RCC_LSE_IsReady
                0x00000000080040b4       0x22 ./Drivers/STM32WLxx_HAL_Driver/stm32wlxx_hal_rcc_ex.o
 .text.LL_RCC_SetUSARTClockSource
                0x00000000080040d6       0x30 ./Drivers/STM32WLxx_HAL_Driver/stm32wlxx_hal_rcc_ex.o
 .text.LL_RCC_SetI2SClockSource
                0x0000000008004106       0x2a ./Drivers/STM32WLxx_HAL_Driver/stm32wlxx_hal_rcc_ex.o
 .text.LL_RCC_SetLPUARTClockSource
                0x0000000008004130       0x2a ./Drivers/STM32WLxx_HAL_Driver/stm32wlxx_hal_rcc_ex.o
 .text.LL_RCC_SetI2CClockSource
                0x000000000800415a       0x38 ./Drivers/STM32WLxx_HAL_Driver/stm32wlxx_hal_rcc_ex.o
 .text.LL_RCC_SetLPTIMClockSource
                0x0000000008004192       0x32 ./Drivers/STM32WLxx_HAL_Driver/stm32wlxx_hal_rcc_ex.o
 .text.LL_RCC_SetRNGClockSource
                0x00000000080041c4       0x2a ./Drivers/STM32WLxx_HAL_Driver/stm32wlxx_hal_rcc_ex.o
 .text.LL_RCC_SetADCClockSource
                0x00000000080041ee       0x2a ./Drivers/STM32WLxx_HAL_Driver/stm32wlxx_hal_rcc_ex.o
 .text.LL_RCC_SetRTCClockSource
                0x0000000008004218       0x2a ./Drivers/STM32WLxx_HAL_Driver/stm32wlxx_hal_rcc_ex.o
 .text.LL_RCC_GetRTCClockSource
                0x0000000008004242       0x18 ./Drivers/STM32WLxx_HAL_Driver/stm32wlxx_hal_rcc_ex.o
 .text.LL_RCC_ForceBackupDomainReset
                0x000000000800425a       0x20 ./Drivers/STM32WLxx_HAL_Driver/stm32wlxx_hal_rcc_ex.o
 .text.LL_RCC_ReleaseBackupDomainReset
                0x000000000800427a       0x20 ./Drivers/STM32WLxx_HAL_Driver/stm32wlxx_hal_rcc_ex.o
 *fill*         0x000000000800429a        0x2 
 .text.HAL_RCCEx_PeriphCLKConfig
                0x000000000800429c      0x234 ./Drivers/STM32WLxx_HAL_Driver/stm32wlxx_hal_rcc_ex.o
                0x000000000800429c                HAL_RCCEx_PeriphCLKConfig
 .text.HAL_RTC_Init
                0x00000000080044d0       0xf4 ./Drivers/STM32WLxx_HAL_Driver/stm32wlxx_hal_rtc.o
                0x00000000080044d0                HAL_RTC_Init
 .text.HAL_RTC_SetAlarm_IT
                0x00000000080045c4      0x1fc ./Drivers/STM32WLxx_HAL_Driver/stm32wlxx_hal_rtc.o
                0x00000000080045c4                HAL_RTC_SetAlarm_IT
 .text.HAL_RTC_DeactivateAlarm
                0x00000000080047c0       0xac ./Drivers/STM32WLxx_HAL_Driver/stm32wlxx_hal_rtc.o
                0x00000000080047c0                HAL_RTC_DeactivateAlarm
 .text.HAL_RTC_AlarmIRQHandler
                0x000000000800486c       0x54 ./Drivers/STM32WLxx_HAL_Driver/stm32wlxx_hal_rtc.o
                0x000000000800486c                HAL_RTC_AlarmIRQHandler
 .text.HAL_RTC_WaitForSynchro
                0x00000000080048c0       0x4c ./Drivers/STM32WLxx_HAL_Driver/stm32wlxx_hal_rtc.o
                0x00000000080048c0                HAL_RTC_WaitForSynchro
 .text.RTC_EnterInitMode
                0x000000000800490c       0x68 ./Drivers/STM32WLxx_HAL_Driver/stm32wlxx_hal_rtc.o
                0x000000000800490c                RTC_EnterInitMode
 .text.RTC_ExitInitMode
                0x0000000008004974       0x7c ./Drivers/STM32WLxx_HAL_Driver/stm32wlxx_hal_rtc.o
                0x0000000008004974                RTC_ExitInitMode
 .text.RTC_ByteToBcd2
                0x00000000080049f0       0x3e ./Drivers/STM32WLxx_HAL_Driver/stm32wlxx_hal_rtc.o
                0x00000000080049f0                RTC_ByteToBcd2
 *fill*         0x0000000008004a2e        0x2 
 .text.HAL_RTCEx_EnableBypassShadow
                0x0000000008004a30       0x64 ./Drivers/STM32WLxx_HAL_Driver/stm32wlxx_hal_rtc_ex.o
                0x0000000008004a30                HAL_RTCEx_EnableBypassShadow
 .text.HAL_RTCEx_SetSSRU_IT
                0x0000000008004a94       0x78 ./Drivers/STM32WLxx_HAL_Driver/stm32wlxx_hal_rtc_ex.o
                0x0000000008004a94                HAL_RTCEx_SetSSRU_IT
 .text.HAL_RTCEx_SSRUIRQHandler
                0x0000000008004b0c       0x34 ./Drivers/STM32WLxx_HAL_Driver/stm32wlxx_hal_rtc_ex.o
                0x0000000008004b0c                HAL_RTCEx_SSRUIRQHandler
 .text.HAL_RTCEx_AlarmBEventCallback
                0x0000000008004b40       0x12 ./Drivers/STM32WLxx_HAL_Driver/stm32wlxx_hal_rtc_ex.o
                0x0000000008004b40                HAL_RTCEx_AlarmBEventCallback
 *fill*         0x0000000008004b52        0x2 
 .text.HAL_RTCEx_BKUPWrite
                0x0000000008004b54       0x30 ./Drivers/STM32WLxx_HAL_Driver/stm32wlxx_hal_rtc_ex.o
                0x0000000008004b54                HAL_RTCEx_BKUPWrite
 .text.HAL_RTCEx_BKUPRead
                0x0000000008004b84       0x2c ./Drivers/STM32WLxx_HAL_Driver/stm32wlxx_hal_rtc_ex.o
                0x0000000008004b84                HAL_RTCEx_BKUPRead
 .text.LL_PWR_SetRadioBusyTrigger
                0x0000000008004bb0       0x28 ./Drivers/STM32WLxx_HAL_Driver/stm32wlxx_hal_subghz.o
 .text.LL_PWR_UnselectSUBGHZSPI_NSS
                0x0000000008004bd8       0x20 ./Drivers/STM32WLxx_HAL_Driver/stm32wlxx_hal_subghz.o
 .text.LL_PWR_SelectSUBGHZSPI_NSS
                0x0000000008004bf8       0x20 ./Drivers/STM32WLxx_HAL_Driver/stm32wlxx_hal_subghz.o
 .text.LL_PWR_ClearFlag_RFBUSY
                0x0000000008004c18       0x18 ./Drivers/STM32WLxx_HAL_Driver/stm32wlxx_hal_subghz.o
 .text.LL_PWR_IsActiveFlag_RFBUSYS
                0x0000000008004c30       0x24 ./Drivers/STM32WLxx_HAL_Driver/stm32wlxx_hal_subghz.o
 .text.LL_PWR_IsActiveFlag_RFBUSYMS
                0x0000000008004c54       0x24 ./Drivers/STM32WLxx_HAL_Driver/stm32wlxx_hal_subghz.o
 .text.LL_RCC_RF_DisableReset
                0x0000000008004c78       0x20 ./Drivers/STM32WLxx_HAL_Driver/stm32wlxx_hal_subghz.o
 .text.LL_RCC_IsRFUnderReset
                0x0000000008004c98       0x24 ./Drivers/STM32WLxx_HAL_Driver/stm32wlxx_hal_subghz.o
 .text.LL_EXTI_EnableIT_32_63
                0x0000000008004cbc       0x28 ./Drivers/STM32WLxx_HAL_Driver/stm32wlxx_hal_subghz.o
 .text.HAL_SUBGHZ_Init
                0x0000000008004ce4       0xbc ./Drivers/STM32WLxx_HAL_Driver/stm32wlxx_hal_subghz.o
                0x0000000008004ce4                HAL_SUBGHZ_Init
 .text.HAL_SUBGHZ_WriteRegisters
                0x0000000008004da0       0xbe ./Drivers/STM32WLxx_HAL_Driver/stm32wlxx_hal_subghz.o
                0x0000000008004da0                HAL_SUBGHZ_WriteRegisters
 .text.HAL_SUBGHZ_ReadRegisters
                0x0000000008004e5e       0xc2 ./Drivers/STM32WLxx_HAL_Driver/stm32wlxx_hal_subghz.o
                0x0000000008004e5e                HAL_SUBGHZ_ReadRegisters
 .text.HAL_SUBGHZ_ExecSetCmd
                0x0000000008004f20       0xbe ./Drivers/STM32WLxx_HAL_Driver/stm32wlxx_hal_subghz.o
                0x0000000008004f20                HAL_SUBGHZ_ExecSetCmd
 .text.HAL_SUBGHZ_ExecGetCmd
                0x0000000008004fde       0xa8 ./Drivers/STM32WLxx_HAL_Driver/stm32wlxx_hal_subghz.o
                0x0000000008004fde                HAL_SUBGHZ_ExecGetCmd
 .text.HAL_SUBGHZ_WriteBuffer
                0x0000000008005086       0xa6 ./Drivers/STM32WLxx_HAL_Driver/stm32wlxx_hal_subghz.o
                0x0000000008005086                HAL_SUBGHZ_WriteBuffer
 .text.HAL_SUBGHZ_ReadBuffer
                0x000000000800512c       0xb0 ./Drivers/STM32WLxx_HAL_Driver/stm32wlxx_hal_subghz.o
                0x000000000800512c                HAL_SUBGHZ_ReadBuffer
 .text.HAL_SUBGHZ_IRQHandler
                0x00000000080051dc       0xfc ./Drivers/STM32WLxx_HAL_Driver/stm32wlxx_hal_subghz.o
                0x00000000080051dc                HAL_SUBGHZ_IRQHandler
 .text.SUBGHZSPI_Init
                0x00000000080052d8       0x40 ./Drivers/STM32WLxx_HAL_Driver/stm32wlxx_hal_subghz.o
                0x00000000080052d8                SUBGHZSPI_Init
 .text.SUBGHZSPI_Transmit
                0x0000000008005318       0xac ./Drivers/STM32WLxx_HAL_Driver/stm32wlxx_hal_subghz.o
                0x0000000008005318                SUBGHZSPI_Transmit
 .text.SUBGHZSPI_Receive
                0x00000000080053c4       0xb0 ./Drivers/STM32WLxx_HAL_Driver/stm32wlxx_hal_subghz.o
                0x00000000080053c4                SUBGHZSPI_Receive
 .text.SUBGHZ_CheckDeviceReady
                0x0000000008005474       0x2e ./Drivers/STM32WLxx_HAL_Driver/stm32wlxx_hal_subghz.o
                0x0000000008005474                SUBGHZ_CheckDeviceReady
 *fill*         0x00000000080054a2        0x2 
 .text.SUBGHZ_WaitOnBusy
                0x00000000080054a4       0x5c ./Drivers/STM32WLxx_HAL_Driver/stm32wlxx_hal_subghz.o
                0x00000000080054a4                SUBGHZ_WaitOnBusy
 .text.LL_RCC_GetUSARTClockSource
                0x0000000008005500       0x24 ./Drivers/STM32WLxx_HAL_Driver/stm32wlxx_hal_uart.o
 .text.LL_RCC_GetLPUARTClockSource
                0x0000000008005524       0x1e ./Drivers/STM32WLxx_HAL_Driver/stm32wlxx_hal_uart.o
 .text.HAL_UART_Init
                0x0000000008005542       0xa0 ./Drivers/STM32WLxx_HAL_Driver/stm32wlxx_hal_uart.o
                0x0000000008005542                HAL_UART_Init
 .text.HAL_UART_Receive_IT
                0x00000000080055e2       0x5e ./Drivers/STM32WLxx_HAL_Driver/stm32wlxx_hal_uart.o
                0x00000000080055e2                HAL_UART_Receive_IT
 .text.HAL_UART_Transmit_DMA
                0x0000000008005640      0x100 ./Drivers/STM32WLxx_HAL_Driver/stm32wlxx_hal_uart.o
                0x0000000008005640                HAL_UART_Transmit_DMA
 .text.HAL_UART_IRQHandler
                0x0000000008005740      0x468 ./Drivers/STM32WLxx_HAL_Driver/stm32wlxx_hal_uart.o
                0x0000000008005740                HAL_UART_IRQHandler
 .text.HAL_UART_TxHalfCpltCallback
                0x0000000008005ba8       0x12 ./Drivers/STM32WLxx_HAL_Driver/stm32wlxx_hal_uart.o
                0x0000000008005ba8                HAL_UART_TxHalfCpltCallback
 .text.HAL_UART_ErrorCallback
                0x0000000008005bba       0x12 ./Drivers/STM32WLxx_HAL_Driver/stm32wlxx_hal_uart.o
                0x0000000008005bba                HAL_UART_ErrorCallback
 .text.HAL_UARTEx_RxEventCallback
                0x0000000008005bcc       0x16 ./Drivers/STM32WLxx_HAL_Driver/stm32wlxx_hal_uart.o
                0x0000000008005bcc                HAL_UARTEx_RxEventCallback
 *fill*         0x0000000008005be2        0x2 
 .text.UART_SetConfig
                0x0000000008005be4      0x4a0 ./Drivers/STM32WLxx_HAL_Driver/stm32wlxx_hal_uart.o
                0x0000000008005be4                UART_SetConfig
 .text.UART_AdvFeatureConfig
                0x0000000008006084      0x142 ./Drivers/STM32WLxx_HAL_Driver/stm32wlxx_hal_uart.o
                0x0000000008006084                UART_AdvFeatureConfig
 .text.UART_CheckIdleState
                0x00000000080061c6       0x96 ./Drivers/STM32WLxx_HAL_Driver/stm32wlxx_hal_uart.o
                0x00000000080061c6                UART_CheckIdleState
 .text.UART_WaitOnFlagUntilTimeout
                0x000000000800625c      0x100 ./Drivers/STM32WLxx_HAL_Driver/stm32wlxx_hal_uart.o
                0x000000000800625c                UART_WaitOnFlagUntilTimeout
 .text.UART_Start_Receive_IT
                0x000000000800635c      0x178 ./Drivers/STM32WLxx_HAL_Driver/stm32wlxx_hal_uart.o
                0x000000000800635c                UART_Start_Receive_IT
 .text.UART_EndTxTransfer
                0x00000000080064d4       0x3a ./Drivers/STM32WLxx_HAL_Driver/stm32wlxx_hal_uart.o
 .text.UART_EndRxTransfer
                0x000000000800650e       0x62 ./Drivers/STM32WLxx_HAL_Driver/stm32wlxx_hal_uart.o
 .text.UART_DMATransmitCplt
                0x0000000008006570       0x54 ./Drivers/STM32WLxx_HAL_Driver/stm32wlxx_hal_uart.o
 .text.UART_DMATxHalfCplt
                0x00000000080065c4       0x1c ./Drivers/STM32WLxx_HAL_Driver/stm32wlxx_hal_uart.o
 .text.UART_DMAError
                0x00000000080065e0       0x80 ./Drivers/STM32WLxx_HAL_Driver/stm32wlxx_hal_uart.o
 .text.UART_DMAAbortOnError
                0x0000000008006660       0x2c ./Drivers/STM32WLxx_HAL_Driver/stm32wlxx_hal_uart.o
 .text.UART_EndTransmit_IT
                0x000000000800668c       0x34 ./Drivers/STM32WLxx_HAL_Driver/stm32wlxx_hal_uart.o
 .text.UART_RxISR_8BIT
                0x00000000080066c0       0xd8 ./Drivers/STM32WLxx_HAL_Driver/stm32wlxx_hal_uart.o
 .text.UART_RxISR_16BIT
                0x0000000008006798       0xd8 ./Drivers/STM32WLxx_HAL_Driver/stm32wlxx_hal_uart.o
 .text.UART_RxISR_8BIT_FIFOEN
                0x0000000008006870      0x204 ./Drivers/STM32WLxx_HAL_Driver/stm32wlxx_hal_uart.o
 .text.UART_RxISR_16BIT_FIFOEN
                0x0000000008006a74      0x204 ./Drivers/STM32WLxx_HAL_Driver/stm32wlxx_hal_uart.o
 .text.HAL_UARTEx_WakeupCallback
                0x0000000008006c78       0x12 ./Drivers/STM32WLxx_HAL_Driver/stm32wlxx_hal_uart_ex.o
                0x0000000008006c78                HAL_UARTEx_WakeupCallback
 .text.HAL_UARTEx_RxFifoFullCallback
                0x0000000008006c8a       0x12 ./Drivers/STM32WLxx_HAL_Driver/stm32wlxx_hal_uart_ex.o
                0x0000000008006c8a                HAL_UARTEx_RxFifoFullCallback
 .text.HAL_UARTEx_TxFifoEmptyCallback
                0x0000000008006c9c       0x12 ./Drivers/STM32WLxx_HAL_Driver/stm32wlxx_hal_uart_ex.o
                0x0000000008006c9c                HAL_UARTEx_TxFifoEmptyCallback
 .text.HAL_UARTEx_StopModeWakeUpSourceConfig
                0x0000000008006cae       0xb6 ./Drivers/STM32WLxx_HAL_Driver/stm32wlxx_hal_uart_ex.o
                0x0000000008006cae                HAL_UARTEx_StopModeWakeUpSourceConfig
 .text.HAL_UARTEx_EnableStopMode
                0x0000000008006d64       0x42 ./Drivers/STM32WLxx_HAL_Driver/stm32wlxx_hal_uart_ex.o
                0x0000000008006d64                HAL_UARTEx_EnableStopMode
 .text.HAL_UARTEx_EnableFifoMode
                0x0000000008006da6       0x76 ./Drivers/STM32WLxx_HAL_Driver/stm32wlxx_hal_uart_ex.o
                0x0000000008006da6                HAL_UARTEx_EnableFifoMode
 .text.HAL_UARTEx_SetTxFifoThreshold
                0x0000000008006e1c       0x7c ./Drivers/STM32WLxx_HAL_Driver/stm32wlxx_hal_uart_ex.o
                0x0000000008006e1c                HAL_UARTEx_SetTxFifoThreshold
 .text.HAL_UARTEx_SetRxFifoThreshold
                0x0000000008006e98       0x7c ./Drivers/STM32WLxx_HAL_Driver/stm32wlxx_hal_uart_ex.o
                0x0000000008006e98                HAL_UARTEx_SetRxFifoThreshold
 .text.UARTEx_Wakeup_AddressConfig
                0x0000000008006f14       0x44 ./Drivers/STM32WLxx_HAL_Driver/stm32wlxx_hal_uart_ex.o
 .text.UARTEx_SetNbDataToProcess
                0x0000000008006f58       0xcc ./Drivers/STM32WLxx_HAL_Driver/stm32wlxx_hal_uart_ex.o
 .text.LL_GPIO_SetOutputPin
                0x0000000008007024       0x1a ./Middlewares/SubGHz_Phy/radio.o
 .text.LL_GPIO_ResetOutputPin
                0x000000000800703e       0x1a ./Middlewares/SubGHz_Phy/radio.o
 .text.RadioSetRxGenericConfig
                0x0000000008007058      0x30c ./Middlewares/SubGHz_Phy/radio.o
 .text.RadioSetTxGenericConfig
                0x0000000008007364      0x2cc ./Middlewares/SubGHz_Phy/radio.o
 .text.RadioGetFskBandwidthRegValue
                0x0000000008007630       0x50 ./Middlewares/SubGHz_Phy/radio.o
 .text.RadioInit
                0x0000000008007680       0xac ./Middlewares/SubGHz_Phy/radio.o
 .text.RadioGetStatus
                0x000000000800772c       0x2e ./Middlewares/SubGHz_Phy/radio.o
 *fill*         0x000000000800775a        0x2 
 .text.RadioSetModem
                0x000000000800775c       0x74 ./Middlewares/SubGHz_Phy/radio.o
 .text.RadioSetChannel
                0x00000000080077d0       0x16 ./Middlewares/SubGHz_Phy/radio.o
 .text.RadioIsChannelFree
                0x00000000080077e6       0xb4 ./Middlewares/SubGHz_Phy/radio.o
 .text.RadioRandom
                0x000000000800789a       0x2c ./Middlewares/SubGHz_Phy/radio.o
 *fill*         0x00000000080078c6        0x2 
 .text.RadioSetRxConfig
                0x00000000080078c8      0x41c ./Middlewares/SubGHz_Phy/radio.o
 .text.RadioSetTxConfig
                0x0000000008007ce4      0x26c ./Middlewares/SubGHz_Phy/radio.o
 .text.RadioCheckRfFrequency
                0x0000000008007f50       0x14 ./Middlewares/SubGHz_Phy/radio.o
 .text.RadioGetLoRaBandwidthInHz
                0x0000000008007f64       0xac ./Middlewares/SubGHz_Phy/radio.o
 .text.RadioGetGfskTimeOnAirNumerator
                0x0000000008008010       0x54 ./Middlewares/SubGHz_Phy/radio.o
 .text.RadioGetLoRaTimeOnAirNumerator
                0x0000000008008064      0x102 ./Middlewares/SubGHz_Phy/radio.o
 *fill*         0x0000000008008166        0x2 
 .text.RadioTimeOnAir
                0x0000000008008168       0xb0 ./Middlewares/SubGHz_Phy/radio.o
 .text.RadioSend
                0x0000000008008218      0x194 ./Middlewares/SubGHz_Phy/radio.o
 .text.RadioSleep
                0x00000000080083ac       0x26 ./Middlewares/SubGHz_Phy/radio.o
 .text.RadioStandby
                0x00000000080083d2        0xe ./Middlewares/SubGHz_Phy/radio.o
 .text.RadioRx  0x00000000080083e0       0x78 ./Middlewares/SubGHz_Phy/radio.o
 .text.RadioRxBoosted
                0x0000000008008458       0x68 ./Middlewares/SubGHz_Phy/radio.o
 .text.RadioSetRxDutyCycle
                0x00000000080084c0       0x2c ./Middlewares/SubGHz_Phy/radio.o
 .text.RadioStartCad
                0x00000000080084ec       0x1c ./Middlewares/SubGHz_Phy/radio.o
 .text.RadioSetTxContinuousWave
                0x0000000008008508       0x58 ./Middlewares/SubGHz_Phy/radio.o
 .text.RadioRssi
                0x0000000008008560       0x1a ./Middlewares/SubGHz_Phy/radio.o
 .text.RadioWrite
                0x000000000800857a       0x24 ./Middlewares/SubGHz_Phy/radio.o
 .text.RadioRead
                0x000000000800859e       0x1c ./Middlewares/SubGHz_Phy/radio.o
 .text.RadioWriteRegisters
                0x00000000080085ba       0x26 ./Middlewares/SubGHz_Phy/radio.o
 .text.RadioReadRegisters
                0x00000000080085e0       0x26 ./Middlewares/SubGHz_Phy/radio.o
 *fill*         0x0000000008008606        0x2 
 .text.RadioSetMaxPayloadLength
                0x0000000008008608       0x5c ./Middlewares/SubGHz_Phy/radio.o
 .text.RadioSetPublicNetwork
                0x0000000008008664       0x5c ./Middlewares/SubGHz_Phy/radio.o
 .text.RadioGetWakeupTime
                0x00000000080086c0       0x10 ./Middlewares/SubGHz_Phy/radio.o
 .text.RadioOnTxTimeoutIrq
                0x00000000080086d0       0x3c ./Middlewares/SubGHz_Phy/radio.o
 .text.RadioOnRxTimeoutIrq
                0x000000000800870c       0x3c ./Middlewares/SubGHz_Phy/radio.o
 .text.RadioOnDioIrq
                0x0000000008008748       0x24 ./Middlewares/SubGHz_Phy/radio.o
 .text.RadioIrqProcess
                0x000000000800876c      0x33c ./Middlewares/SubGHz_Phy/radio.o
 .text.RadioTxPrbs
                0x0000000008008aa8       0x38 ./Middlewares/SubGHz_Phy/radio.o
 .text.RadioTxCw
                0x0000000008008ae0       0x2e ./Middlewares/SubGHz_Phy/radio.o
 .text.payload_integration
                0x0000000008008b0e      0x120 ./Middlewares/SubGHz_Phy/radio.o
 *fill*         0x0000000008008c2e        0x2 
 .text.SUBGRF_Init
                0x0000000008008c30       0x8c ./Middlewares/SubGHz_Phy/radio_driver.o
                0x0000000008008c30                SUBGRF_Init
 .text.SUBGRF_GetOperatingMode
                0x0000000008008cbc       0x14 ./Middlewares/SubGHz_Phy/radio_driver.o
                0x0000000008008cbc                SUBGRF_GetOperatingMode
 .text.SUBGRF_SetPayload
                0x0000000008008cd0       0x20 ./Middlewares/SubGHz_Phy/radio_driver.o
                0x0000000008008cd0                SUBGRF_SetPayload
 .text.SUBGRF_GetPayload
                0x0000000008008cf0       0x44 ./Middlewares/SubGHz_Phy/radio_driver.o
                0x0000000008008cf0                SUBGRF_GetPayload
 .text.SUBGRF_SendPayload
                0x0000000008008d34       0x26 ./Middlewares/SubGHz_Phy/radio_driver.o
                0x0000000008008d34                SUBGRF_SendPayload
 .text.SUBGRF_SetSyncWord
                0x0000000008008d5a       0x1e ./Middlewares/SubGHz_Phy/radio_driver.o
                0x0000000008008d5a                SUBGRF_SetSyncWord
 .text.SUBGRF_SetCrcSeed
                0x0000000008008d78       0x40 ./Middlewares/SubGHz_Phy/radio_driver.o
                0x0000000008008d78                SUBGRF_SetCrcSeed
 .text.SUBGRF_SetCrcPolynomial
                0x0000000008008db8       0x40 ./Middlewares/SubGHz_Phy/radio_driver.o
                0x0000000008008db8                SUBGRF_SetCrcPolynomial
 .text.SUBGRF_SetWhiteningSeed
                0x0000000008008df8       0x66 ./Middlewares/SubGHz_Phy/radio_driver.o
                0x0000000008008df8                SUBGRF_SetWhiteningSeed
 .text.SUBGRF_GetRandom
                0x0000000008008e5e       0x8c ./Middlewares/SubGHz_Phy/radio_driver.o
                0x0000000008008e5e                SUBGRF_GetRandom
 *fill*         0x0000000008008eea        0x2 
 .text.SUBGRF_SetSleep
                0x0000000008008eec       0x68 ./Middlewares/SubGHz_Phy/radio_driver.o
                0x0000000008008eec                SUBGRF_SetSleep
 .text.SUBGRF_SetStandby
                0x0000000008008f54       0x3c ./Middlewares/SubGHz_Phy/radio_driver.o
                0x0000000008008f54                SUBGRF_SetStandby
 .text.SUBGRF_SetTx
                0x0000000008008f90       0x44 ./Middlewares/SubGHz_Phy/radio_driver.o
                0x0000000008008f90                SUBGRF_SetTx
 .text.SUBGRF_SetRx
                0x0000000008008fd4       0x44 ./Middlewares/SubGHz_Phy/radio_driver.o
                0x0000000008008fd4                SUBGRF_SetRx
 .text.SUBGRF_SetRxBoosted
                0x0000000008009018       0x4c ./Middlewares/SubGHz_Phy/radio_driver.o
                0x0000000008009018                SUBGRF_SetRxBoosted
 .text.SUBGRF_SetRxDutyCycle
                0x0000000008009064       0x5c ./Middlewares/SubGHz_Phy/radio_driver.o
                0x0000000008009064                SUBGRF_SetRxDutyCycle
 .text.SUBGRF_SetCad
                0x00000000080090c0       0x24 ./Middlewares/SubGHz_Phy/radio_driver.o
                0x00000000080090c0                SUBGRF_SetCad
 .text.SUBGRF_SetTxContinuousWave
                0x00000000080090e4       0x18 ./Middlewares/SubGHz_Phy/radio_driver.o
                0x00000000080090e4                SUBGRF_SetTxContinuousWave
 .text.SUBGRF_SetTxInfinitePreamble
                0x00000000080090fc       0x18 ./Middlewares/SubGHz_Phy/radio_driver.o
                0x00000000080090fc                SUBGRF_SetTxInfinitePreamble
 .text.SUBGRF_SetStopRxTimerOnPreambleDetect
                0x0000000008009114       0x24 ./Middlewares/SubGHz_Phy/radio_driver.o
                0x0000000008009114                SUBGRF_SetStopRxTimerOnPreambleDetect
 .text.SUBGRF_SetLoRaSymbNumTimeout
                0x0000000008009138       0x64 ./Middlewares/SubGHz_Phy/radio_driver.o
                0x0000000008009138                SUBGRF_SetLoRaSymbNumTimeout
 .text.SUBGRF_SetRegulatorMode
                0x000000000800919c       0x34 ./Middlewares/SubGHz_Phy/radio_driver.o
                0x000000000800919c                SUBGRF_SetRegulatorMode
 .text.SUBGRF_Calibrate
                0x00000000080091d0       0x90 ./Middlewares/SubGHz_Phy/radio_driver.o
                0x00000000080091d0                SUBGRF_Calibrate
 .text.SUBGRF_CalibrateImage
                0x0000000008009260       0x90 ./Middlewares/SubGHz_Phy/radio_driver.o
                0x0000000008009260                SUBGRF_CalibrateImage
 .text.SUBGRF_SetPaConfig
                0x00000000080092f0       0x48 ./Middlewares/SubGHz_Phy/radio_driver.o
                0x00000000080092f0                SUBGRF_SetPaConfig
 .text.SUBGRF_SetDioIrqParams
                0x0000000008009338       0x78 ./Middlewares/SubGHz_Phy/radio_driver.o
                0x0000000008009338                SUBGRF_SetDioIrqParams
 .text.SUBGRF_SetTcxoMode
                0x00000000080093b0       0x48 ./Middlewares/SubGHz_Phy/radio_driver.o
                0x00000000080093b0                SUBGRF_SetTcxoMode
 .text.SUBGRF_SetRfFrequency
                0x00000000080093f8       0x88 ./Middlewares/SubGHz_Phy/radio_driver.o
                0x00000000080093f8                SUBGRF_SetRfFrequency
 .text.SUBGRF_SetPacketType
                0x0000000008009480       0x3c ./Middlewares/SubGHz_Phy/radio_driver.o
                0x0000000008009480                SUBGRF_SetPacketType
 .text.SUBGRF_GetPacketType
                0x00000000080094bc       0x14 ./Middlewares/SubGHz_Phy/radio_driver.o
                0x00000000080094bc                SUBGRF_GetPacketType
 .text.SUBGRF_SetTxParams
                0x00000000080094d0       0xd0 ./Middlewares/SubGHz_Phy/radio_driver.o
                0x00000000080094d0                SUBGRF_SetTxParams
 .text.SUBGRF_SetModulationParams
                0x00000000080095a0      0x19c ./Middlewares/SubGHz_Phy/radio_driver.o
                0x00000000080095a0                SUBGRF_SetModulationParams
 .text.SUBGRF_SetPacketParams
                0x000000000800973c      0x140 ./Middlewares/SubGHz_Phy/radio_driver.o
                0x000000000800973c                SUBGRF_SetPacketParams
 .text.SUBGRF_SetBufferBaseAddress
                0x000000000800987c       0x34 ./Middlewares/SubGHz_Phy/radio_driver.o
                0x000000000800987c                SUBGRF_SetBufferBaseAddress
 .text.SUBGRF_GetRssiInst
                0x00000000080098b0       0x30 ./Middlewares/SubGHz_Phy/radio_driver.o
                0x00000000080098b0                SUBGRF_GetRssiInst
 .text.SUBGRF_GetRxBufferStatus
                0x00000000080098e0       0x5c ./Middlewares/SubGHz_Phy/radio_driver.o
                0x00000000080098e0                SUBGRF_GetRxBufferStatus
 .text.SUBGRF_GetPacketStatus
                0x000000000800993c       0xa8 ./Middlewares/SubGHz_Phy/radio_driver.o
                0x000000000800993c                SUBGRF_GetPacketStatus
 .text.SUBGRF_WriteRegister
                0x00000000080099e4       0x28 ./Middlewares/SubGHz_Phy/radio_driver.o
                0x00000000080099e4                SUBGRF_WriteRegister
 .text.SUBGRF_ReadRegister
                0x0000000008009a0c       0x28 ./Middlewares/SubGHz_Phy/radio_driver.o
                0x0000000008009a0c                SUBGRF_ReadRegister
 .text.SUBGRF_WriteRegisters
                0x0000000008009a34       0x28 ./Middlewares/SubGHz_Phy/radio_driver.o
                0x0000000008009a34                SUBGRF_WriteRegisters
 .text.SUBGRF_ReadRegisters
                0x0000000008009a5c       0x28 ./Middlewares/SubGHz_Phy/radio_driver.o
                0x0000000008009a5c                SUBGRF_ReadRegisters
 .text.SUBGRF_WriteBuffer
                0x0000000008009a84       0x2c ./Middlewares/SubGHz_Phy/radio_driver.o
                0x0000000008009a84                SUBGRF_WriteBuffer
 .text.SUBGRF_ReadBuffer
                0x0000000008009ab0       0x2c ./Middlewares/SubGHz_Phy/radio_driver.o
                0x0000000008009ab0                SUBGRF_ReadBuffer
 .text.SUBGRF_SetSwitch
                0x0000000008009adc       0x50 ./Middlewares/SubGHz_Phy/radio_driver.o
                0x0000000008009adc                SUBGRF_SetSwitch
 .text.SUBGRF_SetRfTxPower
                0x0000000008009b2c       0x68 ./Middlewares/SubGHz_Phy/radio_driver.o
                0x0000000008009b2c                SUBGRF_SetRfTxPower
 .text.SUBGRF_GetRadioWakeUpTime
                0x0000000008009b94        0xe ./Middlewares/SubGHz_Phy/radio_driver.o
                0x0000000008009b94                SUBGRF_GetRadioWakeUpTime
 *fill*         0x0000000008009ba2        0x2 
 .text.HAL_SUBGHZ_TxCpltCallback
                0x0000000008009ba4       0x1c ./Middlewares/SubGHz_Phy/radio_driver.o
                0x0000000008009ba4                HAL_SUBGHZ_TxCpltCallback
 .text.HAL_SUBGHZ_RxCpltCallback
                0x0000000008009bc0       0x1c ./Middlewares/SubGHz_Phy/radio_driver.o
                0x0000000008009bc0                HAL_SUBGHZ_RxCpltCallback
 .text.HAL_SUBGHZ_CRCErrorCallback
                0x0000000008009bdc       0x1c ./Middlewares/SubGHz_Phy/radio_driver.o
                0x0000000008009bdc                HAL_SUBGHZ_CRCErrorCallback
 .text.HAL_SUBGHZ_CADStatusCallback
                0x0000000008009bf8       0x3c ./Middlewares/SubGHz_Phy/radio_driver.o
                0x0000000008009bf8                HAL_SUBGHZ_CADStatusCallback
 .text.HAL_SUBGHZ_RxTxTimeoutCallback
                0x0000000008009c34       0x20 ./Middlewares/SubGHz_Phy/radio_driver.o
                0x0000000008009c34                HAL_SUBGHZ_RxTxTimeoutCallback
 .text.HAL_SUBGHZ_HeaderErrorCallback
                0x0000000008009c54       0x1c ./Middlewares/SubGHz_Phy/radio_driver.o
                0x0000000008009c54                HAL_SUBGHZ_HeaderErrorCallback
 .text.HAL_SUBGHZ_PreambleDetectedCallback
                0x0000000008009c70       0x1c ./Middlewares/SubGHz_Phy/radio_driver.o
                0x0000000008009c70                HAL_SUBGHZ_PreambleDetectedCallback
 .text.HAL_SUBGHZ_SyncWordValidCallback
                0x0000000008009c8c       0x1c ./Middlewares/SubGHz_Phy/radio_driver.o
                0x0000000008009c8c                HAL_SUBGHZ_SyncWordValidCallback
 .text.HAL_SUBGHZ_HeaderValidCallback
                0x0000000008009ca8       0x1c ./Middlewares/SubGHz_Phy/radio_driver.o
                0x0000000008009ca8                HAL_SUBGHZ_HeaderValidCallback
 .text.Radio_SMPS_Set
                0x0000000008009cc4       0x42 ./Middlewares/SubGHz_Phy/radio_driver.o
 *fill*         0x0000000008009d06        0x2 
 .text.UTIL_ADV_TRACE_Init
                0x0000000008009d08       0x38 ./Utilities/stm32_adv_trace.o
                0x0000000008009d08                UTIL_ADV_TRACE_Init
 .text.UTIL_ADV_TRACE_COND_FSend
                0x0000000008009d40      0x104 ./Utilities/stm32_adv_trace.o
                0x0000000008009d40                UTIL_ADV_TRACE_COND_FSend
 .text.UTIL_ADV_TRACE_RegisterTimeStampFunction
                0x0000000008009e44       0x1c ./Utilities/stm32_adv_trace.o
                0x0000000008009e44                UTIL_ADV_TRACE_RegisterTimeStampFunction
 .text.UTIL_ADV_TRACE_SetVerboseLevel
                0x0000000008009e60       0x20 ./Utilities/stm32_adv_trace.o
                0x0000000008009e60                UTIL_ADV_TRACE_SetVerboseLevel
 .text.TRACE_Send
                0x0000000008009e80      0x108 ./Utilities/stm32_adv_trace.o
 .text.TRACE_TxCpltCallback
                0x0000000008009f88      0x110 ./Utilities/stm32_adv_trace.o
 .text.TRACE_AllocateBufer
                0x000000000800a098       0xfc ./Utilities/stm32_adv_trace.o
 .text.TRACE_Lock
                0x000000000800a194       0x3c ./Utilities/stm32_adv_trace.o
 .text.TRACE_UnLock
                0x000000000800a1d0       0x3c ./Utilities/stm32_adv_trace.o
 .text.TRACE_IsLocked
                0x000000000800a20c       0x20 ./Utilities/stm32_adv_trace.o
 .text.UTIL_LPM_Init
                0x000000000800a22c       0x20 ./Utilities/stm32_lpm.o
                0x000000000800a22c                UTIL_LPM_Init
 .text.UTIL_LPM_SetStopMode
                0x000000000800a24c       0x60 ./Utilities/stm32_lpm.o
                0x000000000800a24c                UTIL_LPM_SetStopMode
 .text.UTIL_LPM_SetOffMode
                0x000000000800a2ac       0x60 ./Utilities/stm32_lpm.o
                0x000000000800a2ac                UTIL_LPM_SetOffMode
 .text.UTIL_LPM_EnterLowPower
                0x000000000800a30c       0x6c ./Utilities/stm32_lpm.o
                0x000000000800a30c                UTIL_LPM_EnterLowPower
 .text.UTIL_MEM_set_8
                0x000000000800a378       0x36 ./Utilities/stm32_mem.o
                0x000000000800a378                UTIL_MEM_set_8
 *fill*         0x000000000800a3ae        0x2 
 .text.UTIL_SEQ_Run
                0x000000000800a3b0      0x1c8 ./Utilities/stm32_seq.o
                0x000000000800a3b0                UTIL_SEQ_Run
 .text.UTIL_SEQ_RegTask
                0x000000000800a578       0x44 ./Utilities/stm32_seq.o
                0x000000000800a578                UTIL_SEQ_RegTask
 .text.UTIL_SEQ_SetTask
                0x000000000800a5bc       0x58 ./Utilities/stm32_seq.o
                0x000000000800a5bc                UTIL_SEQ_SetTask
 .text.UTIL_SEQ_PreIdle
                0x000000000800a614        0xc ./Utilities/stm32_seq.o
                0x000000000800a614                UTIL_SEQ_PreIdle
 .text.UTIL_SEQ_PostIdle
                0x000000000800a620        0xc ./Utilities/stm32_seq.o
                0x000000000800a620                UTIL_SEQ_PostIdle
 .text.SEQ_BitPosition
                0x000000000800a62c       0x70 ./Utilities/stm32_seq.o
                0x000000000800a62c                SEQ_BitPosition
 .text.SysTimeAdd
                0x000000000800a69c       0x72 ./Utilities/stm32_systime.o
                0x000000000800a69c                SysTimeAdd
 *fill*         0x000000000800a70e        0x2 
 .text.SysTimeGet
                0x000000000800a710       0x70 ./Utilities/stm32_systime.o
                0x000000000800a710                SysTimeGet
 .text.UTIL_TIMER_Init
                0x000000000800a780       0x20 ./Utilities/stm32_timer.o
                0x000000000800a780                UTIL_TIMER_Init
 .text.UTIL_TIMER_Create
                0x000000000800a7a0       0x6c ./Utilities/stm32_timer.o
                0x000000000800a7a0                UTIL_TIMER_Create
 .text.UTIL_TIMER_Start
                0x000000000800a80c       0xdc ./Utilities/stm32_timer.o
                0x000000000800a80c                UTIL_TIMER_Start
 .text.UTIL_TIMER_Stop
                0x000000000800a8e8       0xe0 ./Utilities/stm32_timer.o
                0x000000000800a8e8                UTIL_TIMER_Stop
 .text.UTIL_TIMER_SetPeriod
                0x000000000800a9c8       0x54 ./Utilities/stm32_timer.o
                0x000000000800a9c8                UTIL_TIMER_SetPeriod
 .text.UTIL_TIMER_IRQ_Handler
                0x000000000800aa1c      0x100 ./Utilities/stm32_timer.o
                0x000000000800aa1c                UTIL_TIMER_IRQ_Handler
 .text.UTIL_TIMER_GetCurrentTime
                0x000000000800ab1c       0x24 ./Utilities/stm32_timer.o
                0x000000000800ab1c                UTIL_TIMER_GetCurrentTime
 .text.UTIL_TIMER_GetElapsedTime
                0x000000000800ab40       0x38 ./Utilities/stm32_timer.o
                0x000000000800ab40                UTIL_TIMER_GetElapsedTime
 .text.TimerExists
                0x000000000800ab78       0x38 ./Utilities/stm32_timer.o
                0x000000000800ab78                TimerExists
 .text.TimerSetTimeout
                0x000000000800abb0       0x54 ./Utilities/stm32_timer.o
                0x000000000800abb0                TimerSetTimeout
 .text.TimerInsertTimer
                0x000000000800ac04       0x60 ./Utilities/stm32_timer.o
                0x000000000800ac04                TimerInsertTimer
 .text.TimerInsertNewHeadTimer
                0x000000000800ac64       0x3c ./Utilities/stm32_timer.o
                0x000000000800ac64                TimerInsertNewHeadTimer
 .text.ee_skip_atoi
                0x000000000800aca0       0x4c ./Utilities/stm32_tiny_vsnprintf.o
 .text.ee_number
                0x000000000800acec      0x1e0 ./Utilities/stm32_tiny_vsnprintf.o
 .text.tiny_vsnprintf_like
                0x000000000800aecc      0x2ac ./Utilities/stm32_tiny_vsnprintf.o
                0x000000000800aecc                tiny_vsnprintf_like
 .text.__libc_init_array
                0x000000000800b178       0x48 c:/st/stm32cubeide_1.7.0/stm32cubeide/plugins/com.st.stm32cube.ide.mcu.externaltools.gnu-tools-for-stm32.9-2020-q2-update.win32_2.0.0.202105311346/tools/bin/../lib/gcc/arm-none-eabi/9.3.1/../../../../arm-none-eabi/lib/thumb/v7e-m/nofp\libc_nano.a(lib_a-init.o)
                0x000000000800b178                __libc_init_array
 .text.memcpy   0x000000000800b1c0       0x1c c:/st/stm32cubeide_1.7.0/stm32cubeide/plugins/com.st.stm32cube.ide.mcu.externaltools.gnu-tools-for-stm32.9-2020-q2-update.win32_2.0.0.202105311346/tools/bin/../lib/gcc/arm-none-eabi/9.3.1/../../../../arm-none-eabi/lib/thumb/v7e-m/nofp\libc_nano.a(lib_a-memcpy-stub.o)
                0x000000000800b1c0                memcpy
 .text.memset   0x000000000800b1dc       0x10 c:/st/stm32cubeide_1.7.0/stm32cubeide/plugins/com.st.stm32cube.ide.mcu.externaltools.gnu-tools-for-stm32.9-2020-q2-update.win32_2.0.0.202105311346/tools/bin/../lib/gcc/arm-none-eabi/9.3.1/../../../../arm-none-eabi/lib/thumb/v7e-m/nofp\libc_nano.a(lib_a-memset.o)
                0x000000000800b1dc                memset
 .text.strncmp  0x000000000800b1ec       0x24 c:/st/stm32cubeide_1.7.0/stm32cubeide/plugins/com.st.stm32cube.ide.mcu.externaltools.gnu-tools-for-stm32.9-2020-q2-update.win32_2.0.0.202105311346/tools/bin/../lib/gcc/arm-none-eabi/9.3.1/../../../../arm-none-eabi/lib/thumb/v7e-m/nofp\libc_nano.a(lib_a-strncmp.o)
                0x000000000800b1ec                strncmp
 *(.glue_7)
 .glue_7        0x000000000800b210        0x0 linker stubs
 *(.glue_7t)
 .glue_7t       0x000000000800b210        0x0 linker stubs
 *(.eh_frame)
 .eh_frame      0x000000000800b210        0x0 c:/st/stm32cubeide_1.7.0/stm32cubeide/plugins/com.st.stm32cube.ide.mcu.externaltools.gnu-tools-for-stm32.9-2020-q2-update.win32_2.0.0.202105311346/tools/bin/../lib/gcc/arm-none-eabi/9.3.1/thumb/v7e-m/nofp/crtbegin.o
 *(.init)
 .init          0x000000000800b210        0x4 c:/st/stm32cubeide_1.7.0/stm32cubeide/plugins/com.st.stm32cube.ide.mcu.externaltools.gnu-tools-for-stm32.9-2020-q2-update.win32_2.0.0.202105311346/tools/bin/../lib/gcc/arm-none-eabi/9.3.1/thumb/v7e-m/nofp/crti.o
                0x000000000800b210                _init
 .init          0x000000000800b214        0x8 c:/st/stm32cubeide_1.7.0/stm32cubeide/plugins/com.st.stm32cube.ide.mcu.externaltools.gnu-tools-for-stm32.9-2020-q2-update.win32_2.0.0.202105311346/tools/bin/../lib/gcc/arm-none-eabi/9.3.1/thumb/v7e-m/nofp/crtn.o
 *(.fini)
 .fini          0x000000000800b21c        0x4 c:/st/stm32cubeide_1.7.0/stm32cubeide/plugins/com.st.stm32cube.ide.mcu.externaltools.gnu-tools-for-stm32.9-2020-q2-update.win32_2.0.0.202105311346/tools/bin/../lib/gcc/arm-none-eabi/9.3.1/thumb/v7e-m/nofp/crti.o
                0x000000000800b21c                _fini
 .fini          0x000000000800b220        0x8 c:/st/stm32cubeide_1.7.0/stm32cubeide/plugins/com.st.stm32cube.ide.mcu.externaltools.gnu-tools-for-stm32.9-2020-q2-update.win32_2.0.0.202105311346/tools/bin/../lib/gcc/arm-none-eabi/9.3.1/thumb/v7e-m/nofp/crtn.o
                0x000000000800b228                . = ALIGN (0x8)
                0x000000000800b228                _etext = .

.vfp11_veneer   0x000000000800b228        0x0
 .vfp11_veneer  0x000000000800b228        0x0 linker stubs

.v4_bx          0x000000000800b228        0x0
 .v4_bx         0x000000000800b228        0x0 linker stubs

.iplt           0x000000000800b228        0x0
 .iplt          0x000000000800b228        0x0 c:/st/stm32cubeide_1.7.0/stm32cubeide/plugins/com.st.stm32cube.ide.mcu.externaltools.gnu-tools-for-stm32.9-2020-q2-update.win32_2.0.0.202105311346/tools/bin/../lib/gcc/arm-none-eabi/9.3.1/thumb/v7e-m/nofp/crtbegin.o

.rodata         0x000000000800b228      0x330
                0x000000000800b228                . = ALIGN (0x8)
 *(.rodata)
 .rodata        0x000000000800b228        0xe ./Application/App/subghz_phy_app.o
 *fill*         0x000000000800b236        0x2 
 .rodata        0x000000000800b238        0x9 ./Application/Core/sys_app.o
 *fill*         0x000000000800b241        0x3 
 .rodata        0x000000000800b244       0x1c ./Drivers/STM32WLxx_HAL_Driver/stm32wlxx_hal_rcc.o
 .rodata        0x000000000800b260       0x10 ./Drivers/STM32WLxx_HAL_Driver/stm32wlxx_hal_uart_ex.o
 .rodata        0x000000000800b270       0x10 ./Middlewares/SubGHz_Phy/radio.o
 .rodata        0x000000000800b280       0x11 ./Middlewares/SubGHz_Phy/radio_driver.o
 *fill*         0x000000000800b291        0x3 
 .rodata        0x000000000800b294       0x57 ./Utilities/stm32_tiny_vsnprintf.o
 *(.rodata*)
 *fill*         0x000000000800b2eb        0x1 
 .rodata.SYS_LED_PIN
                0x000000000800b2ec        0x6 ./Application/Core/board_resources.o
 *fill*         0x000000000800b2f2        0x2 
 .rodata.UTIL_PowerDriver
                0x000000000800b2f4       0x18 ./Application/Core/stm32_lpm_if.o
                0x000000000800b2f4                UTIL_PowerDriver
 .rodata.UTIL_TimerDriver
                0x000000000800b30c       0x2c ./Application/Core/timer_if.o
                0x000000000800b30c                UTIL_TimerDriver
 .rodata.UTIL_SYSTIMDriver
                0x000000000800b338       0x14 ./Application/Core/timer_if.o
                0x000000000800b338                UTIL_SYSTIMDriver
 .rodata.UTIL_TraceDriver
                0x000000000800b34c       0x10 ./Application/Core/usart_if.o
                0x000000000800b34c                UTIL_TraceDriver
 .rodata.AHBPrescTable
                0x000000000800b35c       0x40 ./Drivers/CMSIS/system_stm32wlxx.o
                0x000000000800b35c                AHBPrescTable
 .rodata.APBPrescTable
                0x000000000800b39c       0x20 ./Drivers/CMSIS/system_stm32wlxx.o
                0x000000000800b39c                APBPrescTable
 .rodata.MSIRangeTable
                0x000000000800b3bc       0x40 ./Drivers/CMSIS/system_stm32wlxx.o
                0x000000000800b3bc                MSIRangeTable
 .rodata.UARTPrescTable
                0x000000000800b3fc       0x18 ./Drivers/STM32WLxx_HAL_Driver/stm32wlxx_hal_uart.o
                0x000000000800b3fc                UARTPrescTable
 .rodata.Radio  0x000000000800b414       0x7c ./Middlewares/SubGHz_Phy/radio.o
                0x000000000800b414                Radio
 .rodata.FskBandwidths
                0x000000000800b490       0xb0 ./Middlewares/SubGHz_Phy/radio.o
                0x000000000800b490                FskBandwidths
 .rodata.Bandwidths
                0x000000000800b540        0x3 ./Middlewares/SubGHz_Phy/radio.o
                0x000000000800b540                Bandwidths
 *fill*         0x000000000800b543        0x1 
 .rodata.SEQ_clz_table_4bit
                0x000000000800b544       0x10 ./Utilities/stm32_seq.o
                0x000000000800b558                . = ALIGN (0x8)
 *fill*         0x000000000800b554        0x4 

.ARM.extab      0x000000000800b558        0x0
                0x000000000800b558                . = ALIGN (0x8)
 *(.ARM.extab* .gnu.linkonce.armextab.*)
                0x000000000800b558                . = ALIGN (0x8)

.ARM            0x000000000800b558        0x8
                0x000000000800b558                . = ALIGN (0x8)
                0x000000000800b558                __exidx_start = .
 *(.ARM.exidx*)
 .ARM.exidx     0x000000000800b558        0x8 c:/st/stm32cubeide_1.7.0/stm32cubeide/plugins/com.st.stm32cube.ide.mcu.externaltools.gnu-tools-for-stm32.9-2020-q2-update.win32_2.0.0.202105311346/tools/bin/../lib/gcc/arm-none-eabi/9.3.1/thumb/v7e-m/nofp\libgcc.a(_udivmoddi4.o)
                0x000000000800b560                __exidx_end = .
                0x000000000800b560                . = ALIGN (0x8)

.rel.dyn        0x000000000800b560        0x0
 .rel.iplt      0x000000000800b560        0x0 c:/st/stm32cubeide_1.7.0/stm32cubeide/plugins/com.st.stm32cube.ide.mcu.externaltools.gnu-tools-for-stm32.9-2020-q2-update.win32_2.0.0.202105311346/tools/bin/../lib/gcc/arm-none-eabi/9.3.1/thumb/v7e-m/nofp/crtbegin.o

.preinit_array  0x000000000800b560        0x0
                0x000000000800b560                . = ALIGN (0x8)
                0x000000000800b560                PROVIDE (__preinit_array_start = .)
 *(.preinit_array*)
                0x000000000800b560                PROVIDE (__preinit_array_end = .)
                0x000000000800b560                . = ALIGN (0x8)

.init_array     0x000000000800b560        0x8
                0x000000000800b560                . = ALIGN (0x8)
                0x000000000800b560                PROVIDE (__init_array_start = .)
 *(SORT_BY_NAME(.init_array.*))
 *(.init_array*)
 .init_array    0x000000000800b560        0x4 c:/st/stm32cubeide_1.7.0/stm32cubeide/plugins/com.st.stm32cube.ide.mcu.externaltools.gnu-tools-for-stm32.9-2020-q2-update.win32_2.0.0.202105311346/tools/bin/../lib/gcc/arm-none-eabi/9.3.1/thumb/v7e-m/nofp/crtbegin.o
                0x000000000800b564                PROVIDE (__init_array_end = .)
                0x000000000800b568                . = ALIGN (0x8)
 *fill*         0x000000000800b564        0x4 

.fini_array     0x000000000800b568        0x8
                0x000000000800b568                . = ALIGN (0x8)
                [!provide]                        PROVIDE (__fini_array_start = .)
 *(SORT_BY_NAME(.fini_array.*))
 *(.fini_array*)
 .fini_array    0x000000000800b568        0x4 c:/st/stm32cubeide_1.7.0/stm32cubeide/plugins/com.st.stm32cube.ide.mcu.externaltools.gnu-tools-for-stm32.9-2020-q2-update.win32_2.0.0.202105311346/tools/bin/../lib/gcc/arm-none-eabi/9.3.1/thumb/v7e-m/nofp/crtbegin.o
                [!provide]                        PROVIDE (__fini_array_end = .)
                0x000000000800b570                . = ALIGN (0x8)
 *fill*         0x000000000800b56c        0x4 
                0x000000000800b570                _sidata = LOADADDR (.data)

.data           0x0000000020000000       0x38 load address 0x000000000800b570
                0x0000000020000000                . = ALIGN (0x8)
                0x0000000020000000                _sdata = .
 *(.data)
 *(.data*)
 .data.radio_rx_flag
                0x0000000020000000        0x1 ./Application/App/subghz_phy_app.o
                0x0000000020000000                radio_rx_flag
 *fill*         0x0000000020000001        0x3 
 .data.RD_header
                0x0000000020000004        0x6 ./Application/App/subghz_phy_app.o
                0x0000000020000004                RD_header
 .data.BufferSize
                0x000000002000000a        0x2 ./Application/App/subghz_phy_app.o
                0x000000002000000a                BufferSize
 .data.SYS_LED_PORT
                0x000000002000000c        0xc ./Application/Core/board_resources.o
 .data.ping_flag
                0x0000000020000018        0x1 ./Application/Core/main.o
                0x0000000020000018                ping_flag
 *fill*         0x0000000020000019        0x3 
 .data.SystemCoreClock
                0x000000002000001c        0x4 ./Drivers/CMSIS/system_stm32wlxx.o
                0x000000002000001c                SystemCoreClock
 .data.uwTickPrio
                0x0000000020000020        0x4 ./Drivers/STM32WLxx_HAL_Driver/stm32wlxx_hal.o
                0x0000000020000020                uwTickPrio
 .data.uwTickFreq
                0x0000000020000024        0x1 ./Drivers/STM32WLxx_HAL_Driver/stm32wlxx_hal.o
                0x0000000020000024                uwTickFreq
 .data.MaxPayloadLength
                0x0000000020000025        0x1 ./Middlewares/SubGHz_Phy/radio.o
 *fill*         0x0000000020000026        0x2 
 .data.TaskMask
                0x0000000020000028        0x4 ./Utilities/stm32_seq.o
 .data.SuperMask
                0x000000002000002c        0x4 ./Utilities/stm32_seq.o
 .data.lower_digits
                0x0000000020000030        0x4 ./Utilities/stm32_tiny_vsnprintf.o
 .data.upper_digits
                0x0000000020000034        0x4 ./Utilities/stm32_tiny_vsnprintf.o
                0x0000000020000038                . = ALIGN (0x8)
                0x0000000020000038                _edata = .

.igot.plt       0x0000000020000038        0x0 load address 0x000000000800b5a8
 .igot.plt      0x0000000020000038        0x0 c:/st/stm32cubeide_1.7.0/stm32cubeide/plugins/com.st.stm32cube.ide.mcu.externaltools.gnu-tools-for-stm32.9-2020-q2-update.win32_2.0.0.202105311346/tools/bin/../lib/gcc/arm-none-eabi/9.3.1/thumb/v7e-m/nofp/crtbegin.o
                0x0000000020000038                . = ALIGN (0x8)

.bss            0x0000000020000038      0x748 load address 0x000000000800b5a8
                0x0000000020000038                _sbss = .
                0x0000000020000038                __bss_start__ = _sbss
 *(.bss)
 .bss           0x0000000020000038       0x1c c:/st/stm32cubeide_1.7.0/stm32cubeide/plugins/com.st.stm32cube.ide.mcu.externaltools.gnu-tools-for-stm32.9-2020-q2-update.win32_2.0.0.202105311346/tools/bin/../lib/gcc/arm-none-eabi/9.3.1/thumb/v7e-m/nofp/crtbegin.o
 *(.bss*)
 .bss.radio_tx_flag
                0x0000000020000054        0x1 ./Application/App/subghz_phy_app.o
                0x0000000020000054                radio_tx_flag
 .bss.tx_cnt    0x0000000020000055        0x1 ./Application/App/subghz_phy_app.o
                0x0000000020000055                tx_cnt
 .bss.State     0x0000000020000056        0x1 ./Application/App/subghz_phy_app.o
                0x0000000020000056                State
 .bss.RssiValue
                0x0000000020000057        0x1 ./Application/App/subghz_phy_app.o
                0x0000000020000057                RssiValue
 .bss.SnrValue  0x0000000020000058        0x1 ./Application/App/subghz_phy_app.o
                0x0000000020000058                SnrValue
 *fill*         0x0000000020000059        0x3 
 .bss.timerLed  0x000000002000005c       0x18 ./Application/App/subghz_phy_app.o
 .bss.RadioEvents
                0x0000000020000074       0x1c ./Application/App/subghz_phy_app.o
 .bss.RTC_Initialized