Component: ARM Compiler 6.16 Tool: armlink [5dfeaa00]

==============================================================================

Section Cross References

    app_subghz_phy.o(.text.MX_SubGHz_Phy_Init) refers to sys_app.o(.text.SystemApp_Init) for SystemApp_Init
    app_subghz_phy.o(.text.MX_SubGHz_Phy_Init) refers to subghz_phy_app.o(.text.SubghzApp_Init) for SubghzApp_Init
    app_subghz_phy.o(.ARM.exidx.text.MX_SubGHz_Phy_Init) refers to app_subghz_phy.o(.text.MX_SubGHz_Phy_Init) for [Anonymous Symbol]
    app_subghz_phy.o(.text.MX_SubGHz_Phy_Process) refers to stm32_seq.o(.text.UTIL_SEQ_Run) for UTIL_SEQ_Run
    app_subghz_phy.o(.ARM.exidx.text.MX_SubGHz_Phy_Process) refers to app_subghz_phy.o(.text.MX_SubGHz_Phy_Process) for [Anonymous Symbol]
    subghz_phy_app.o(.text.SubghzApp_Init) refers to stm32_adv_trace.o(.text.UTIL_ADV_TRACE_COND_FSend) for UTIL_ADV_TRACE_COND_FSend
    subghz_phy_app.o(.text.SubghzApp_Init) refers to stm32_timer.o(.text.UTIL_TIMER_Create) for UTIL_TIMER_Create
    subghz_phy_app.o(.text.SubghzApp_Init) refers to stm32_timer.o(.text.UTIL_TIMER_SetPeriod) for UTIL_TIMER_SetPeriod
    subghz_phy_app.o(.text.SubghzApp_Init) refers to stm32_timer.o(.text.UTIL_TIMER_Start) for UTIL_TIMER_Start
    subghz_phy_app.o(.text.SubghzApp_Init) refers to board_resources.o(.text.SYS_LED_Init) for SYS_LED_Init
    subghz_phy_app.o(.text.SubghzApp_Init) refers to stm32_seq.o(.text.UTIL_SEQ_RegTask) for UTIL_SEQ_RegTask
    subghz_phy_app.o(.text.SubghzApp_Init) refers to subghz_phy_app.o(.bss..L_MergedGlobals.14) for [Anonymous Symbol]
    subghz_phy_app.o(.text.SubghzApp_Init) refers to subghz_phy_app.o(.text.OnledEvent) for OnledEvent
    subghz_phy_app.o(.text.SubghzApp_Init) refers to subghz_phy_app.o(.text.OnTxDone) for OnTxDone
    subghz_phy_app.o(.text.SubghzApp_Init) refers to subghz_phy_app.o(.text.OnRxDone) for OnRxDone
    subghz_phy_app.o(.text.SubghzApp_Init) refers to subghz_phy_app.o(.text.OnRxError) for OnRxError
    subghz_phy_app.o(.text.SubghzApp_Init) refers to subghz_phy_app.o(.text.OnRxTimeout) for OnRxTimeout
    subghz_phy_app.o(.text.SubghzApp_Init) refers to subghz_phy_app.o(.text.OnTxTimeout) for OnTxTimeout
    subghz_phy_app.o(.text.SubghzApp_Init) refers to radio.o(.rodata.Radio) for Radio
    subghz_phy_app.o(.text.SubghzApp_Init) refers to subghz_phy_app.o(.text.PingPong_Process) for PingPong_Process
    subghz_phy_app.o(.ARM.exidx.text.SubghzApp_Init) refers to subghz_phy_app.o(.text.SubghzApp_Init) for [Anonymous Symbol]
    subghz_phy_app.o(.text.OnledEvent) refers to board_resources.o(.text.SYS_LED_Toggle) for SYS_LED_Toggle
    subghz_phy_app.o(.text.OnledEvent) refers to stm32_timer.o(.text.UTIL_TIMER_Start) for UTIL_TIMER_Start
    subghz_phy_app.o(.text.OnledEvent) refers to subghz_phy_app.o(.bss..L_MergedGlobals.14) for [Anonymous Symbol]
    subghz_phy_app.o(.ARM.exidx.text.OnledEvent) refers to subghz_phy_app.o(.text.OnledEvent) for [Anonymous Symbol]
    subghz_phy_app.o(.text.OnTxDone) refers to subghz_phy_app.o(.text.OUTLINED_FUNCTION_0) for OUTLINED_FUNCTION_0
    subghz_phy_app.o(.text.OnTxDone) refers to stm32_seq.o(.text.UTIL_SEQ_SetTask) for UTIL_SEQ_SetTask
    subghz_phy_app.o(.text.OnTxDone) refers to radio.o(.rodata.Radio) for Radio
    subghz_phy_app.o(.text.OnTxDone) refers to subghz_phy_app.o(.bss..L_MergedGlobals.14) for [Anonymous Symbol]
    subghz_phy_app.o(.ARM.exidx.text.OnTxDone) refers to subghz_phy_app.o(.text.OnTxDone) for [Anonymous Symbol]
    subghz_phy_app.o(.text.OnRxDone) refers to stm32_adv_trace.o(.text.UTIL_ADV_TRACE_COND_FSend) for UTIL_ADV_TRACE_COND_FSend
    subghz_phy_app.o(.text.OnRxDone) refers to memcpya.o(.text) for __aeabi_memcpy
    subghz_phy_app.o(.text.OnRxDone) refers to stm32_seq.o(.text.UTIL_SEQ_SetTask) for UTIL_SEQ_SetTask
    subghz_phy_app.o(.text.OnRxDone) refers to radio.o(.rodata.Radio) for Radio
    subghz_phy_app.o(.text.OnRxDone) refers to subghz_phy_app.o(.data..L_MergedGlobals) for [Anonymous Symbol]
    subghz_phy_app.o(.text.OnRxDone) refers to subghz_phy_app.o(.bss.Buffer) for Buffer
    subghz_phy_app.o(.text.OnRxDone) refers to subghz_phy_app.o(.bss..L_MergedGlobals.14) for [Anonymous Symbol]
    subghz_phy_app.o(.ARM.exidx.text.OnRxDone) refers to subghz_phy_app.o(.text.OnRxDone) for [Anonymous Symbol]
    subghz_phy_app.o(.text.OnTxTimeout) refers to subghz_phy_app.o(.text.OUTLINED_FUNCTION_0) for OUTLINED_FUNCTION_0
    subghz_phy_app.o(.text.OnTxTimeout) refers to stm32_seq.o(.text.UTIL_SEQ_SetTask) for UTIL_SEQ_SetTask
    subghz_phy_app.o(.text.OnTxTimeout) refers to radio.o(.rodata.Radio) for Radio
    subghz_phy_app.o(.text.OnTxTimeout) refers to subghz_phy_app.o(.bss..L_MergedGlobals.14) for [Anonymous Symbol]
    subghz_phy_app.o(.ARM.exidx.text.OnTxTimeout) refers to subghz_phy_app.o(.text.OnTxTimeout) for [Anonymous Symbol]
    subghz_phy_app.o(.text.OnRxTimeout) refers to subghz_phy_app.o(.text.OUTLINED_FUNCTION_0) for OUTLINED_FUNCTION_0
[...]
    BusFault_Handler                         0x0800028d   Thumb Code     2  stm32wlxx_it.o(.text.BusFault_Handler)
    DBG_Init                                 0x08000291   Thumb Code   224  sys_debug.o(.text.DBG_Init)
    DMA1_Channel5_IRQHandler                 0x08000385   Thumb Code     8  stm32wlxx_it.o(.text.DMA1_Channel5_IRQHandler)
    DebugMon_Handler                         0x0800043f   Thumb Code     2  stm32wlxx_it.o(.text.DebugMon_Handler)
    Error_Handler                            0x08000441   Thumb Code     2  main.o(.text.Error_Handler)
    HAL_DBGMCU_EnableDBGSleepMode            0x08000445   Thumb Code     8  stm32wlxx_hal.o(.text.HAL_DBGMCU_EnableDBGSleepMode)
    HAL_DBGMCU_EnableDBGStandbyMode          0x0800044d   Thumb Code    12  stm32wlxx_hal.o(.text.HAL_DBGMCU_EnableDBGStandbyMode)
    HAL_DBGMCU_EnableDBGStopMode             0x08000459   Thumb Code     8  stm32wlxx_hal.o(.text.HAL_DBGMCU_EnableDBGStopMode)
    HAL_DMA_Abort                            0x08000465   Thumb Code   106  stm32wlxx_hal_dma.o(.text.HAL_DMA_Abort)
    HAL_DMA_Abort_IT                         0x080004cf   Thumb Code   102  stm32wlxx_hal_dma.o(.text.HAL_DMA_Abort_IT)
    HAL_DMA_ConfigChannelAttributes          0x08000535   Thumb Code    32  stm32wlxx_hal_dma.o(.text.HAL_DMA_ConfigChannelAttributes)
    HAL_DMA_DeInit                           0x08000555   Thumb Code   156  stm32wlxx_hal_dma.o(.text.HAL_DMA_DeInit)
    HAL_DMA_IRQHandler                       0x080005f9   Thumb Code   152  stm32wlxx_hal_dma.o(.text.HAL_DMA_IRQHandler)
    HAL_DMA_Init                             0x08000695   Thumb Code   180  stm32wlxx_hal_dma.o(.text.HAL_DMA_Init)
    HAL_DMA_Start_IT                         0x08000751   Thumb Code   128  stm32wlxx_hal_dma.o(.text.HAL_DMA_Start_IT)
    HAL_Delay                                0x080007d1   Thumb Code    12  sys_app.o(.text.HAL_Delay)
    HAL_GPIO_DeInit                          0x080007dd   Thumb Code   236  stm32wlxx_hal_gpio.o(.text.HAL_GPIO_DeInit)
    HAL_GPIO_Init                            0x080008c9   Thumb Code   352  stm32wlxx_hal_gpio.o(.text.HAL_GPIO_Init)
    HAL_GPIO_TogglePin                       0x08000a39   Thumb Code    16  stm32wlxx_hal_gpio.o(.text.HAL_GPIO_TogglePin)
    HAL_GPIO_WritePin                        0x08000a49   Thumb Code    12  stm32wlxx_hal_gpio.o(.text.HAL_GPIO_WritePin)
    HAL_GetTick                              0x08000a55   Thumb Code     4  sys_app.o(.text.HAL_GetTick)
    HAL_IncTick                              0x08000a59   Thumb Code    16  stm32wlxx_hal.o(.text.HAL_IncTick)
    HAL_Init                                 0x08000a71   Thumb Code    36  stm32wlxx_hal.o(.text.HAL_Init)
    HAL_InitTick                             0x08000a95   Thumb Code     4  sys_app.o(.text.HAL_InitTick)
    HAL_MspInit                              0x08000a99   Thumb Code     2  stm32wlxx_hal_msp.o(.text.HAL_MspInit)
    HAL_NVIC_DisableIRQ                      0x08000a9d   Thumb Code    32  stm32wlxx_hal_cortex.o(.text.HAL_NVIC_DisableIRQ)
    HAL_NVIC_EnableIRQ                       0x08000ac1   Thumb Code    24  stm32wlxx_hal_cortex.o(.text.HAL_NVIC_EnableIRQ)
    HAL_NVIC_SetPriority                     0x08000add   Thumb Code    72  stm32wlxx_hal_cortex.o(.text.HAL_NVIC_SetPriority)
    HAL_NVIC_SetPriorityGrouping             0x08000b29   Thumb Code    24  stm32wlxx_hal_cortex.o(.text.HAL_NVIC_SetPriorityGrouping)
    HAL_PWREx_DisableLowPowerRunMode         0x08000b49   Thumb Code    52  stm32wlxx_hal_pwr_ex.o(.text.HAL_PWREx_DisableLowPowerRunMode)
    HAL_PWREx_EnableLowPowerRunMode          0x08000b85   Thumb Code     8  stm32wlxx_hal_pwr_ex.o(.text.HAL_PWREx_EnableLowPowerRunMode)
    HAL_PWREx_EnterSTOP2Mode                 0x08000b8d   Thumb Code    40  stm32wlxx_hal_pwr_ex.o(.text.HAL_PWREx_EnterSTOP2Mode)
    HAL_PWREx_GetVoltageRange                0x08000bb5   Thumb Code    12  stm32wlxx_hal_pwr_ex.o(.text.HAL_PWREx_GetVoltageRange)
    HAL_PWR_EnableBkUpAccess                 0x08000bc1   Thumb Code    12  stm32wlxx_hal_pwr.o(.text.HAL_PWR_EnableBkUpAccess)
    HAL_PWR_EnterSLEEPMode                   0x08000bd1   Thumb Code    60  stm32wlxx_hal_pwr.o(.text.HAL_PWR_EnterSLEEPMode)
    HAL_RCCEx_PeriphCLKConfig                0x08000c15   Thumb Code   344  stm32wlxx_hal_rcc_ex.o(.text.HAL_RCCEx_PeriphCLKConfig)
    HAL_RCC_ClockConfig                      0x08000d71   Thumb Code   472  stm32wlxx_hal_rcc.o(.text.HAL_RCC_ClockConfig)
    HAL_RCC_GetHCLKFreq                      0x08000f55   Thumb Code    28  stm32wlxx_hal_rcc.o(.text.HAL_RCC_GetHCLKFreq)
    HAL_RCC_GetPCLK1Freq                     0x08000f75   Thumb Code    24  stm32wlxx_hal_rcc.o(.text.HAL_RCC_GetPCLK1Freq)
    HAL_RCC_GetPCLK2Freq                     0x08000f8d   Thumb Code    24  stm32wlxx_hal_rcc.o(.text.HAL_RCC_GetPCLK2Freq)
    HAL_RCC_GetSysClockFreq                  0x08000fa9   Thumb Code   220  stm32wlxx_hal_rcc.o(.text.HAL_RCC_GetSysClockFreq)
    HAL_RCC_MCOConfig                        0x08001091   Thumb Code    76  stm32wlxx_hal_rcc.o(.text.HAL_RCC_MCOConfig)
    HAL_RCC_OscConfig                        0x080010e1   Thumb Code  1332  stm32wlxx_hal_rcc.o(.text.HAL_RCC_OscConfig)
    HAL_RTCEx_AlarmBEventCallback            0x08001625   Thumb Code     2  stm32wlxx_hal_rtc_ex.o(.text.HAL_RTCEx_AlarmBEventCallback)
    HAL_RTCEx_BKUPRead                       0x08001629   Thumb Code     8  stm32wlxx_hal_rtc_ex.o(.text.HAL_RTCEx_BKUPRead)
    HAL_RTCEx_BKUPWrite                      0x08001631   Thumb Code     8  stm32wlxx_hal_rtc_ex.o(.text.HAL_RTCEx_BKUPWrite)
    HAL_RTCEx_EnableBypassShadow             0x0800163d   Thumb Code    36  stm32wlxx_hal_rtc_ex.o(.text.HAL_RTCEx_EnableBypassShadow)
    HAL_RTCEx_SSRUEventCallback              0x08001661   Thumb Code    16  timer_if.o(.text.HAL_RTCEx_SSRUEventCallback)
    HAL_RTCEx_SSRUIRQHandler                 0x08001671   Thumb Code    28  stm32wlxx_hal_rtc_ex.o(.text.HAL_RTCEx_SSRUIRQHandler)
    HAL_RTCEx_SetSSRU_IT                     0x0800168d   Thumb Code    52  stm32wlxx_hal_rtc_ex.o(.text.HAL_RTCEx_SetSSRU_IT)
    HAL_RTC_AlarmAEventCallback              0x080016c1   Thumb Code     4  timer_if.o(.text.HAL_RTC_AlarmAEventCallback)
    HAL_RTC_AlarmIRQHandler                  0x080016c5   Thumb Code    48  stm32wlxx_hal_rtc.o(.text.HAL_RTC_AlarmIRQHandler)
    HAL_RTC_DeactivateAlarm                  0x080016f9   Thumb Code    96  stm32wlxx_hal_rtc.o(.text.HAL_RTC_DeactivateAlarm)
    HAL_RTC_Init                             0x08001759   Thumb Code   136  stm32wlxx_hal_rtc.o(.text.HAL_RTC_Init)
    HAL_RTC_MspInit                          0x080017e5   Thumb Code   112  rtc.o(.text.HAL_RTC_MspInit)
    HAL_RTC_SetAlarm_IT                      0x0800185d   Thumb Code   172  stm32wlxx_hal_rtc.o(.text.HAL_RTC_SetAlarm_IT)
    HAL_RTC_WaitForSynchro                   0x08001915   Thumb Code    48  stm32wlxx_hal_rtc.o(.text.HAL_RTC_WaitForSynchro)
    HAL_ResumeTick                           0x08001949   Thumb Code     8  stm32wlxx_hal.o(.text.HAL_ResumeTick)
    HAL_SUBGHZ_CADStatusCallback             0x08001955   Thumb Code    28  radio_driver.o(.text.HAL_SUBGHZ_CADStatusCallback)
    HAL_SUBGHZ_CRCErrorCallback              0x08001971   Thumb Code     8  radio_driver.o(.text.HAL_SUBGHZ_CRCErrorCallback)
    HAL_SUBGHZ_ExecGetCmd                    0x08001979   Thumb Code    84  stm32wlxx_hal_subghz.o(.text.HAL_SUBGHZ_ExecGetCmd)
    HAL_SUBGHZ_ExecSetCmd                    0x080019cd   Thumb Code   116  stm32wlxx_hal_subghz.o(.text.HAL_SUBGHZ_ExecSetCmd)
    HAL_SUBGHZ_HeaderErrorCallback           0x08001a41   Thumb Code     8  radio_driver.o(.text.HAL_SUBGHZ_HeaderErrorCallback)
    HAL_SUBGHZ_HeaderValidCallback           0x08001a49   Thumb Code     8  radio_driver.o(.text.HAL_SUBGHZ_HeaderValidCallback)
    HAL_SUBGHZ_IRQHandler                    0x08001a51   Thumb Code   142  stm32wlxx_hal_subghz.o(.text.HAL_SUBGHZ_IRQHandler)
    HAL_SUBGHZ_Init                          0x08001ae1   Thumb Code   144  stm32wlxx_hal_subghz.o(.text.HAL_SUBGHZ_Init)
    HAL_SUBGHZ_MspInit                       0x08001b81   Thumb Code    44  subghz.o(.text.HAL_SUBGHZ_MspInit)
    HAL_SUBGHZ_PreambleDetectedCallback      0x08001bb1   Thumb Code     8  radio_driver.o(.text.HAL_SUBGHZ_PreambleDetectedCallback)
    HAL_SUBGHZ_ReadBuffer                    0x08001bb9   Thumb Code    84  stm32wlxx_hal_subghz.o(.text.HAL_SUBGHZ_ReadBuffer)
    HAL_SUBGHZ_ReadRegisters                 0x08001c0d   Thumb Code    92  stm32wlxx_hal_subghz.o(.text.HAL_SUBGHZ_ReadRegisters)
    HAL_SUBGHZ_RxCpltCallback                0x08001c69   Thumb Code     8  radio_driver.o(.text.HAL_SUBGHZ_RxCpltCallback)
    HAL_SUBGHZ_RxTxTimeoutCallback           0x08001c71   Thumb Code    12  radio_driver.o(.text.HAL_SUBGHZ_RxTxTimeoutCallback)
    HAL_SUBGHZ_SyncWordValidCallback         0x08001c7d   Thumb Code     8  radio_driver.o(.text.HAL_SUBGHZ_SyncWordValidCallback)
    HAL_SUBGHZ_TxCpltCallback                0x08001c85   Thumb Code     8  radio_driver.o(.text.HAL_SUBGHZ_TxCpltCallback)
    HAL_SUBGHZ_WriteBuffer                   0x08001c91   Thumb Code    84  stm32wlxx_hal_subghz.o(.text.HAL_SUBGHZ_WriteBuffer)
    HAL_SUBGHZ_WriteRegisters                0x08001ce5   Thumb Code   100  stm32wlxx_hal_subghz.o(.text.HAL_SUBGHZ_WriteRegisters)
    HAL_SuspendTick                          0x08001d51   Thumb Code     8  stm32wlxx_hal.o(.text.HAL_SuspendTick)
    HAL_UARTEx_EnableFifoMode                0x08001d5d   Thumb Code    68  stm32wlxx_hal_uart_ex.o(.text.HAL_UARTEx_EnableFifoMode)
    HAL_UARTEx_EnableStopMode                0x08001da1   Thumb Code    32  stm32wlxx_hal_uart_ex.o(.text.HAL_UARTEx_EnableStopMode)
    HAL_UARTEx_RxEventCallback               0x08001dc1   Thumb Code     2  stm32wlxx_hal_uart.o(.text.HAL_UARTEx_RxEventCallback)
    HAL_UARTEx_RxFifoFullCallback            0x08001dc3   Thumb Code     2  stm32wlxx_hal_uart_ex.o(.text.HAL_UARTEx_RxFifoFullCallback)
    HAL_UARTEx_SetRxFifoThreshold            0x08001dc5   Thumb Code    28  stm32wlxx_hal_uart_ex.o(.text.HAL_UARTEx_SetRxFifoThreshold)
    HAL_UARTEx_SetTxFifoThreshold            0x08001de1   Thumb Code    28  stm32wlxx_hal_uart_ex.o(.text.HAL_UARTEx_SetTxFifoThreshold)
    HAL_UARTEx_StopModeWakeUpSourceConfig    0x08001dfd   Thumb Code   124  stm32wlxx_hal_uart_ex.o(.text.HAL_UARTEx_StopModeWakeUpSourceConfig)
    HAL_UARTEx_TxFifoEmptyCallback           0x08001e79   Thumb Code     2  stm32wlxx_hal_uart_ex.o(.text.HAL_UARTEx_TxFifoEmptyCallback)
    HAL_UARTEx_WakeupCallback                0x08001e7b   Thumb Code     2  stm32wlxx_hal_uart_ex.o(.text.HAL_UARTEx_WakeupCallback)
    HAL_UART_ErrorCallback                   0x08001e7d   Thumb Code     2  stm32wlxx_hal_uart.o(.text.HAL_UART_ErrorCallback)
    HAL_UART_IRQHandler                      0x08001e81   Thumb Code   580  stm32wlxx_hal_uart.o(.text.HAL_UART_IRQHandler)
    HAL_UART_Init                            0x080020d5   Thumb Code    58  stm32wlxx_hal_uart.o(.text.HAL_UART_Init)
    HAL_UART_MspDeInit                       0x08002111   Thumb Code    52  usart.o(.text.HAL_UART_MspDeInit)
    HAL_UART_MspInit                         0x08002149   Thumb Code   196  usart.o(.text.HAL_UART_MspInit)
    HAL_UART_Receive_IT                      0x08002219   Thumb Code    48  stm32wlxx_hal_uart.o(.text.HAL_UART_Receive_IT)
    HAL_UART_RxCpltCallback                  0x08002249   Thumb Code    40  usart_if.o(.text.HAL_UART_RxCpltCallback)
    HAL_UART_Transmit_DMA                    0x08002275   Thumb Code   120  stm32wlxx_hal_uart.o(.text.HAL_UART_Transmit_DMA)
    HAL_UART_TxCpltCallback                  0x080022f9   Thumb Code     8  usart_if.o(.text.HAL_UART_TxCpltCallback)
    HAL_UART_TxHalfCpltCallback              0x08002305   Thumb Code     2  stm32wlxx_hal_uart.o(.text.HAL_UART_TxHalfCpltCallback)
    HardFault_Handler                        0x08002307   Thumb Code     2  stm32wlxx_it.o(.text.HardFault_Handler)
    MX_DMA_Init                              0x080023ad   Thumb Code    34  dma.o(.text.MX_DMA_Init)
    MX_RTC_Init                              0x080023d1   Thumb Code   108  rtc.o(.text.MX_RTC_Init)
    MX_SUBGHZ_Init                           0x08002445   Thumb Code    24  subghz.o(.text.MX_SUBGHZ_Init)
    MX_SubGHz_Phy_Init                       0x08002461   Thumb Code    14  app_subghz_phy.o(.text.MX_SubGHz_Phy_Init)
    MX_SubGHz_Phy_Process                    0x0800246f   Thumb Code     8  app_subghz_phy.o(.text.MX_SubGHz_Phy_Process)
    MX_USART2_UART_Init                      0x08002479   Thumb Code    96  usart.o(.text.MX_USART2_UART_Init)
    MemManage_Handler                        0x080024e1   Thumb Code     2  stm32wlxx_it.o(.text.MemManage_Handler)
    NMI_Handler                              0x080024e3   Thumb Code     2  stm32wlxx_it.o(.text.NMI_Handler)
    PWR_EnterOffMode                         0x08002aa5   Thumb Code     2  stm32_lpm_if.o(.text.PWR_EnterOffMode)
    PWR_EnterSleepMode                       0x08002aa7   Thumb Code    18  stm32_lpm_if.o(.text.PWR_EnterSleepMode)
    PWR_EnterStopMode                        0x08002ab9   Thumb Code    24  stm32_lpm_if.o(.text.PWR_EnterStopMode)
    PWR_ExitOffMode                          0x08002ad5   Thumb Code     2  stm32_lpm_if.o(.text.PWR_ExitOffMode)
    PWR_ExitSleepMode                        0x08002ad7   Thumb Code     4  stm32_lpm_if.o(.text.PWR_ExitSleepMode)
    PWR_ExitStopMode                         0x08002adb   Thumb Code    14  stm32_lpm_if.o(.text.PWR_ExitStopMode)
    PendSV_Handler                           0x08002ae9   Thumb Code     2  stm32wlxx_it.o(.text.PendSV_Handler)
    RBI_ConfigRFSwitch                       0x08002cdd   Thumb Code    44  radio_board_if.o(.text.RBI_ConfigRFSwitch)
    RBI_GetTxConfig                          0x08002d41   Thumb Code     4  radio_board_if.o(.text.RBI_GetTxConfig)
    RBI_GetWakeUpTime                        0x08002d45   Thumb Code     4  radio_board_if.o(.text.RBI_GetWakeUpTime)
    RBI_Init                                 0x08002d49   Thumb Code    92  radio_board_if.o(.text.RBI_Init)
    RBI_IsDCDC                               0x08002db1   Thumb Code     4  radio_board_if.o(.text.RBI_IsDCDC)
    RBI_IsTCXO                               0x08002db5   Thumb Code     4  radio_board_if.o(.text.RBI_IsTCXO)
    RTC_Alarm_IRQHandler                     0x08002e5d   Thumb Code     8  stm32wlxx_it.o(.text.RTC_Alarm_IRQHandler)
    RTC_ByteToBcd2                           0x08002e69   Thumb Code    36  stm32wlxx_hal_rtc.o(.text.RTC_ByteToBcd2)
    RTC_EnterInitMode                        0x08002e8d   Thumb Code    76  stm32wlxx_hal_rtc.o(.text.RTC_EnterInitMode)
    RTC_ExitInitMode                         0x08002edd   Thumb Code    72  stm32wlxx_hal_rtc.o(.text.RTC_ExitInitMode)
    SEQ_BitPosition                          0x08003e8d   Thumb Code    56  stm32_seq.o(.text.SEQ_BitPosition)
    SUBGHZSPI_Init                           0x08003ec9   Thumb Code    32  stm32wlxx_hal_subghz.o(.text.SUBGHZSPI_Init)
    SUBGHZSPI_Receive                        0x08003eed   Thumb Code    88  stm32wlxx_hal_subghz.o(.text.SUBGHZSPI_Receive)
    SUBGHZSPI_Transmit                       0x08003f45   Thumb Code    84  stm32wlxx_hal_subghz.o(.text.SUBGHZSPI_Transmit)
    SUBGHZ_CheckDeviceReady                  0x08003f9d   Thumb Code    44  stm32wlxx_hal_subghz.o(.text.SUBGHZ_CheckDeviceReady)
    SUBGHZ_Radio_IRQHandler                  0x08003fcd   Thumb Code     8  stm32wlxx_it.o(.text.SUBGHZ_Radio_IRQHandler)
    SUBGHZ_WaitOnBusy                        0x08003fd5   Thumb Code    60  stm32wlxx_hal_subghz.o(.text.SUBGHZ_WaitOnBusy)
    SUBGRF_Calibrate                         0x08004019   Thumb Code    28  radio_driver.o(.text.SUBGRF_Calibrate)
    SUBGRF_CalibrateImage                    0x08004035   Thumb Code   100  radio_driver.o(.text.SUBGRF_CalibrateImage)
    SUBGRF_GetOperatingMode                  0x080040ad   Thumb Code     8  radio_driver.o(.text.SUBGRF_GetOperatingMode)
    SUBGRF_GetPacketStatus                   0x080040b5   Thumb Code   116  radio_driver.o(.text.SUBGRF_GetPacketStatus)
    SUBGRF_GetPayload                        0x08004129   Thumb Code    48  radio_driver.o(.text.SUBGRF_GetPayload)
    SUBGRF_GetRadioWakeUpTime                0x08004159   Thumb Code     4  radio_driver.o(.text.SUBGRF_GetRadioWakeUpTime)
    SUBGRF_GetRandom                         0x0800415d   Thumb Code    96  radio_driver.o(.text.SUBGRF_GetRandom)
    SUBGRF_GetRssiInst                       0x080041c1   Thumb Code    28  radio_driver.o(.text.SUBGRF_GetRssiInst)
    SUBGRF_GetRxBufferStatus                 0x080041dd   Thumb Code    60  radio_driver.o(.text.SUBGRF_GetRxBufferStatus)
    SUBGRF_Init                              0x08004219   Thumb Code   100  radio_driver.o(.text.SUBGRF_Init)
    SUBGRF_ReadBuffer                        0x0800427d   Thumb Code    12  radio_driver.o(.text.SUBGRF_ReadBuffer)
    SUBGRF_ReadRegister                      0x08004289   Thumb Code    24  radio_driver.o(.text.SUBGRF_ReadRegister)
    SUBGRF_ReadRegisters                     0x080042a1   Thumb Code    12  radio_driver.o(.text.SUBGRF_ReadRegisters)
    SUBGRF_SendPayload                       0x080042ad   Thumb Code    18  radio_driver.o(.text.SUBGRF_SendPayload)
    SUBGRF_SetBufferBaseAddress              0x080042c1   Thumb Code    28  radio_driver.o(.text.SUBGRF_SetBufferBaseAddress)
    SUBGRF_SetCad                            0x080042dd   Thumb Code    24  radio_driver.o(.text.SUBGRF_SetCad)
    SUBGRF_SetCrcPolynomial                  0x080042f5   Thumb Code    32  radio_driver.o(.text.SUBGRF_SetCrcPolynomial)
    SUBGRF_SetCrcSeed                        0x08004315   Thumb Code    32  radio_driver.o(.text.SUBGRF_SetCrcSeed)
    SUBGRF_SetDioIrqParams                   0x08004339   Thumb Code    56  radio_driver.o(.text.SUBGRF_SetDioIrqParams)
    SUBGRF_SetLoRaSymbNumTimeout             0x08004375   Thumb Code    60  radio_driver.o(.text.SUBGRF_SetLoRaSymbNumTimeout)
    SUBGRF_SetModulationParams               0x080043b5   Thumb Code   200  radio_driver.o(.text.SUBGRF_SetModulationParams)
    SUBGRF_SetPaConfig                       0x08004485   Thumb Code    32  radio_driver.o(.text.SUBGRF_SetPaConfig)
    SUBGRF_SetPacketParams                   0x080044a5   Thumb Code   200  radio_driver.o(.text.SUBGRF_SetPacketParams)
    SUBGRF_SetPacketType                     0x08004571   Thumb Code    32  radio_driver.o(.text.SUBGRF_SetPacketType)
    SUBGRF_SetPayload                        0x08004599   Thumb Code    10  radio_driver.o(.text.SUBGRF_SetPayload)
    SUBGRF_SetRegulatorMode                  0x080045a5   Thumb Code    32  radio_driver.o(.text.SUBGRF_SetRegulatorMode)
    SUBGRF_SetRfFrequency                    0x080045c5   Thumb Code    52  radio_driver.o(.text.SUBGRF_SetRfFrequency)
    SUBGRF_SetRfTxPower                      0x080045fd   Thumb Code    40  radio_driver.o(.text.SUBGRF_SetRfTxPower)
    SUBGRF_SetRx                             0x08004625   Thumb Code    32  radio_driver.o(.text.SUBGRF_SetRx)
    SUBGRF_SetRxBoosted                      0x08004649   Thumb Code    52  radio_driver.o(.text.SUBGRF_SetRxBoosted)
    SUBGRF_SetRxDutyCycle                    0x08004685   Thumb Code    56  radio_driver.o(.text.SUBGRF_SetRxDutyCycle)
    SUBGRF_SetSleep                          0x080046c1   Thumb Code    48  radio_driver.o(.text.SUBGRF_SetSleep)
    SUBGRF_SetStandby                        0x080046f5   Thumb Code    32  radio_driver.o(.text.SUBGRF_SetStandby)
    SUBGRF_SetStopRxTimerOnPreambleDetect    0x0800471d   Thumb Code    20  radio_driver.o(.text.SUBGRF_SetStopRxTimerOnPreambleDetect)
    SUBGRF_SetSwitch                         0x08004735   Thumb Code    44  radio_driver.o(.text.SUBGRF_SetSwitch)
    SUBGRF_SetSyncWord                       0x08004761   Thumb Code    18  radio_driver.o(.text.SUBGRF_SetSyncWord)
    SUBGRF_SetTcxoMode                       0x08004775   Thumb Code    40  radio_driver.o(.text.SUBGRF_SetTcxoMode)
    SUBGRF_SetTx                             0x0800479d   Thumb Code    32  radio_driver.o(.text.SUBGRF_SetTx)
    SUBGRF_SetTxContinuousWave               0x080047c1   Thumb Code    12  radio_driver.o(.text.SUBGRF_SetTxContinuousWave)
    SUBGRF_SetTxInfinitePreamble             0x080047cd   Thumb Code    12  radio_driver.o(.text.SUBGRF_SetTxInfinitePreamble)
    SUBGRF_SetTxParams                       0x080047dd   Thumb Code   132  radio_driver.o(.text.SUBGRF_SetTxParams)
    SUBGRF_SetWhiteningSeed                  0x08004861   Thumb Code    52  radio_driver.o(.text.SUBGRF_SetWhiteningSeed)
    SUBGRF_WriteBuffer                       0x08004899   Thumb Code    12  radio_driver.o(.text.SUBGRF_WriteBuffer)
    SUBGRF_WriteRegister                     0x080048a5   Thumb Code    24  radio_driver.o(.text.SUBGRF_WriteRegister)
    SUBGRF_WriteRegisters                    0x080048bd   Thumb Code    12  radio_driver.o(.text.SUBGRF_WriteRegisters)
    SVC_Handler                              0x080048cd   Thumb Code     2  stm32wlxx_it.o(.text.SVC_Handler)
    SYS_LED_Init                             0x080048d1   Thumb Code    64  board_resources.o(.text.SYS_LED_Init)
    SYS_LED_Off                              0x08004911   Thumb Code    28  board_resources.o(.text.SYS_LED_Off)
    SYS_LED_Toggle                           0x0800492d   Thumb Code    24  board_resources.o(.text.SYS_LED_Toggle)
    SubghzApp_Init                           0x0800494d   Thumb Code   220  subghz_phy_app.o(.text.SubghzApp_Init)
    SysTick_Handler                          0x08004a6d   Thumb Code     4  stm32wlxx_it.o(.text.SysTick_Handler)
    SysTimeAdd                               0x08004a71   Thumb Code    36  stm32_systime.o(.text.SysTimeAdd)
    SysTimeGet                               0x08004a99   Thumb Code    64  stm32_systime.o(.text.SysTimeGet)
    SystemApp_Init                           0x08004add   Thumb Code   176  sys_app.o(.text.SystemApp_Init)
    SystemClock_Config                       0x08004ba1   Thumb Code   116  main.o(.text.SystemClock_Config)
    SystemInit                               0x08004c1d   Thumb Code     2  system_stm32wlxx.o(.text.SystemInit)
    TAMP_STAMP_LSECSS_SSRU_IRQHandler        0x08004c21   Thumb Code     8  stm32wlxx_it.o(.text.TAMP_STAMP_LSECSS_SSRU_IRQHandler)
    TIMER_IF_BkUp_Read_Seconds               0x08004c31   Thumb Code     8  timer_if.o(.text.TIMER_IF_BkUp_Read_Seconds)
    TIMER_IF_BkUp_Read_SubSeconds            0x08004c39   Thumb Code     8  timer_if.o(.text.TIMER_IF_BkUp_Read_SubSeconds)
    TIMER_IF_BkUp_Write_Seconds              0x08004c4d   Thumb Code    12  timer_if.o(.text.TIMER_IF_BkUp_Write_Seconds)
    TIMER_IF_BkUp_Write_SubSeconds           0x08004c59   Thumb Code    12  timer_if.o(.text.TIMER_IF_BkUp_Write_SubSeconds)
    TIMER_IF_Convert_Tick2ms                 0x08004c65   Thumb Code    16  timer_if.o(.text.TIMER_IF_Convert_Tick2ms)
    TIMER_IF_Convert_ms2Tick                 0x08004c75   Thumb Code     8  timer_if.o(.text.TIMER_IF_Convert_ms2Tick)
    TIMER_IF_DelayMs                         0x08004c7d   Thumb Code    24  timer_if.o(.text.TIMER_IF_DelayMs)
    TIMER_IF_GetMinimumTimeout               0x08004c95   Thumb Code     4  timer_if.o(.text.TIMER_IF_GetMinimumTimeout)
    TIMER_IF_GetTime                         0x08004c99   Thumb Code    40  timer_if.o(.text.TIMER_IF_GetTime)
    TIMER_IF_GetTimerContext                 0x08004cc1   Thumb Code     8  timer_if.o(.text.TIMER_IF_GetTimerContext)
    TIMER_IF_GetTimerElapsedTime             0x08004cc9   Thumb Code    16  timer_if.o(.text.TIMER_IF_GetTimerElapsedTime)
    TIMER_IF_GetTimerValue                   0x08004cd9   Thumb Code    20  timer_if.o(.text.TIMER_IF_GetTimerValue)
    TIMER_IF_Init                            0x08004ced   Thumb Code    60  timer_if.o(.text.TIMER_IF_Init)
    TIMER_IF_SetTimerContext                 0x08004d29   Thumb Code    12  timer_if.o(.text.TIMER_IF_SetTimerContext)
    TIMER_IF_StartTimer                      0x08004d39   Thumb Code    72  timer_if.o(.text.TIMER_IF_StartTimer)
    TIMER_IF_StopTimer                       0x08004d85   Thumb Code    24  timer_if.o(.text.TIMER_IF_StopTimer)
    TimerExists                              0x08004f61   Thumb Code    24  stm32_timer.o(.text.TimerExists)
    TimerInsertNewHeadTimer                  0x08004f79   Thumb Code    20  stm32_timer.o(.text.TimerInsertNewHeadTimer)
    TimerInsertTimer                         0x08004f8d   Thumb Code    32  stm32_timer.o(.text.TimerInsertTimer)
    TimerSetTimeout                          0x08004fb1   Thumb Code    56  stm32_timer.o(.text.TimerSetTimeout)
    UART_AdvFeatureConfig                    0x08005051   Thumb Code   168  stm32wlxx_hal_uart.o(.text.UART_AdvFeatureConfig)
    UART_CheckIdleState                      0x080050f9   Thumb Code    76  stm32wlxx_hal_uart.o(.text.UART_CheckIdleState)
    UART_SetConfig                           0x08005451   Thumb Code   424  stm32wlxx_hal_uart.o(.text.UART_SetConfig)
    UART_Start_Receive_IT                    0x08005631   Thumb Code   184  stm32wlxx_hal_uart.o(.text.UART_Start_Receive_IT)
    UART_WaitOnFlagUntilTimeout              0x080056f9   Thumb Code   126  stm32wlxx_hal_uart.o(.text.UART_WaitOnFlagUntilTimeout)
    USART2_IRQHandler                        0x08005779   Thumb Code     8  stm32wlxx_it.o(.text.USART2_IRQHandler)
    UTIL_ADV_TRACE_COND_FSend                0x08005785   Thumb Code   160  stm32_adv_trace.o(.text.UTIL_ADV_TRACE_COND_FSend)
    UTIL_ADV_TRACE_Init                      0x08005829   Thumb Code    36  stm32_adv_trace.o(.text.UTIL_ADV_TRACE_Init)
    UTIL_ADV_TRACE_PostSendHook              0x08005859   Thumb Code     8  sys_app.o(.text.UTIL_ADV_TRACE_PostSendHook)
    UTIL_ADV_TRACE_PreSendHook               0x08005861   Thumb Code     8  sys_app.o(.text.UTIL_ADV_TRACE_PreSendHook)
    UTIL_ADV_TRACE_RegisterTimeStampFunction 0x08005869   Thumb Code     8  stm32_adv_trace.o(.text.UTIL_ADV_TRACE_RegisterTimeStampFunction)
    UTIL_ADV_TRACE_SetVerboseLevel           0x08005871   Thumb Code     8  stm32_adv_trace.o(.text.UTIL_ADV_TRACE_SetVerboseLevel)
    UTIL_LPM_EnterLowPower                   0x0800587d   Thumb Code    52  stm32_lpm.o(.text.UTIL_LPM_EnterLowPower)
    UTIL_LPM_Init                            0x080058b5   Thumb Code    12  stm32_lpm.o(.text.UTIL_LPM_Init)
    UTIL_LPM_SetOffMode                      0x080058c1   Thumb Code    44  stm32_lpm.o(.text.UTIL_LPM_SetOffMode)
    UTIL_LPM_SetStopMode                     0x080058ed   Thumb Code    44  stm32_lpm.o(.text.UTIL_LPM_SetStopMode)
    UTIL_MEM_set_8                           0x0800591d   Thumb Code    14  stm32_mem.o(.text.UTIL_MEM_set_8)
    UTIL_SEQ_Idle                            0x0800592b   Thumb Code     4  sys_app.o(.text.UTIL_SEQ_Idle)
    UTIL_SEQ_PostIdle                        0x0800592f   Thumb Code     2  stm32_seq.o(.text.UTIL_SEQ_PostIdle)
    UTIL_SEQ_PreIdle                         0x08005931   Thumb Code     2  stm32_seq.o(.text.UTIL_SEQ_PreIdle)
    UTIL_SEQ_RegTask                         0x08005935   Thumb Code    32  stm32_seq.o(.text.UTIL_SEQ_RegTask)
    UTIL_SEQ_Run                             0x08005955   Thumb Code   224  stm32_seq.o(.text.UTIL_SEQ_Run)
    UTIL_SEQ_SetTask                         0x08005a3d   Thumb Code    36  stm32_seq.o(.text.UTIL_SEQ_SetTask)
    UTIL_TIMER_Create                        0x08005a65   Thumb Code    52  stm32_timer.o(.text.UTIL_TIMER_Create)
    UTIL_TIMER_GetCurrentTime                0x08005a99   Thumb Code    20  stm32_timer.o(.text.UTIL_TIMER_GetCurrentTime)
    UTIL_TIMER_GetElapsedTime                0x08005aad   Thumb Code    32  stm32_timer.o(.text.UTIL_TIMER_GetElapsedTime)
    UTIL_TIMER_IRQ_Handler                   0x08005acd   Thumb Code   128  stm32_timer.o(.text.UTIL_TIMER_IRQ_Handler)
    UTIL_TIMER_Init                          0x08005b4d   Thumb Code    12  stm32_timer.o(.text.UTIL_TIMER_Init)
    UTIL_TIMER_SetPeriod                     0x08005b59   Thumb Code    48  stm32_timer.o(.text.UTIL_TIMER_SetPeriod)
    UTIL_TIMER_Start                         0x08005b89   Thumb Code   108  stm32_timer.o(.text.UTIL_TIMER_Start)
    UTIL_TIMER_Stop                          0x08005bf5   Thumb Code    96  stm32_timer.o(.text.UTIL_TIMER_Stop)
    UsageFault_Handler                       0x08005c5d   Thumb Code     2  stm32wlxx_it.o(.text.UsageFault_Handler)
    main                                     0x08005c5f   Thumb Code    18  main.o(.text.main)
    tiny_vsnprintf_like                      0x08005c99   Thumb Code   612  stm32_tiny_vsnprintf.o(.text.tiny_vsnprintf_like)
    vcom_DeInit                              0x08005f51   Thumb Code    36  usart_if.o(.text.vcom_DeInit)
    vcom_Init                                0x08005f79   Thumb Code    28  usart_if.o(.text.vcom_Init)
    vcom_ReceiveInit                         0x08005f9d   Thumb Code    64  usart_if.o(.text.vcom_ReceiveInit)
    vcom_Resume                              0x08005fe1   Thumb Code    32  usart_if.o(.text.vcom_Resume)
    vcom_Trace_DMA                           0x08006005   Thumb Code    16  usart_if.o(.text.vcom_Trace_DMA)
    __scatterload_copy                       0x08006019   Thumb Code    14  handlers.o(i.__scatterload_copy)
    __scatterload_null                       0x08006027   Thumb Code     2  handlers.o(i.__scatterload_null)
    __scatterload_zeroinit                   0x08006029   Thumb Code    14  handlers.o(i.__scatterload_zeroinit)
    AHBPrescTable                            0x08006050   Data          64  system_stm32wlxx.o(.rodata.AHBPrescTable)
    APBPrescTable                            0x08006090   Data          32  system_stm32wlxx.o(.rodata.APBPrescTable)
    Bandwidths                               0x080060b0   Data          12  radio.o(.rodata.Bandwidths)
    FskBandwidths                            0x080060bc   Data         176  radio.o(.rodata.FskBandwidths)
    MSIRangeTable                            0x0800616c   Data          64  system_stm32wlxx.o(.rodata.MSIRangeTable)
    Radio                                    0x080061ac   Data         124  radio.o(.rodata.Radio)
    UARTPrescTable                           0x0800623c   Data          24  stm32wlxx_hal_uart.o(.rodata.UARTPrescTable)
    UTIL_PowerDriver                         0x08006254   Data          24  stm32_lpm_if.o(.rodata.UTIL_PowerDriver)
    UTIL_SYSTIMDriver                        0x0800626c   Data          20  timer_if.o(.rodata.UTIL_SYSTIMDriver)
    UTIL_TimerDriver                         0x08006280   Data          44  timer_if.o(.rodata.UTIL_TimerDriver)
    UTIL_TraceDriver                         0x080062ac   Data          16  usart_if.o(.rodata.UTIL_TraceDriver)
    Region$$Table$$Base                      0x08006328   Number         0  anon$$obj.o(Region$$Table)
    Region$$Table$$Limit                     0x08006348   Number         0  anon$$obj.o(Region$$Table)
    isMaster                                 0x20000000   Data           1  subghz_phy_app.o(.data..L_MergedGlobals)
    BufferSize                               0x20000002   Data           2  subghz_phy_app.o(.data..L_MergedGlobals)
    uwTickPrio                               0x20000004   Data           4  stm32wlxx_hal.o(.data..L_MergedGlobals)
    uwTickFreq                               0x20000008   Data           4  stm32wlxx_hal.o(.data..L_MergedGlobals)
    SystemCoreClock                          0x20000018   Data           4  system_stm32wlxx.o(.data.SystemCoreClock)
    charRx                                   0x20000028   Data           1  usart_if.o(.bss..L_MergedGlobals)
    TxTimeoutTimer                           0x20000034   Data          28  radio.o(.bss..L_MergedGlobals)
    RxTimeoutTimer                           0x20000050   Data          28  radio.o(.bss..L_MergedGlobals)
    FrequencyError                           0x20000070   Data           4  radio_driver.o(.bss..L_MergedGlobals)
    RssiValue                                0x2000008c   Data           1  subghz_phy_app.o(.bss..L_MergedGlobals.14)
    SnrValue                                 0x2000008d   Data           1  subghz_phy_app.o(.bss..L_MergedGlobals.14)
    State                                    0x20000090   Data           4  subghz_phy_app.o(.bss..L_MergedGlobals.14)
    Buffer                                   0x20000308   Data          64  subghz_phy_app.o(.bss.Buffer)
    SubgRf                                   0x20000448   Data         152  radio.o(.bss.SubgRf)
    hdma_usart2_tx                           0x20000568   Data         100  usart.o(.bss.hdma_usart2_tx)
    hrtc                                     0x200005cc   Data          60  rtc.o(.bss.hrtc)
    hsubghz                                  0x20000608   Data          20  subghz.o(.bss.hsubghz)
    huart2                                   0x2000061c   Data         144  usart.o(.bss.huart2)
    uwTick                                   0x200007ac   Data           4  stm32wlxx_hal.o(.bss.uwTick)
    __initial_sp                             0x20000fb0   Data           0  startup_stm32wl55xx_cm4.o(STACK)



==============================================================================

Memory Map of the image

  Image Entry point : 0x08000139

  Load Region LR_IROM1 (Base: 0x08000000, Size: 0x00006368, Max: 0x00040000, ABSOLUTE)

    Execution Region ER_IROM1 (Exec base: 0x08000000, Load base: 0x08000000, Size: 0x00006348, Max: 0x00040000, ABSOLUTE)

    Exec Addr    Load Addr    Size         Type   Attr      Idx    E Section Name        Object

    0x08000000   0x08000000   0x00000138   Data   RO          355    RESET               startup_stm32wl55xx_cm4.o
    0x08000138   0x08000138   0x00000000   Code   RO         2102  * .ARM.Collect$$$$00000000  mc_w.l(entry.o)
    0x08000138   0x08000138   0x00000004   Code   RO         2115    .ARM.Collect$$$$00000001  mc_w.l(entry2.o)
    0x0800013c   0x0800013c   0x00000004   Code   RO         2118    .ARM.Collect$$$$00000004  mc_w.l(entry5.o)
    0x08000140   0x08000140   0x00000000   Code   RO         2120    .ARM.Collect$$$$00000008  mc_w.l(entry7b.o)
    0x08000140   0x08000140   0x00000000   Code   RO         2122    .ARM.Collect$$$$0000000A  mc_w.l(entry8b.o)
    0x08000140   0x08000140   0x00000008   Code   RO         2123    .ARM.Collect$$$$0000000B  mc_w.l(entry9a.o)
    0x08000148   0x08000148   0x00000000   Code   RO         2125    .ARM.Collect$$$$0000000D  mc_w.l(entry10a.o)
    0x08000148   0x08000148   0x00000000   Code   RO         2127    .ARM.Collect$$$$0000000F  mc_w.l(entry11a.o)
    0x08000148   0x08000148   0x00000004   Code   RO         2116    .ARM.Collect$$$$00002712  mc_w.l(entry2.o)
    0x0800014c   0x0800014c   0x00000024   Code   RO          356    .text               startup_stm32wl55xx_cm4.o
    0x08000170   0x08000170   0x00000062   Code   RO         2105    .text               mc_w.l(uldiv.o)
    0x080001d2   0x080001d2   0x00000024   Code   RO         2107    .text               mc_w.l(memcpya.o)
    0x080001f6   0x080001f6   0x00000024   Code   RO         2109    .text               mc_w.l(memseta.o)
    0x0800021a   0x0800021a   0x0000000e   Code   RO         2111    .text               mc_w.l(strlen.o)
    0x08000228   0x08000228   0x0000001e   Code   RO         2129    .text               mc_w.l(llshl.o)
    0x08000246   0x08000246   0x00000020   Code   RO         2131    .text               mc_w.l(llushr.o)
    0x08000266   0x08000266   0x00000002   PAD
    0x08000268   0x08000268   0x00000024   Code   RO         2133    .text               mc_w.l(init.o)
    0x0800028c   0x0800028c   0x00000002   Code   RO          225    .text.BusFault_Handler  stm32wlxx_it.o
    0x0800028e   0x0800028e   0x00000002   PAD
    0x08000290   0x08000290   0x000000f4   Code   RO          297    .text.DBG_Init      sys_debug.o
    0x08000384   0x08000384   0x0000000c   Code   RO          239    .text.DMA1_Channel5_IRQHandler  stm32wlxx_it.o
    0x08000390   0x08000390   0x0000004c   Code   RO          619    .text.DMA_CalcDMAMUXChannelBaseAndMask  stm32wlxx_hal_dma.o
    0x080003dc   0x080003dc   0x00000028   Code   RO          621    .text.DMA_CalcDMAMUXRequestGenBaseAndMask  stm32wlxx_hal_dma.o
    0x08000404   0x08000404   0x0000003a   Code   RO          627    .text.DMA_SetConfig  stm32wlxx_hal_dma.o
    0x0800043e   0x0800043e   0x00000002   Code   RO          231    .text.DebugMon_Handler  stm32wlxx_it.o
    0x08000440   0x08000440   0x00000002   Code   RO          108    .text.Error_Handler  main.o
    0x08000442   0x08000442   0x00000002   PAD
    0x08000444   0x08000444   0x00000008   Code   RO          517    .text.HAL_DBGMCU_EnableDBGSleepMode  stm32wlxx_hal.o
    0x0800044c   0x0800044c   0x0000000c   Code   RO          525    .text.HAL_DBGMCU_EnableDBGStandbyMode  stm32wlxx_hal.o
    0x08000458   0x08000458   0x0000000c   Code   RO          521    .text.HAL_DBGMCU_EnableDBGStopMode  stm32wlxx_hal.o
    0x08000464   0x08000464   0x0000006a   Code   RO          631    .text.HAL_DMA_Abort  stm32wlxx_hal_dma.o
    0x080004ce   0x080004ce   0x00000066   Code   RO          633    .text.HAL_DMA_Abort_IT  stm32wlxx_hal_dma.o
    0x08000534   0x08000534   0x00000020   Code   RO          647    .text.HAL_DMA_ConfigChannelAttributes  stm32wlxx_hal_dma.o
    0x08000554   0x08000554   0x000000a4   Code   RO          623    .text.HAL_DMA_DeInit  stm32wlxx_hal_dma.o
    0x080005f8   0x080005f8   0x0000009c   Code   RO          637    .text.HAL_DMA_IRQHandler  stm32wlxx_hal_dma.o
    0x08000694   0x08000694   0x000000bc   Code   RO          617    .text.HAL_DMA_Init  stm32wlxx_hal_dma.o
    0x08000750   0x08000750   0x00000080   Code   RO          629    .text.HAL_DMA_Start_IT  stm32wlxx_hal_dma.o
    0x080007d0   0x080007d0   0x0000000c   Code   RO          283    .text.HAL_Delay     sys_app.o
    0x080007dc   0x080007dc   0x000000ec   Code   RO          782    .text.HAL_GPIO_DeInit  stm32wlxx_hal_gpio.o
    0x080008c8   0x080008c8   0x00000170   Code   RO          780    .text.HAL_GPIO_Init  stm32wlxx_hal_gpio.o
    0x08000a38   0x08000a38   0x00000010   Code   RO          788    .text.HAL_GPIO_TogglePin  stm32wlxx_hal_gpio.o
    0x08000a48   0x08000a48   0x0000000c   Code   RO          786    .text.HAL_GPIO_WritePin  stm32wlxx_hal_gpio.o
    0x08000a54   0x08000a54   0x00000004   Code   RO          281    .text.HAL_GetTick   sys_app.o
    0x08000a58   0x08000a58   0x00000018   Code   RO          489    .text.HAL_IncTick   stm32wlxx_hal.o
    0x08000a70   0x08000a70   0x00000024   Code   RO          479    .text.HAL_Init      stm32wlxx_hal.o
    0x08000a94   0x08000a94   0x00000004   Code   RO          279    .text.HAL_InitTick  sys_app.o
    0x08000a98   0x08000a98   0x00000002   Code   RO          211    .text.HAL_MspInit   stm32wlxx_hal_msp.o
    0x08000a9a   0x08000a9a   0x00000002   PAD
    0x08000a9c   0x08000a9c   0x00000024   Code   RO          575    .text.HAL_NVIC_DisableIRQ  stm32wlxx_hal_cortex.o
    0x08000ac0   0x08000ac0   0x0000001c   Code   RO          573    .text.HAL_NVIC_EnableIRQ  stm32wlxx_hal_cortex.o
    0x08000adc   0x08000adc   0x0000004c   Code   RO          571    .text.HAL_NVIC_SetPriority  stm32wlxx_hal_cortex.o
    0x08000b28   0x08000b28   0x00000020   Code   RO          569    .text.HAL_NVIC_SetPriorityGrouping  stm32wlxx_hal_cortex.o
    0x08000b48   0x08000b48   0x0000003c   Code   RO          912    .text.HAL_PWREx_DisableLowPowerRunMode  stm32wlxx_hal_pwr_ex.o
    0x08000b84   0x08000b84   0x00000008   Code   RO          910    .text.HAL_PWREx_EnableLowPowerRunMode  stm32wlxx_hal_pwr_ex.o
    0x08000b8c   0x08000b8c   0x00000028   Code   RO          918    .text.HAL_PWREx_EnterSTOP2Mode  stm32wlxx_hal_pwr_ex.o
    0x08000bb4   0x08000bb4   0x0000000c   Code   RO          844    .text.HAL_PWREx_GetVoltageRange  stm32wlxx_hal_pwr_ex.o
    0x08000bc0   0x08000bc0   0x00000010   Code   RO          806    .text.HAL_PWR_EnableBkUpAccess  stm32wlxx_hal_pwr.o
    0x08000bd0   0x08000bd0   0x00000044   Code   RO          820    .text.HAL_PWR_EnterSLEEPMode  stm32wlxx_hal_pwr.o
    0x08000c14   0x08000c14   0x0000015c   Code   RO         1003    .text.HAL_RCCEx_PeriphCLKConfig  stm32wlxx_hal_rcc_ex.o
    0x08000d70   0x08000d70   0x000001e4   Code   RO          954    .text.HAL_RCC_ClockConfig  stm32wlxx_hal_rcc.o
    0x08000f54   0x08000f54   0x00000020   Code   RO          952    .text.HAL_RCC_GetHCLKFreq  stm32wlxx_hal_rcc.o
    0x08000f74   0x08000f74   0x00000018   Code   RO          964    .text.HAL_RCC_GetPCLK1Freq  stm32wlxx_hal_rcc.o
    0x08000f8c   0x08000f8c   0x0000001c   Code   RO          966    .text.HAL_RCC_GetPCLK2Freq  stm32wlxx_hal_rcc.o
    0x08000fa8   0x08000fa8   0x000000e8   Code   RO          958    .text.HAL_RCC_GetSysClockFreq  stm32wlxx_hal_rcc.o
    0x08001090   0x08001090   0x00000050   Code   RO          956    .text.HAL_RCC_MCOConfig  stm32wlxx_hal_rcc.o
    0x080010e0   0x080010e0   0x00000544   Code   RO          948    .text.HAL_RCC_OscConfig  stm32wlxx_hal_rcc.o
    0x08001624   0x08001624   0x00000002   Code   RO         1197    .text.HAL_RTCEx_AlarmBEventCallback  stm32wlxx_hal_rtc_ex.o
    0x08001626   0x08001626   0x00000002   PAD
    0x08001628   0x08001628   0x00000008   Code   RO         1235    .text.HAL_RTCEx_BKUPRead  stm32wlxx_hal_rtc_ex.o
    0x08001630   0x08001630   0x0000000c   Code   RO         1233    .text.HAL_RTCEx_BKUPWrite  stm32wlxx_hal_rtc_ex.o
    0x0800163c   0x0800163c   0x00000024   Code   RO         1181    .text.HAL_RTCEx_EnableBypassShadow  stm32wlxx_hal_rtc_ex.o
    0x08001660   0x08001660   0x00000010   Code   RO          172    .text.HAL_RTCEx_SSRUEventCallback  timer_if.o
    0x08001670   0x08001670   0x0000001c   Code   RO         1193    .text.HAL_RTCEx_SSRUIRQHandler  stm32wlxx_hal_rtc_ex.o
    0x0800168c   0x0800168c   0x00000034   Code   RO         1189    .text.HAL_RTCEx_SetSSRU_IT  stm32wlxx_hal_rtc_ex.o
    0x080016c0   0x080016c0   0x00000004   Code   RO          170    .text.HAL_RTC_AlarmAEventCallback  timer_if.o
    0x080016c4   0x080016c4   0x00000034   Code   RO         1093    .text.HAL_RTC_AlarmIRQHandler  stm32wlxx_hal_rtc.o
    0x080016f8   0x080016f8   0x00000060   Code   RO         1089    .text.HAL_RTC_DeactivateAlarm  stm32wlxx_hal_rtc.o
    0x08001758   0x08001758   0x0000008c   Code   RO         1051    .text.HAL_RTC_Init  stm32wlxx_hal_rtc.o
    0x080017e4   0x080017e4   0x00000078   Code   RO          123    .text.HAL_RTC_MspInit  rtc.o
    0x0800185c   0x0800185c   0x000000b8   Code   RO         1087    .text.HAL_RTC_SetAlarm_IT  stm32wlxx_hal_rtc.o
    0x08001914   0x08001914   0x00000034   Code   RO         1099    .text.HAL_RTC_WaitForSynchro  stm32wlxx_hal_rtc.o
    0x08001948   0x08001948   0x0000000c   Code   RO          503    .text.HAL_ResumeTick  stm32wlxx_hal.o
    0x08001954   0x08001954   0x0000001c   Code   RO         1845    .text.HAL_SUBGHZ_CADStatusCallback  radio_driver.o
    0x08001970   0x08001970   0x00000008   Code   RO         1843    .text.HAL_SUBGHZ_CRCErrorCallback  radio_driver.o
    0x08001978   0x08001978   0x00000054   Code   RO         1297    .text.HAL_SUBGHZ_ExecGetCmd  stm32wlxx_hal_subghz.o
    0x080019cc   0x080019cc   0x00000074   Code   RO         1295    .text.HAL_SUBGHZ_ExecSetCmd  stm32wlxx_hal_subghz.o
    0x08001a40   0x08001a40   0x00000008   Code   RO         1849    .text.HAL_SUBGHZ_HeaderErrorCallback  radio_driver.o
    0x08001a48   0x08001a48   0x00000008   Code   RO         1855    .text.HAL_SUBGHZ_HeaderValidCallback  radio_driver.o
    0x08001a50   0x08001a50   0x0000008e   Code   RO         1303    .text.HAL_SUBGHZ_IRQHandler  stm32wlxx_hal_subghz.o
    0x08001ade   0x08001ade   0x00000002   PAD
    0x08001ae0   0x08001ae0   0x000000a0   Code   RO         1267    .text.HAL_SUBGHZ_Init  stm32wlxx_hal_subghz.o
    0x08001b80   0x08001b80   0x00000030   Code   RO          256    .text.HAL_SUBGHZ_MspInit  subghz.o
    0x08001bb0   0x08001bb0   0x00000008   Code   RO         1851    .text.HAL_SUBGHZ_PreambleDetectedCallback  radio_driver.o
    0x08001bb8   0x08001bb8   0x00000054   Code   RO         1301    .text.HAL_SUBGHZ_ReadBuffer  stm32wlxx_hal_subghz.o
    0x08001c0c   0x08001c0c   0x0000005c   Code   RO         1287    .text.HAL_SUBGHZ_ReadRegisters  stm32wlxx_hal_subghz.o
    0x08001c68   0x08001c68   0x00000008   Code   RO         1841    .text.HAL_SUBGHZ_RxCpltCallback  radio_driver.o
    0x08001c70   0x08001c70   0x0000000c   Code   RO         1847    .text.HAL_SUBGHZ_RxTxTimeoutCallback  radio_driver.o
    0x08001c7c   0x08001c7c   0x00000008   Code   RO         1853    .text.HAL_SUBGHZ_SyncWordValidCallback  radio_driver.o
    0x08001c84   0x08001c84   0x0000000c   Code   RO         1839    .text.HAL_SUBGHZ_TxCpltCallback  radio_driver.o
    0x08001c90   0x08001c90   0x00000054   Code   RO         1299    .text.HAL_SUBGHZ_WriteBuffer  stm32wlxx_hal_subghz.o
    0x08001ce4   0x08001ce4   0x0000006c   Code   RO         1279    .text.HAL_SUBGHZ_WriteRegisters  stm32wlxx_hal_subghz.o
    0x08001d50   0x08001d50   0x0000000c   Code   RO          501    .text.HAL_SuspendTick  stm32wlxx_hal.o
    0x08001d5c   0x08001d5c   0x00000044   Code   RO         1589    .text.HAL_UARTEx_EnableFifoMode  stm32wlxx_hal_uart_ex.o
    0x08001da0   0x08001da0   0x00000020   Code   RO         1585    .text.HAL_UARTEx_EnableStopMode  stm32wlxx_hal_uart_ex.o
    0x08001dc0   0x08001dc0   0x00000002   Code   RO         1447    .text.HAL_UARTEx_RxEventCallback  stm32wlxx_hal_uart.o
    0x08001dc2   0x08001dc2   0x00000002   Code   RO         1577    .text.HAL_UARTEx_RxFifoFullCallback  stm32wlxx_hal_uart_ex.o
    0x08001dc4   0x08001dc4   0x0000001c   Code   RO         1597    .text.HAL_UARTEx_SetRxFifoThreshold  stm32wlxx_hal_uart_ex.o
    0x08001de0   0x08001de0   0x0000001c   Code   RO         1595    .text.HAL_UARTEx_SetTxFifoThreshold  stm32wlxx_hal_uart_ex.o
    0x08001dfc   0x08001dfc   0x0000007c   Code   RO         1583    .text.HAL_UARTEx_StopModeWakeUpSourceConfig  stm32wlxx_hal_uart_ex.o
    0x08001e78   0x08001e78   0x00000002   Code   RO         1579    .text.HAL_UARTEx_TxFifoEmptyCallback  stm32wlxx_hal_uart_ex.o
    0x08001e7a   0x08001e7a   0x00000002   Code   RO         1575    .text.HAL_UARTEx_WakeupCallback  stm32wlxx_hal_uart_ex.o
    0x08001e7c   0x08001e7c   0x00000002   Code   RO         1445    .text.HAL_UART_ErrorCallback  stm32wlxx_hal_uart.o
    0x08001e7e   0x08001e7e   0x00000002   PAD
    0x08001e80   0x08001e80   0x00000254   Code   RO         1441    .text.HAL_UART_IRQHandler  stm32wlxx_hal_uart.o
    0x080020d4   0x080020d4   0x0000003a   Code   RO         1353    .text.HAL_UART_Init  stm32wlxx_hal_uart.o
    0x0800210e   0x0800210e   0x00000002   PAD
    0x08002110   0x08002110   0x00000038   Code   RO          315    .text.HAL_UART_MspDeInit  usart.o
    0x08002148   0x08002148   0x000000d0   Code   RO          313    .text.HAL_UART_MspInit  usart.o
    0x08002218   0x08002218   0x00000030   Code   RO         1389    .text.HAL_UART_Receive_IT  stm32wlxx_hal_uart.o
    0x08002248   0x08002248   0x0000002c   Code   RO          341    .text.HAL_UART_RxCpltCallback  usart_if.o
    0x08002274   0x08002274   0x00000084   Code   RO         1393    .text.HAL_UART_Transmit_DMA  stm32wlxx_hal_uart.o
    0x080022f8   0x080022f8   0x0000000c   Code   RO          339    .text.HAL_UART_TxCpltCallback  usart_if.o
    0x08002304   0x08002304   0x00000002   Code   RO         1451    .text.HAL_UART_TxHalfCpltCallback  stm32wlxx_hal_uart.o
    0x08002306   0x08002306   0x00000002   Code   RO          221    .text.HardFault_Handler  stm32wlxx_it.o
    0x08002308   0x08002308   0x0000001c   Code   RO           94    .text.LL_AHB1_GRP1_EnableClock  dma.o
    0x08002324   0x08002324   0x00000018   Code   RO           48    .text.LL_AHB2_GRP1_EnableClock  board_resources.o
    0x0800233c   0x0800233c   0x00000018   Code   RO          287    .text.LL_AHB2_GRP1_EnableClock  sys_app.o
    0x08002354   0x08002354   0x00000018   Code   RO          299    .text.LL_AHB2_GRP1_EnableClock  sys_debug.o
    0x0800236c   0x0800236c   0x00000020   Code   RO          365    .text.LL_AHB2_GRP1_EnableClock  radio_board_if.o
    0x0800238c   0x0800238c   0x00000020   Code   RO         1005    .text.LL_RCC_SetI2CClockSource  stm32wlxx_hal_rcc_ex.o
    0x080023ac   0x080023ac   0x00000022   Code   RO           92    .text.MX_DMA_Init   dma.o
    0x080023ce   0x080023ce   0x00000002   PAD
    0x080023d0   0x080023d0   0x00000074   Code   RO          121    .text.MX_RTC_Init   rtc.o
    0x08002444   0x08002444   0x0000001c   Code   RO          254    .text.MX_SUBGHZ_Init  subghz.o
    0x08002460   0x08002460   0x0000000e   Code   RO            3    .text.MX_SubGHz_Phy_Init  app_subghz_phy.o
    0x0800246e   0x0800246e   0x00000008   Code   RO            5    .text.MX_SubGHz_Phy_Process  app_subghz_phy.o
    0x08002476   0x08002476   0x00000002   PAD
    0x08002478   0x08002478   0x00000068   Code   RO          311    .text.MX_USART2_UART_Init  usart.o
    0x080024e0   0x080024e0   0x00000002   Code   RO          223    .text.MemManage_Handler  stm32wlxx_it.o
    0x080024e2   0x080024e2   0x00000002   Code   RO          219    .text.NMI_Handler   stm32wlxx_it.o
    0x080024e4   0x080024e4   0x0000000a   Code   RO           30    .text.OUTLINED_FUNCTION_0  subghz_phy_app.o
    0x080024ee   0x080024ee   0x00000010   Code   RO          176    .text.OUTLINED_FUNCTION_0  timer_if.o
    0x080024fe   0x080024fe   0x00000008   Code   RO          301    .text.OUTLINED_FUNCTION_0  sys_debug.o
    0x08002506   0x08002506   0x00000008   Code   RO          379    .text.OUTLINED_FUNCTION_0  radio_board_if.o
    0x0800250e   0x0800250e   0x0000000a   Code   RO          549    .text.OUTLINED_FUNCTION_0  stm32wlxx_hal.o
    0x08002518   0x08002518   0x0000000a   Code   RO          926    .text.OUTLINED_FUNCTION_0  stm32wlxx_hal_pwr_ex.o
    0x08002522   0x08002522   0x00000028   Code   RO          978    .text.OUTLINED_FUNCTION_0  stm32wlxx_hal_rcc.o
    0x0800254a   0x0800254a   0x00000014   Code   RO         1033    .text.OUTLINED_FUNCTION_0  stm32wlxx_hal_rcc_ex.o
    0x0800255e   0x0800255e   0x0000000c   Code   RO         1103    .text.OUTLINED_FUNCTION_0  stm32wlxx_hal_rtc.o
    0x0800256a   0x0800256a   0x00000010   Code   RO         1237    .text.OUTLINED_FUNCTION_0  stm32wlxx_hal_rtc_ex.o
    0x0800257a   0x0800257a   0x0000000e   Code   RO         1327    .text.OUTLINED_FUNCTION_0  stm32wlxx_hal_subghz.o
    0x08002588   0x08002588   0x00000016   Code   RO         1491    .text.OUTLINED_FUNCTION_0  stm32wlxx_hal_uart.o
    0x0800259e   0x0800259e   0x0000001c   Code   RO         1605    .text.OUTLINED_FUNCTION_0  stm32wlxx_hal_uart_ex.o
    0x080025ba   0x080025ba   0x00000010   Code   RO         1694    .text.OUTLINED_FUNCTION_0  radio.o
    0x080025ca   0x080025ca   0x00000006   Code   RO         1857    .text.OUTLINED_FUNCTION_0  radio_driver.o
    0x080025d0   0x080025d0   0x00000012   Code   RO         1918    .text.OUTLINED_FUNCTION_0  stm32_adv_trace.o
    0x080025e2   0x080025e2   0x0000000a   Code   RO          178    .text.OUTLINED_FUNCTION_1  timer_if.o
    0x080025ec   0x080025ec   0x00000006   Code   RO          980    .text.OUTLINED_FUNCTION_1  stm32wlxx_hal_rcc.o
    0x080025f2   0x080025f2   0x00000018   Code   RO         1105    .text.OUTLINED_FUNCTION_1  stm32wlxx_hal_rtc.o
    0x0800260a   0x0800260a   0x00000010   Code   RO         1329    .text.OUTLINED_FUNCTION_1  stm32wlxx_hal_subghz.o
    0x0800261a   0x0800261a   0x00000012   Code   RO         1493    .text.OUTLINED_FUNCTION_1  stm32wlxx_hal_uart.o
    0x0800262c   0x0800262c   0x00000012   Code   RO         1607    .text.OUTLINED_FUNCTION_1  stm32wlxx_hal_uart_ex.o
    0x0800263e   0x0800263e   0x00000008   Code   RO         1696    .text.OUTLINED_FUNCTION_1  radio.o
    0x08002646   0x08002646   0x0000000e   Code   RO         1859    .text.OUTLINED_FUNCTION_1  radio_driver.o
    0x08002654   0x08002654   0x00000006   Code   RO         1123    .text.OUTLINED_FUNCTION_10  stm32wlxx_hal_rtc.o
    0x0800265a   0x0800265a   0x0000000c   Code   RO         1257    .text.OUTLINED_FUNCTION_10  stm32wlxx_hal_rtc_ex.o
    0x08002666   0x08002666   0x0000000a   Code   RO         1125    .text.OUTLINED_FUNCTION_11  stm32wlxx_hal_rtc.o
    0x08002670   0x08002670   0x0000000e   Code   RO         1513    .text.OUTLINED_FUNCTION_11  stm32wlxx_hal_uart.o
    0x0800267e   0x0800267e   0x00000016   Code   RO         1517    .text.OUTLINED_FUNCTION_13  stm32wlxx_hal_uart.o
    0x08002694   0x08002694   0x00000012   Code   RO         1521    .text.OUTLINED_FUNCTION_15  stm32wlxx_hal_uart.o
    0x080026a6   0x080026a6   0x00000012   Code   RO         1523    .text.OUTLINED_FUNCTION_16  stm32wlxx_hal_uart.o
    0x080026b8   0x080026b8   0x00000012   Code   RO         1525    .text.OUTLINED_FUNCTION_17  stm32wlxx_hal_uart.o
    0x080026ca   0x080026ca   0x0000000a   Code   RO          553    .text.OUTLINED_FUNCTION_2  stm32wlxx_hal.o
    0x080026d4   0x080026d4   0x0000000c   Code   RO          982    .text.OUTLINED_FUNCTION_2  stm32wlxx_hal_rcc.o
    0x080026e0   0x080026e0   0x00000014   Code   RO         1107    .text.OUTLINED_FUNCTION_2  stm32wlxx_hal_rtc.o
    0x080026f4   0x080026f4   0x00000012   Code   RO         1331    .text.OUTLINED_FUNCTION_2  stm32wlxx_hal_subghz.o
    0x08002706   0x08002706   0x00000024   Code   RO         1495    .text.OUTLINED_FUNCTION_2  stm32wlxx_hal_uart.o
    0x0800272a   0x0800272a   0x00000006   Code   RO         1698    .text.OUTLINED_FUNCTION_2  radio.o
    0x08002730   0x08002730   0x00000012   Code   RO         1531    .text.OUTLINED_FUNCTION_20  stm32wlxx_hal_uart.o
    0x08002742   0x08002742   0x0000000e   Code   RO         1533    .text.OUTLINED_FUNCTION_21  stm32wlxx_hal_uart.o
    0x08002750   0x08002750   0x0000000c   Code   RO         1535    .text.OUTLINED_FUNCTION_22  stm32wlxx_hal_uart.o
    0x0800275c   0x0800275c   0x00000010   Code   RO         1539    .text.OUTLINED_FUNCTION_24  stm32wlxx_hal_uart.o
    0x0800276c   0x0800276c   0x00000008   Code   RO         1543    .text.OUTLINED_FUNCTION_26  stm32wlxx_hal_uart.o
    0x08002774   0x08002774   0x0000000e   Code   RO         1545    .text.OUTLINED_FUNCTION_27  stm32wlxx_hal_uart.o
    0x08002782   0x08002782   0x0000000a   Code   RO          555    .text.OUTLINED_FUNCTION_3  stm32wlxx_hal.o
    0x0800278c   0x0800278c   0x00000010   Code   RO          984    .text.OUTLINED_FUNCTION_3  stm32wlxx_hal_rcc.o
    0x0800279c   0x0800279c   0x0000000e   Code   RO         1333    .text.OUTLINED_FUNCTION_3  stm32wlxx_hal_subghz.o
    0x080027aa   0x080027aa   0x00000020   Code   RO         1497    .text.OUTLINED_FUNCTION_3  stm32wlxx_hal_uart.o
    0x080027ca   0x080027ca   0x0000000a   Code   RO         1611    .text.OUTLINED_FUNCTION_3  stm32wlxx_hal_uart_ex.o
    0x080027d4   0x080027d4   0x0000000c   Code   RO         1700    .text.OUTLINED_FUNCTION_3  radio.o
    0x080027e0   0x080027e0   0x0000000a   Code   RO         1551    .text.OUTLINED_FUNCTION_30  stm32wlxx_hal_uart.o
    0x080027ea   0x080027ea   0x0000000e   Code   RO         1555    .text.OUTLINED_FUNCTION_32  stm32wlxx_hal_uart.o
    0x080027f8   0x080027f8   0x0000000e   Code   RO         1557    .text.OUTLINED_FUNCTION_33  stm32wlxx_hal_uart.o
    0x08002806   0x08002806   0x00000006   Code   RO         1559    .text.OUTLINED_FUNCTION_34  stm32wlxx_hal_uart.o
    0x0800280c   0x0800280c   0x00000006   Code   RO         1561    .text.OUTLINED_FUNCTION_35  stm32wlxx_hal_uart.o
    0x08002812   0x08002812   0x00000008   Code   RO          986    .text.OUTLINED_FUNCTION_4  stm32wlxx_hal_rcc.o
    0x0800281a   0x0800281a   0x0000000e   Code   RO         1041    .text.OUTLINED_FUNCTION_4  stm32wlxx_hal_rcc_ex.o
    0x08002828   0x08002828   0x00000012   Code   RO         1111    .text.OUTLINED_FUNCTION_4  stm32wlxx_hal_rtc.o
    0x0800283a   0x0800283a   0x00000012   Code   RO         1335    .text.OUTLINED_FUNCTION_4  stm32wlxx_hal_subghz.o
    0x0800284c   0x0800284c   0x0000000c   Code   RO         1499    .text.OUTLINED_FUNCTION_4  stm32wlxx_hal_uart.o
    0x08002858   0x08002858   0x0000000a   Code   RO         1613    .text.OUTLINED_FUNCTION_4  stm32wlxx_hal_uart_ex.o
    0x08002862   0x08002862   0x0000000c   Code   RO         1702    .text.OUTLINED_FUNCTION_4  radio.o
    0x0800286e   0x0800286e   0x0000000a   Code   RO          936    .text.OUTLINED_FUNCTION_5  stm32wlxx_hal_pwr_ex.o
    0x08002878   0x08002878   0x00000006   Code   RO          988    .text.OUTLINED_FUNCTION_5  stm32wlxx_hal_rcc.o
    0x0800287e   0x0800287e   0x0000000e   Code   RO         1113    .text.OUTLINED_FUNCTION_5  stm32wlxx_hal_rtc.o
    0x0800288c   0x0800288c   0x00000010   Code   RO         1337    .text.OUTLINED_FUNCTION_5  stm32wlxx_hal_subghz.o
    0x0800289c   0x0800289c   0x00000008   Code   RO         1704    .text.OUTLINED_FUNCTION_5  radio.o
    0x080028a4   0x080028a4   0x00000008   Code   RO          990    .text.OUTLINED_FUNCTION_6  stm32wlxx_hal_rcc.o
    0x080028ac   0x080028ac   0x00000010   Code   RO         1115    .text.OUTLINED_FUNCTION_6  stm32wlxx_hal_rtc.o
    0x080028bc   0x080028bc   0x00000006   Code   RO         1339    .text.OUTLINED_FUNCTION_6  stm32wlxx_hal_subghz.o
    0x080028c2   0x080028c2   0x0000000e   Code   RO         1706    .text.OUTLINED_FUNCTION_6  radio.o
    0x080028d0   0x080028d0   0x00000010   Code   RO         1117    .text.OUTLINED_FUNCTION_7  stm32wlxx_hal_rtc.o
    0x080028e0   0x080028e0   0x00000008   Code   RO         1341    .text.OUTLINED_FUNCTION_7  stm32wlxx_hal_subghz.o
    0x080028e8   0x080028e8   0x0000001c   Code   RO         1505    .text.OUTLINED_FUNCTION_7  stm32wlxx_hal_uart.o
    0x08002904   0x08002904   0x00000006   Code   RO         1708    .text.OUTLINED_FUNCTION_7  radio.o
    0x0800290a   0x0800290a   0x00000010   Code   RO         1119    .text.OUTLINED_FUNCTION_8  stm32wlxx_hal_rtc.o
    0x0800291a   0x0800291a   0x00000008   Code   RO         1343    .text.OUTLINED_FUNCTION_8  stm32wlxx_hal_subghz.o
    0x08002922   0x08002922   0x0000000c   Code   RO         1507    .text.OUTLINED_FUNCTION_8  stm32wlxx_hal_uart.o
    0x0800292e   0x0800292e   0x00000006   Code   RO         1710    .text.OUTLINED_FUNCTION_8  radio.o
    0x08002934   0x08002934   0x0000000e   Code   RO         1121    .text.OUTLINED_FUNCTION_9  stm32wlxx_hal_rtc.o
    0x08002942   0x08002942   0x0000000a   Code   RO         1712    .text.OUTLINED_FUNCTION_9  radio.o
    0x0800294c   0x0800294c   0x00000084   Code   RO           20    .text.OnRxDone      subghz_phy_app.o
    0x080029d0   0x080029d0   0x0000002c   Code   RO           26    .text.OnRxError     subghz_phy_app.o
    0x080029fc   0x080029fc   0x00000030   Code   RO           24    .text.OnRxTimeout   subghz_phy_app.o
    0x08002a2c   0x08002a2c   0x0000002c   Code   RO           18    .text.OnTxDone      subghz_phy_app.o
    0x08002a58   0x08002a58   0x00000030   Code   RO           22    .text.OnTxTimeout   subghz_phy_app.o
    0x08002a88   0x08002a88   0x0000001c   Code   RO           16    .text.OnledEvent    subghz_phy_app.o
    0x08002aa4   0x08002aa4   0x00000002   Code   RO          199    .text.PWR_EnterOffMode  stm32_lpm_if.o
    0x08002aa6   0x08002aa6   0x00000012   Code   RO          191    .text.PWR_EnterSleepMode  stm32_lpm_if.o
    0x08002ab8   0x08002ab8   0x0000001c   Code   RO          195    .text.PWR_EnterStopMode  stm32_lpm_if.o
    0x08002ad4   0x08002ad4   0x00000002   Code   RO          201    .text.PWR_ExitOffMode  stm32_lpm_if.o
    0x08002ad6   0x08002ad6   0x00000004   Code   RO          193    .text.PWR_ExitSleepMode  stm32_lpm_if.o
    0x08002ada   0x08002ada   0x0000000e   Code   RO          197    .text.PWR_ExitStopMode  stm32_lpm_if.o
    0x08002ae8   0x08002ae8   0x00000002   Code   RO          233    .text.PendSV_Handler  stm32wlxx_it.o
    0x08002aea   0x08002aea   0x00000002   PAD
    0x08002aec   0x08002aec   0x000001f0   Code   RO           28    .text.PingPong_Process  subghz_phy_app.o
    0x08002cdc   0x08002cdc   0x00000064   Code   RO          369    .text.RBI_ConfigRFSwitch  radio_board_if.o
    0x08002d40   0x08002d40   0x00000004   Code   RO          371    .text.RBI_GetTxConfig  radio_board_if.o
    0x08002d44   0x08002d44   0x00000004   Code   RO          373    .text.RBI_GetWakeUpTime  radio_board_if.o
    0x08002d48   0x08002d48   0x00000068   Code   RO          363    .text.RBI_Init      radio_board_if.o
    0x08002db0   0x08002db0   0x00000004   Code   RO          377    .text.RBI_IsDCDC    radio_board_if.o
    0x08002db4   0x08002db4   0x00000004   Code   RO          375    .text.RBI_IsTCXO    radio_board_if.o
    0x08002db8   0x08002db8   0x000000a4   Code   RO          950    .text.RCC_SetFlashLatencyFromMSIRange  stm32wlxx_hal_rcc.o
    0x08002e5c   0x08002e5c   0x0000000c   Code   RO          243    .text.RTC_Alarm_IRQHandler  stm32wlxx_it.o
    0x08002e68   0x08002e68   0x00000024   Code   RO         1065    .text.RTC_ByteToBcd2  stm32wlxx_hal_rtc.o
    0x08002e8c   0x08002e8c   0x00000050   Code   RO         1055    .text.RTC_EnterInitMode  stm32wlxx_hal_rtc.o
    0x08002edc   0x08002edc   0x0000004c   Code   RO         1057    .text.RTC_ExitInitMode  stm32wlxx_hal_rtc.o
    0x08002f28   0x08002f28   0x00000004   Code   RO         1640    .text.RadioCheckRfFrequency  radio.o
    0x08002f2c   0x08002f2c   0x00000024   Code   RO         1686    .text.RadioGetFskBandwidthRegValue  radio.o
    0x08002f50   0x08002f50   0x00000028   Code   RO         1626    .text.RadioGetStatus  radio.o
    0x08002f78   0x08002f78   0x0000000a   Code   RO         1670    .text.RadioGetWakeupTime  radio.o
    0x08002f82   0x08002f82   0x00000002   PAD
    0x08002f84   0x08002f84   0x0000007c   Code   RO         1624    .text.RadioInit     radio.o
    0x08003000   0x08003000   0x000001cc   Code   RO         1672    .text.RadioIrqProcess  radio.o
    0x080031cc   0x080031cc   0x00000082   Code   RO         1632    .text.RadioIsChannelFree  radio.o
    0x0800324e   0x0800324e   0x00000002   PAD
    0x08003250   0x08003250   0x0000000c   Code   RO         1688    .text.RadioOnDioIrq  radio.o
    0x0800325c   0x0800325c   0x00000018   Code   RO         1692    .text.RadioOnRxTimeoutIrq  radio.o
    0x08003274   0x08003274   0x0000001c   Code   RO         1690    .text.RadioOnTxTimeoutIrq  radio.o
    0x08003290   0x08003290   0x00000016   Code   RO         1634    .text.RadioRandom   radio.o
    0x080032a6   0x080032a6   0x00000004   Code   RO         1660    .text.RadioRead     radio.o
    0x080032aa   0x080032aa   0x00000004   Code   RO         1664    .text.RadioReadRegisters  radio.o
    0x080032ae   0x080032ae   0x00000008   Code   RO         1656    .text.RadioRssi     radio.o
    0x080032b6   0x080032b6   0x00000002   PAD
    0x080032b8   0x080032b8   0x0000003c   Code   RO         1650    .text.RadioRx       radio.o
    0x080032f4   0x080032f4   0x0000003c   Code   RO         1674    .text.RadioRxBoosted  radio.o
    0x08003330   0x08003330   0x0000015c   Code   RO         1644    .text.RadioSend     radio.o
    0x0800348c   0x0800348c   0x00000004   Code   RO         1630    .text.RadioSetChannel  radio.o
    0x08003490   0x08003490   0x00000028   Code   RO         1666    .text.RadioSetMaxPayloadLength  radio.o
    0x080034b8   0x080034b8   0x0000004c   Code   RO         1628    .text.RadioSetModem  radio.o
    0x08003504   0x08003504   0x00000038   Code   RO         1668    .text.RadioSetPublicNetwork  radio.o
    0x0800353c   0x0800353c   0x0000028c   Code   RO         1636    .text.RadioSetRxConfig  radio.o
    0x080037c8   0x080037c8   0x00000024   Code   RO         1676    .text.RadioSetRxDutyCycle  radio.o
    0x080037ec   0x080037ec   0x000001a0   Code   RO         1682    .text.RadioSetRxGenericConfig  radio.o
    0x0800398c   0x0800398c   0x00000198   Code   RO         1638    .text.RadioSetTxConfig  radio.o
    0x08003b24   0x08003b24   0x0000003c   Code   RO         1654    .text.RadioSetTxContinuousWave  radio.o
    0x08003b60   0x08003b60   0x00000160   Code   RO         1684    .text.RadioSetTxGenericConfig  radio.o
    0x08003cc0   0x08003cc0   0x00000012   Code   RO         1646    .text.RadioSleep    radio.o
    0x08003cd2   0x08003cd2   0x00000006   Code   RO         1648    .text.RadioStandby  radio.o
    0x08003cd8   0x08003cd8   0x00000016   Code   RO         1652    .text.RadioStartCad  radio.o
    0x08003cee   0x08003cee   0x00000002   PAD
    0x08003cf0   0x08003cf0   0x00000124   Code   RO         1642    .text.RadioTimeOnAir  radio.o
    0x08003e14   0x08003e14   0x00000014   Code   RO         1680    .text.RadioTxCw     radio.o
    0x08003e28   0x08003e28   0x00000030   Code   RO         1678    .text.RadioTxPrbs   radio.o
    0x08003e58   0x08003e58   0x00000004   Code   RO         1658    .text.RadioWrite    radio.o
    0x08003e5c   0x08003e5c   0x00000004   Code   RO         1662    .text.RadioWriteRegisters  radio.o
    0x08003e60   0x08003e60   0x0000002a   Code   RO         1731    .text.Radio_SMPS_Set  radio_driver.o
    0x08003e8a   0x08003e8a   0x00000002   PAD
    0x08003e8c   0x08003e8c   0x0000003c   Code   RO         1972    .text.SEQ_BitPosition  stm32_seq.o
    0x08003ec8   0x08003ec8   0x00000024   Code   RO         1271    .text.SUBGHZSPI_Init  stm32wlxx_hal_subghz.o
    0x08003eec   0x08003eec   0x00000058   Code   RO         1289    .text.SUBGHZSPI_Receive  stm32wlxx_hal_subghz.o
    0x08003f44   0x08003f44   0x00000058   Code   RO         1283    .text.SUBGHZSPI_Transmit  stm32wlxx_hal_subghz.o
    0x08003f9c   0x08003f9c   0x00000030   Code   RO         1281    .text.SUBGHZ_CheckDeviceReady  stm32wlxx_hal_subghz.o
    0x08003fcc   0x08003fcc   0x00000008   Code   RO          245    .text.SUBGHZ_Radio_IRQHandler  stm32wlxx_it.o
    0x08003fd4   0x08003fd4   0x00000044   Code   RO         1285    .text.SUBGHZ_WaitOnBusy  stm32wlxx_hal_subghz.o
    0x08004018   0x08004018   0x0000001c   Code   RO         1739    .text.SUBGRF_Calibrate  radio_driver.o
    0x08004034   0x08004034   0x00000078   Code   RO         1797    .text.SUBGRF_CalibrateImage  radio_driver.o
    0x080040ac   0x080040ac   0x00000008   Code   RO         1741    .text.SUBGRF_GetOperatingMode  radio_driver.o
    0x080040b4   0x080040b4   0x00000074   Code   RO         1825    .text.SUBGRF_GetPacketStatus  radio_driver.o
    0x08004128   0x08004128   0x00000030   Code   RO         1747    .text.SUBGRF_GetPayload  radio_driver.o
    0x08004158   0x08004158   0x00000004   Code   RO         1837    .text.SUBGRF_GetRadioWakeUpTime  radio_driver.o
    0x0800415c   0x0800415c   0x00000064   Code   RO         1771    .text.SUBGRF_GetRandom  radio_driver.o
    0x080041c0   0x080041c0   0x0000001c   Code   RO         1823    .text.SUBGRF_GetRssiInst  radio_driver.o
    0x080041dc   0x080041dc   0x0000003c   Code   RO         1749    .text.SUBGRF_GetRxBufferStatus  radio_driver.o
    0x08004218   0x08004218   0x00000064   Code   RO         1729    .text.SUBGRF_Init   radio_driver.o
    0x0800427c   0x0800427c   0x0000000c   Code   RO         1751    .text.SUBGRF_ReadBuffer  radio_driver.o
    0x08004288   0x08004288   0x00000018   Code   RO         1769    .text.SUBGRF_ReadRegister  radio_driver.o
    0x080042a0   0x080042a0   0x0000000c   Code   RO         1775    .text.SUBGRF_ReadRegisters  radio_driver.o
    0x080042ac   0x080042ac   0x00000012   Code   RO         1753    .text.SUBGRF_SendPayload  radio_driver.o
    0x080042be   0x080042be   0x00000002   PAD
    0x080042c0   0x080042c0   0x0000001c   Code   RO         1819    .text.SUBGRF_SetBufferBaseAddress  radio_driver.o
    0x080042dc   0x080042dc   0x00000018   Code   RO         1785    .text.SUBGRF_SetCad  radio_driver.o
    0x080042f4   0x080042f4   0x00000020   Code   RO         1765    .text.SUBGRF_SetCrcPolynomial  radio_driver.o
    0x08004314   0x08004314   0x00000024   Code   RO         1761    .text.SUBGRF_SetCrcSeed  radio_driver.o
    0x08004338   0x08004338   0x0000003c   Code   RO         1803    .text.SUBGRF_SetDioIrqParams  radio_driver.o
    0x08004374   0x08004374   0x00000040   Code   RO         1793    .text.SUBGRF_SetLoRaSymbNumTimeout  radio_driver.o
    0x080043b4   0x080043b4   0x000000d0   Code   RO         1813    .text.SUBGRF_SetModulationParams  radio_driver.o
    0x08004484   0x08004484   0x00000020   Code   RO         1799    .text.SUBGRF_SetPaConfig  radio_driver.o
    0x080044a4   0x080044a4   0x000000cc   Code   RO         1815    .text.SUBGRF_SetPacketParams  radio_driver.o
    0x08004570   0x08004570   0x00000028   Code   RO         1809    .text.SUBGRF_SetPacketType  radio_driver.o
    0x08004598   0x08004598   0x0000000a   Code   RO         1743    .text.SUBGRF_SetPayload  radio_driver.o
    0x080045a2   0x080045a2   0x00000002   PAD
    0x080045a4   0x080045a4   0x00000020   Code   RO         1795    .text.SUBGRF_SetRegulatorMode  radio_driver.o
    0x080045c4   0x080045c4   0x00000038   Code   RO         1807    .text.SUBGRF_SetRfFrequency  radio_driver.o
    0x080045fc   0x080045fc   0x00000028   Code   RO         1835    .text.SUBGRF_SetRfTxPower  radio_driver.o
    0x08004624   0x08004624   0x00000024   Code   RO         1773    .text.SUBGRF_SetRx  radio_driver.o
    0x08004648   0x08004648   0x0000003c   Code   RO         1781    .text.SUBGRF_SetRxBoosted  radio_driver.o
    0x08004684   0x08004684   0x0000003c   Code   RO         1783    .text.SUBGRF_SetRxDutyCycle  radio_driver.o
    0x080046c0   0x080046c0   0x00000034   Code   RO         1777    .text.SUBGRF_SetSleep  radio_driver.o
    0x080046f4   0x080046f4   0x00000028   Code   RO         1733    .text.SUBGRF_SetStandby  radio_driver.o
    0x0800471c   0x0800471c   0x00000018   Code   RO         1791    .text.SUBGRF_SetStopRxTimerOnPreambleDetect  radio_driver.o
    0x08004734   0x08004734   0x0000002c   Code   RO         1833    .text.SUBGRF_SetSwitch  radio_driver.o
    0x08004760   0x08004760   0x00000012   Code   RO         1757    .text.SUBGRF_SetSyncWord  radio_driver.o
    0x08004772   0x08004772   0x00000002   PAD
    0x08004774   0x08004774   0x00000028   Code   RO         1735    .text.SUBGRF_SetTcxoMode  radio_driver.o
    0x0800479c   0x0800479c   0x00000024   Code   RO         1755    .text.SUBGRF_SetTx  radio_driver.o
    0x080047c0   0x080047c0   0x0000000c   Code   RO         1787    .text.SUBGRF_SetTxContinuousWave  radio_driver.o
    0x080047cc   0x080047cc   0x00000010   Code   RO         1789    .text.SUBGRF_SetTxInfinitePreamble  radio_driver.o
    0x080047dc   0x080047dc   0x00000084   Code   RO         1811    .text.SUBGRF_SetTxParams  radio_driver.o
    0x08004860   0x08004860   0x00000038   Code   RO         1767    .text.SUBGRF_SetWhiteningSeed  radio_driver.o
    0x08004898   0x08004898   0x0000000c   Code   RO         1745    .text.SUBGRF_WriteBuffer  radio_driver.o
    0x080048a4   0x080048a4   0x00000018   Code   RO         1737    .text.SUBGRF_WriteRegister  radio_driver.o
    0x080048bc   0x080048bc   0x00000010   Code   RO         1759    .text.SUBGRF_WriteRegisters  radio_driver.o
    0x080048cc   0x080048cc   0x00000002   Code   RO          229    .text.SVC_Handler   stm32wlxx_it.o
    0x080048ce   0x080048ce   0x00000002   PAD
    0x080048d0   0x080048d0   0x00000040   Code   RO           46    .text.SYS_LED_Init  board_resources.o
    0x08004910   0x08004910   0x0000001c   Code   RO           54    .text.SYS_LED_Off   board_resources.o
    0x0800492c   0x0800492c   0x00000020   Code   RO           56    .text.SYS_LED_Toggle  board_resources.o
    0x0800494c   0x0800494c   0x00000120   Code   RO           14    .text.SubghzApp_Init  subghz_phy_app.o
    0x08004a6c   0x08004a6c   0x00000004   Code   RO          235    .text.SysTick_Handler  stm32wlxx_it.o
    0x08004a70   0x08004a70   0x00000028   Code   RO         2014    .text.SysTimeAdd    stm32_systime.o
    0x08004a98   0x08004a98   0x00000044   Code   RO         2020    .text.SysTimeGet    stm32_systime.o
    0x08004adc   0x08004adc   0x000000c4   Code   RO          269    .text.SystemApp_Init  sys_app.o
    0x08004ba0   0x08004ba0   0x0000007c   Code   RO          106    .text.SystemClock_Config  main.o
    0x08004c1c   0x08004c1c   0x00000002   Code   RO          463    .text.SystemInit    system_stm32wlxx.o
    0x08004c1e   0x08004c1e   0x00000002   PAD
    0x08004c20   0x08004c20   0x00000008   Code   RO          237    .text.TAMP_STAMP_LSECSS_SSRU_IRQHandler  stm32wlxx_it.o
    0x08004c28   0x08004c28   0x00000008   Code   RO          174    .text.TIMER_IF_BkUp_Read_MSBticks  timer_if.o
    0x08004c30   0x08004c30   0x00000008   Code   RO          158    .text.TIMER_IF_BkUp_Read_Seconds  timer_if.o
    0x08004c38   0x08004c38   0x00000008   Code   RO          162    .text.TIMER_IF_BkUp_Read_SubSeconds  timer_if.o
    0x08004c40   0x08004c40   0x0000000c   Code   RO          166    .text.TIMER_IF_BkUp_Write_MSBticks  timer_if.o
    0x08004c4c   0x08004c4c   0x0000000c   Code   RO          156    .text.TIMER_IF_BkUp_Write_Seconds  timer_if.o
    0x08004c58   0x08004c58   0x0000000c   Code   RO          160    .text.TIMER_IF_BkUp_Write_SubSeconds  timer_if.o
    0x08004c64   0x08004c64   0x00000010   Code   RO          154    .text.TIMER_IF_Convert_Tick2ms  timer_if.o
    0x08004c74   0x08004c74   0x00000008   Code   RO          152    .text.TIMER_IF_Convert_ms2Tick  timer_if.o
    0x08004c7c   0x08004c7c   0x00000018   Code   RO          168    .text.TIMER_IF_DelayMs  timer_if.o
    0x08004c94   0x08004c94   0x00000004   Code   RO          150    .text.TIMER_IF_GetMinimumTimeout  timer_if.o
    0x08004c98   0x08004c98   0x00000028   Code   RO          164    .text.TIMER_IF_GetTime  timer_if.o
    0x08004cc0   0x08004cc0   0x00000008   Code   RO          144    .text.TIMER_IF_GetTimerContext  timer_if.o
    0x08004cc8   0x08004cc8   0x00000010   Code   RO          146    .text.TIMER_IF_GetTimerElapsedTime  timer_if.o
    0x08004cd8   0x08004cd8   0x00000014   Code   RO          148    .text.TIMER_IF_GetTimerValue  timer_if.o
    0x08004cec   0x08004cec   0x0000003c   Code   RO          136    .text.TIMER_IF_Init  timer_if.o
    0x08004d28   0x08004d28   0x00000010   Code   RO          142    .text.TIMER_IF_SetTimerContext  timer_if.o
    0x08004d38   0x08004d38   0x0000004c   Code   RO          138    .text.TIMER_IF_StartTimer  timer_if.o
    0x08004d84   0x08004d84   0x00000020   Code   RO          140    .text.TIMER_IF_StopTimer  timer_if.o
    0x08004da4   0x08004da4   0x0000007c   Code   RO         1882    .text.TRACE_AllocateBufer  stm32_adv_trace.o
    0x08004e20   0x08004e20   0x00000018   Code   RO         1880    .text.TRACE_Lock    stm32_adv_trace.o
    0x08004e38   0x08004e38   0x0000007c   Code   RO         1886    .text.TRACE_Send    stm32_adv_trace.o
    0x08004eb4   0x08004eb4   0x00000090   Code   RO         1872    .text.TRACE_TxCpltCallback  stm32_adv_trace.o
    0x08004f44   0x08004f44   0x0000001c   Code   RO         1884    .text.TRACE_UnLock  stm32_adv_trace.o
    0x08004f60   0x08004f60   0x00000018   Code   RO         2055    .text.TimerExists   stm32_timer.o
    0x08004f78   0x08004f78   0x00000014   Code   RO         2057    .text.TimerInsertNewHeadTimer  stm32_timer.o
    0x08004f8c   0x08004f8c   0x00000024   Code   RO         2059    .text.TimerInsertTimer  stm32_timer.o
    0x08004fb0   0x08004fb0   0x00000038   Code   RO         2065    .text.TimerSetTimeout  stm32_timer.o
    0x08004fe8   0x08004fe8   0x00000024   Code   RO          271    .text.TimestampNow  sys_app.o
    0x0800500c   0x0800500c   0x00000044   Code   RO         1591    .text.UARTEx_SetNbDataToProcess  stm32wlxx_hal_uart_ex.o
    0x08005050   0x08005050   0x000000a8   Code   RO         1359    .text.UART_AdvFeatureConfig  stm32wlxx_hal_uart.o
    0x080050f8   0x080050f8   0x0000004c   Code   RO         1361    .text.UART_CheckIdleState  stm32wlxx_hal_uart.o
    0x08005144   0x08005144   0x00000010   Code   RO         1443    .text.UART_DMAAbortOnError  stm32wlxx_hal_uart.o
    0x08005154   0x08005154   0x00000056   Code   RO         1399    .text.UART_DMAError  stm32wlxx_hal_uart.o
    0x080051aa   0x080051aa   0x00000028   Code   RO         1395    .text.UART_DMATransmitCplt  stm32wlxx_hal_uart.o
    0x080051d2   0x080051d2   0x00000006   Code   RO         1397    .text.UART_DMATxHalfCplt  stm32wlxx_hal_uart.o
    0x080051d8   0x080051d8   0x00000030   Code   RO         1413    .text.UART_EndRxTransfer  stm32wlxx_hal_uart.o
    0x08005208   0x08005208   0x0000001a   Code   RO         1411    .text.UART_EndTxTransfer  stm32wlxx_hal_uart.o
    0x08005222   0x08005222   0x0000004a   Code   RO         1483    .text.UART_RxISR_16BIT  stm32wlxx_hal_uart.o
    0x0800526c   0x0800526c   0x000000cc   Code   RO         1479    .text.UART_RxISR_16BIT_FIFOEN  stm32wlxx_hal_uart.o
    0x08005338   0x08005338   0x00000046   Code   RO         1485    .text.UART_RxISR_8BIT  stm32wlxx_hal_uart.o
    0x0800537e   0x0800537e   0x00000002   PAD
    0x08005380   0x08005380   0x000000d0   Code   RO         1481    .text.UART_RxISR_8BIT_FIFOEN  stm32wlxx_hal_uart.o
    0x08005450   0x08005450   0x000001e0   Code   RO         1357    .text.UART_SetConfig  stm32wlxx_hal_uart.o
    0x08005630   0x08005630   0x000000c8   Code   RO         1391    .text.UART_Start_Receive_IT  stm32wlxx_hal_uart.o
    0x080056f8   0x080056f8   0x0000007e   Code   RO         1375    .text.UART_WaitOnFlagUntilTimeout  stm32wlxx_hal_uart.o
    0x08005776   0x08005776   0x00000002   PAD
    0x08005778   0x08005778   0x0000000c   Code   RO          241    .text.USART2_IRQHandler  stm32wlxx_it.o
    0x08005784   0x08005784   0x000000a4   Code   RO         1878    .text.UTIL_ADV_TRACE_COND_FSend  stm32_adv_trace.o
    0x08005828   0x08005828   0x00000030   Code   RO         1870    .text.UTIL_ADV_TRACE_Init  stm32_adv_trace.o
    0x08005858   0x08005858   0x00000008   Code   RO          277    .text.UTIL_ADV_TRACE_PostSendHook  sys_app.o
    0x08005860   0x08005860   0x00000008   Code   RO          275    .text.UTIL_ADV_TRACE_PreSendHook  sys_app.o
    0x08005868   0x08005868   0x00000008   Code   RO         1902    .text.UTIL_ADV_TRACE_RegisterTimeStampFunction  stm32_adv_trace.o
    0x08005870   0x08005870   0x0000000c   Code   RO         1904    .text.UTIL_ADV_TRACE_SetVerboseLevel  stm32_adv_trace.o
    0x0800587c   0x0800587c   0x00000038   Code   RO         1941    .text.UTIL_LPM_EnterLowPower  stm32_lpm.o
    0x080058b4   0x080058b4   0x0000000c   Code   RO         1931    .text.UTIL_LPM_Init  stm32_lpm.o
    0x080058c0   0x080058c0   0x0000002c   Code   RO         1937    .text.UTIL_LPM_SetOffMode  stm32_lpm.o
    0x080058ec   0x080058ec   0x00000030   Code   RO         1935    .text.UTIL_LPM_SetStopMode  stm32_lpm.o
    0x0800591c   0x0800591c   0x0000000e   Code   RO         1956    .text.UTIL_MEM_set_8  stm32_mem.o
    0x0800592a   0x0800592a   0x00000004   Code   RO          273    .text.UTIL_SEQ_Idle  sys_app.o
    0x0800592e   0x0800592e   0x00000002   Code   RO         1978    .text.UTIL_SEQ_PostIdle  stm32_seq.o
    0x08005930   0x08005930   0x00000002   Code   RO         1974    .text.UTIL_SEQ_PreIdle  stm32_seq.o
    0x08005932   0x08005932   0x00000002   PAD
    0x08005934   0x08005934   0x00000020   Code   RO         1980    .text.UTIL_SEQ_RegTask  stm32_seq.o
    0x08005954   0x08005954   0x000000e8   Code   RO         1970    .text.UTIL_SEQ_Run  stm32_seq.o
    0x08005a3c   0x08005a3c   0x00000028   Code   RO         1982    .text.UTIL_SEQ_SetTask  stm32_seq.o
    0x08005a64   0x08005a64   0x00000034   Code   RO         2051    .text.UTIL_TIMER_Create  stm32_timer.o
    0x08005a98   0x08005a98   0x00000014   Code   RO         2079    .text.UTIL_TIMER_GetCurrentTime  stm32_timer.o
    0x08005aac   0x08005aac   0x00000020   Code   RO         2081    .text.UTIL_TIMER_GetElapsedTime  stm32_timer.o
    0x08005acc   0x08005acc   0x00000080   Code   RO         2077    .text.UTIL_TIMER_IRQ_Handler  stm32_timer.o
    0x08005b4c   0x08005b4c   0x0000000c   Code   RO         2047    .text.UTIL_TIMER_Init  stm32_timer.o
    0x08005b58   0x08005b58   0x00000030   Code   RO         2067    .text.UTIL_TIMER_SetPeriod  stm32_timer.o
    0x08005b88   0x08005b88   0x0000006c   Code   RO         2053    .text.UTIL_TIMER_Start  stm32_timer.o
    0x08005bf4   0x08005bf4   0x00000068   Code   RO         2063    .text.UTIL_TIMER_Stop  stm32_timer.o
    0x08005c5c   0x08005c5c   0x00000002   Code   RO          227    .text.UsageFault_Handler  stm32wlxx_it.o
    0x08005c5e   0x08005c5e   0x00000012   Code   RO          104    .text.main          main.o
    0x08005c70   0x08005c70   0x00000028   Code   RO          285    .text.tiny_snprintf_like  sys_app.o
    0x08005c98   0x08005c98   0x000002b8   Code   RO         2092    .text.tiny_vsnprintf_like  stm32_tiny_vsnprintf.o
    0x08005f50   0x08005f50   0x00000028   Code   RO          329    .text.vcom_DeInit   usart_if.o
    0x08005f78   0x08005f78   0x00000024   Code   RO          327    .text.vcom_Init     usart_if.o
    0x08005f9c   0x08005f9c   0x00000044   Code   RO          331    .text.vcom_ReceiveInit  usart_if.o
    0x08005fe0   0x08005fe0   0x00000024   Code   RO          337    .text.vcom_Resume   usart_if.o
    0x08006004   0x08006004   0x00000014   Code   RO          333    .text.vcom_Trace_DMA  usart_if.o
    0x08006018   0x08006018   0x0000000e   Code   RO         2137    i.__scatterload_copy  mc_w.l(handlers.o)
    0x08006026   0x08006026   0x00000002   Code   RO         2138    i.__scatterload_null  mc_w.l(handlers.o)
    0x08006028   0x08006028   0x0000000e   Code   RO         2139    i.__scatterload_zeroinit  mc_w.l(handlers.o)
    0x08006036   0x08006036   0x00000006   Data   RO          992    .rodata..L__const.RCC_SetFlashLatency.FLASH_CLK_SRC_RANGE_VOS1  stm32wlxx_hal_rcc.o
    0x0800603c   0x0800603c   0x00000006   Data   RO          993    .rodata..L__const.RCC_SetFlashLatency.FLASH_CLK_SRC_RANGE_VOS2  stm32wlxx_hal_rcc.o
    0x08006042   0x08006042   0x00000002   PAD
    0x08006044   0x08006044   0x0000000c   Data   RO          994    .rodata..L__const.RCC_SetFlashLatency.FLASH_LATENCY_RANGE  stm32wlxx_hal_rcc.o
    0x08006050   0x08006050   0x00000040   Data   RO          468    .rodata.AHBPrescTable  system_stm32wlxx.o
    0x08006090   0x08006090   0x00000020   Data   RO          469    .rodata.APBPrescTable  system_stm32wlxx.o
    0x080060b0   0x080060b0   0x0000000c   Data   RO         1716    .rodata.Bandwidths  radio.o
    0x080060bc   0x080060bc   0x000000b0   Data   RO         1715    .rodata.FskBandwidths  radio.o
    0x0800616c   0x0800616c   0x00000040   Data   RO          470    .rodata.MSIRangeTable  system_stm32wlxx.o
    0x080061ac   0x080061ac   0x0000007c   Data   RO         1714    .rodata.Radio       radio.o
    0x08006228   0x08006228   0x00000006   Data   RO           78    .rodata.SYS_LED_PIN  board_resources.o
    0x0800622e   0x0800622e   0x00000002   PAD
    0x08006230   0x08006230   0x0000000c   Data   RO           79    .rodata.SYS_LED_PORT  board_resources.o
    0x0800623c   0x0800623c   0x00000018   Data   RO         1563    .rodata.UARTPrescTable  stm32wlxx_hal_uart.o
    0x08006254   0x08006254   0x00000018   Data   RO          203    .rodata.UTIL_PowerDriver  stm32_lpm_if.o
    0x0800626c   0x0800626c   0x00000014   Data   RO          181    .rodata.UTIL_SYSTIMDriver  timer_if.o
    0x08006280   0x08006280   0x0000002c   Data   RO          180    .rodata.UTIL_TimerDriver  timer_if.o
    0x080062ac   0x080062ac   0x00000010   Data   RO          343    .rodata.UTIL_TraceDriver  usart_if.o
    0x080062bc   0x080062bc   0x00000010   Data   RO         1564    .rodata.cst16       stm32wlxx_hal_uart.o
    0x080062cc   0x080062cc   0x00000010   Data   RO         2003    .rodata.cst16       stm32_seq.o
    0x080062dc   0x080062dc   0x00000010   Data   RO         1615    .rodata.cst8        stm32wlxx_hal_uart_ex.o
    0x080062ec   0x080062ec   0x00000035   Data   RO           35    .rodata.str1.1      subghz_phy_app.o
    0x08006321   0x08006321   0x00000007   Data   RO         2094    .rodata.str1.1      stm32_tiny_vsnprintf.o
    0x08006328   0x08006328   0x00000020   Data   RO         2136    Region$$Table       anon$$obj.o


    Execution Region RW_IRAM1 (Exec base: 0x20000000, Load base: 0x08006348, Size: 0x00000fb0, Max: 0x00008000, ABSOLUTE)

    Exec Addr    Load Addr    Size         Type   Attr      Idx    E Section Name        Object

    0x20000000   0x08006348   0x00000004   Data   RW           36    .data..L_MergedGlobals  subghz_phy_app.o
    0x20000004   0x0800634c   0x00000008   Data   RW          558    .data..L_MergedGlobals  stm32wlxx_hal.o
    0x2000000c   0x08006354   0x00000008   Data   RW         2004    .data..L_MergedGlobals  stm32_seq.o
    0x20000014   0x0800635c   0x00000001   Data   RW         1718    .data.MaxPayloadLength  radio.o
    0x20000015   0x0800635d   0x00000003   PAD
    0x20000018   0x08006360   0x00000004   Data   RW          467    .data.SystemCoreClock  system_stm32wlxx.o
    0x2000001c   0x08006364   0x00000004   PAD
    0x20000020        -       0x00000008   Zero   RW          182    .bss..L_MergedGlobals  timer_if.o
    0x20000028        -       0x00000008   Zero   RW          345    .bss..L_MergedGlobals  usart_if.o
    0x20000030        -       0x0000003c   Zero   RW         1720    .bss..L_MergedGlobals  radio.o
    0x2000006c        -       0x00000018   Zero   RW         1861    .bss..L_MergedGlobals  radio_driver.o
    0x20000084        -       0x00000008   Zero   RW         1943    .bss..L_MergedGlobals  stm32_lpm.o
    0x2000008c        -       0x00000040   Zero   RW           37    .bss..L_MergedGlobals.14  subghz_phy_app.o
    0x200000cc        -       0x00000020   Zero   RW         2005    .bss..L_MergedGlobals.2  stm32_seq.o
    0x200000ec        -       0x00000200   Zero   RW         1921    .bss.ADV_TRACE_Buffer  stm32_adv_trace.o
    0x200002ec        -       0x0000001c   Zero   RW         1920    .bss.ADV_TRACE_Ctx  stm32_adv_trace.o
    0x20000308        -       0x00000040   Zero   RW           34    .bss.Buffer         subghz_phy_app.o
    0x20000348        -       0x000000ff   Zero   RW         1719    .bss.RadioRxPayload  radio.o
    0x20000447   0x08006364   0x00000001   PAD
    0x20000448        -       0x00000098   Zero   RW         1717    .bss.SubgRf         radio.o
    0x200004e0        -       0x00000080   Zero   RW         2002    .bss.TaskCb         stm32_seq.o
    0x20000560        -       0x00000004   Zero   RW         2083    .bss.TimerListHead  stm32_timer.o
    0x20000564        -       0x00000004   Zero   RW          344    .bss.TxCpltCallback  usart_if.o
    0x20000568        -       0x00000064   Zero   RW          318    .bss.hdma_usart2_tx  usart.o
    0x200005cc        -       0x0000003c   Zero   RW          127    .bss.hrtc           rtc.o
    0x20000608        -       0x00000014   Zero   RW          260    .bss.hsubghz        subghz.o
    0x2000061c        -       0x00000090   Zero   RW          317    .bss.huart2         usart.o
    0x200006ac        -       0x00000100   Zero   RW         1922    .bss.sztmp          stm32_adv_trace.o
    0x200007ac        -       0x00000004   Zero   RW          557    .bss.uwTick         stm32wlxx_hal.o
    0x200007b0        -       0x00000800   Zero   RW          353    STACK               startup_stm32wl55xx_cm4.o


    Execution Region RW_IRAM2 (Exec base: 0x20008000, Load base: 0x08006368, Size: 0x00008000, Max: 0x00008000, ABSOLUTE)

    Exec Addr    Load Addr    Size         Type   Attr      Idx    E Section Name        Object

    0x20008000        -       0x00008000   Zero   RW            1    RW_IRAM2.bss        anon$$obj.o


==============================================================================

Image component sizes


      Code (inc. data)   RO Data    RW Data    ZI Data      Debug   Object Name

        22          0          0          0          0        843   app_subghz_phy.o
       148          8         18          0          0       7933   board_resources.o
        62          4          0          0          0       4059   dma.o
       144          8          0          0          0       7401   main.o
      3986        204        312          1        467      28206   radio.o
       260         72          0          0          0       4110   radio_board_if.o
      2384        120          0          0         24      25420   radio_driver.o
       236         16          0          0         60       7289   rtc.o
        36          8        312          0       2048        888   startup_stm32wl55xx_cm4.o
       694         32          0          0        796      10301   stm32_adv_trace.o
       160          8          0          0          8       2711   stm32_lpm.o
        68          4         24          0          0       2670   stm32_lpm_if.o
        14          0          0          0          0       1465   stm32_mem.o
       368         16         16          8        160       6376   stm32_seq.o
       108          8          0          0          0       6125   stm32_systime.o
       640         12          0          0          4       7659   stm32_timer.o
       696         84          7          0          0       3610   stm32_tiny_vsnprintf.o
       146         20          0          8          4      12474   stm32wlxx_hal.o
       172         20          0          0          0      10032   stm32wlxx_hal_cortex.o
      1050         32          0          0          0       9419   stm32wlxx_hal_dma.o
       632         16          0          0          0       4909   stm32wlxx_hal_gpio.o
         2          0          0          0          0        480   stm32wlxx_hal_msp.o
        84         12          0          0          0       5691   stm32wlxx_hal_pwr.o
       140          8          0          0          0      11259   stm32wlxx_hal_pwr_ex.o
      2488         88         24          0          0      16805   stm32wlxx_hal_rcc.o
       414          8          0          0          0      13533   stm32wlxx_hal_rcc_ex.o
       882         32          0          0          0      14438   stm32wlxx_hal_rtc.o
       166          4          0          0          0      17712   stm32wlxx_hal_rtc_ex.o
      1316         44          0          0          0      14917   stm32wlxx_hal_subghz.o
      3050        134         40          0          0      29352   stm32wlxx_hal_uart.o
       420          8         16          0          0      10181   stm32wlxx_hal_uart_ex.o
        72         12          0          0          0       6936   stm32wlxx_it.o
        76          8          0          0         20       5254   subghz.o
      1138        270         53          4        128       5012   subghz_phy_app.o
       336         32          0          0          0       6261   sys_app.o
       276         20          0          0          0       3924   sys_debug.o
         2          0        160          4          0       2982   system_stm32wlxx.o
       426         16         64          0          8       8550   timer_if.o
       368         24          0          0        244       9067   usart.o
       256         32         16          0         12      10189   usart_if.o

    ----------------------------------------------------------------------
     23984       1444       1098         28      36756     356443   Object Totals
         0          0         32          0      32768          0   (incl. Generated)
        46          0          4          3          5          0   (incl. Padding)

    ----------------------------------------------------------------------

      Code (inc. data)   RO Data    RW Data    ZI Data      Debug   Library Member Name

         0          0          0          0          0          0   entry.o
         0          0          0          0          0          0   entry10a.o
         0          0          0          0          0          0   entry11a.o
         8          4          0          0          0          0   entry2.o
         4          0          0          0          0          0   entry5.o
         0          0          0          0          0          0   entry7b.o
         0          0          0          0          0          0   entry8b.o
         8          4          0          0          0          0   entry9a.o
        30          0          0          0          0          0   handlers.o
        36          8          0          0          0         68   init.o
        30          0          0          0          0         68   llshl.o
        32          0          0          0          0         68   llushr.o
        36          0          0          0          0         68   memcpya.o
        36          0          0          0          0        108   memseta.o
        14          0          0          0          0         68   strlen.o
        98          0          0          0          0         92   uldiv.o

    ----------------------------------------------------------------------
       334         16          0          0          0        540   Library Totals
         2          0          0          0          0          0   (incl. Padding)

    ----------------------------------------------------------------------

      Code (inc. data)   RO Data    RW Data    ZI Data      Debug   Library Name

       332         16          0          0          0        540   mc_w.l

    ----------------------------------------------------------------------
       334         16          0          0          0        540   Library Totals

    ----------------------------------------------------------------------

==============================================================================


      Code (inc. data)   RO Data    RW Data    ZI Data      Debug   

     24318       1460       1098         28      36756     356219   Grand Totals
     24318       1460       1098         28      36756     356219   ELF Image Totals
     24318       1460       1098         28          0          0   ROM Totals

==============================================================================

    Total RO  Size (Code + RO Data)                25416 (  24.82kB)
    Total RW  Size (RW Data + ZI Data)             36784 (  35.92kB)
    Total ROM Size (Code + RO Data + RW Data)      25444 (  24.85kB)

==============================================================================

