Component: ARM Compiler 6.16 Tool: armlink [5dfeaa00]

==============================================================================

Section Cross References

    app_subghz_phy.o(.text.MX_SubGHz_Phy_Init) refers to sys_app.o(.text.SystemApp_Init) for SystemApp_Init
    app_subghz_phy.o(.text.MX_SubGHz_Phy_Init) refers to subghz_phy_app.o(.text.SubghzApp_Init) for SubghzApp_Init
    app_subghz_phy.o(.ARM.exidx.text.MX_SubGHz_Phy_Init) refers to app_subghz_phy.o(.text.MX_SubGHz_Phy_Init) for [Anonymous Symbol]
    app_subghz_phy.o(.text.MX_SubGHz_Phy_Process) refers to stm32_seq.o(.text.UTIL_SEQ_Run) for UTIL_SEQ_Run
    app_subghz_phy.o(.ARM.exidx.text.MX_SubGHz_Phy_Process) refers to app_subghz_phy.o(.text.MX_SubGHz_Phy_Process) for [Anonymous Symbol]
    subghz_phy_app.o(.text.SubghzApp_Init) refers to stm32_timer.o(.text.UTIL_TIMER_Create) for UTIL_TIMER_Create
    subghz_phy_app.o(.text.SubghzApp_Init) refers to stm32_timer.o(.text.UTIL_TIMER_SetPeriod) for UTIL_TIMER_SetPeriod
    subghz_phy_app.o(.text.SubghzApp_Init) refers to stm32_timer.o(.text.UTIL_TIMER_Start) for UTIL_TIMER_Start
    subghz_phy_app.o(.text.SubghzApp_Init) refers to board_resources.o(.text.SYS_LED_Init) for SYS_LED_Init
    subghz_phy_app.o(.text.SubghzApp_Init) refers to stm32_seq.o(.text.UTIL_SEQ_RegTask) for UTIL_SEQ_RegTask
    subghz_phy_app.o(.text.SubghzApp_Init) refers to subghz_phy_app.o(.bss..L_MergedGlobals.1) for [Anonymous Symbol]
    subghz_phy_app.o(.text.SubghzApp_Init) refers to subghz_phy_app.o(.text.OnledEvent) for OnledEvent
    subghz_phy_app.o(.text.SubghzApp_Init) refers to subghz_phy_app.o(.text.OnTxDone) for OnTxDone
    subghz_phy_app.o(.text.SubghzApp_Init) refers to subghz_phy_app.o(.text.OnRxDone) for OnRxDone
    subghz_phy_app.o(.text.SubghzApp_Init) refers to subghz_phy_app.o(.text.OnRxError) for OnRxError
    subghz_phy_app.o(.text.SubghzApp_Init) refers to subghz_phy_app.o(.text.OnRxTimeout) for OnRxTimeout
    subghz_phy_app.o(.text.SubghzApp_Init) refers to subghz_phy_app.o(.text.OnTxTimeout) for OnTxTimeout
    subghz_phy_app.o(.text.SubghzApp_Init) refers to radio.o(.rodata.Radio) for Radio
    subghz_phy_app.o(.text.SubghzApp_Init) refers to subghz_phy_app.o(.text.PingPong_Process) for PingPong_Process
    subghz_phy_app.o(.ARM.exidx.text.SubghzApp_Init) refers to subghz_phy_app.o(.text.SubghzApp_Init) for [Anonymous Symbol]
    subghz_phy_app.o(.text.OnledEvent) refers to board_resources.o(.text.SYS_LED_Toggle) for SYS_LED_Toggle
    subghz_phy_app.o(.text.OnledEvent) refers to stm32_timer.o(.text.UTIL_TIMER_Start) for UTIL_TIMER_Start
    subghz_phy_app.o(.text.OnledEvent) refers to subghz_phy_app.o(.bss..L_MergedGlobals.1) for [Anonymous Symbol]
    subghz_phy_app.o(.ARM.exidx.text.OnledEvent) refers to subghz_phy_app.o(.text.OnledEvent) for [Anonymous Symbol]
    subghz_phy_app.o(.text.OnTxDone) refers to stm32_seq.o(.text.UTIL_SEQ_SetTask) for UTIL_SEQ_SetTask
    subghz_phy_app.o(.text.OnTxDone) refers to radio.o(.rodata.Radio) for Radio
    subghz_phy_app.o(.text.OnTxDone) refers to subghz_phy_app.o(.bss..L_MergedGlobals.1) for [Anonymous Symbol]
    subghz_phy_app.o(.ARM.exidx.text.OnTxDone) refers to subghz_phy_app.o(.text.OnTxDone) for [Anonymous Symbol]
    subghz_phy_app.o(.text.OnRxDone) refers to memcpya.o(.text) for __aeabi_memcpy
    subghz_phy_app.o(.text.OnRxDone) refers to stm32_seq.o(.text.UTIL_SEQ_SetTask) for UTIL_SEQ_SetTask
    subghz_phy_app.o(.text.OnRxDone) refers to radio.o(.rodata.Radio) for Radio
    subghz_phy_app.o(.text.OnRxDone) refers to subghz_phy_app.o(.data..L_MergedGlobals) for [Anonymous Symbol]
    subghz_phy_app.o(.text.OnRxDone) refers to subghz_phy_app.o(.bss.Buffer) for Buffer
    subghz_phy_app.o(.text.OnRxDone) refers to subghz_phy_app.o(.bss..L_MergedGlobals.1) for [Anonymous Symbol]
    subghz_phy_app.o(.ARM.exidx.text.OnRxDone) refers to subghz_phy_app.o(.text.OnRxDone) for [Anonymous Symbol]
    subghz_phy_app.o(.text.OnTxTimeout) refers to stm32_seq.o(.text.UTIL_SEQ_SetTask) for UTIL_SEQ_SetTask
    subghz_phy_app.o(.text.OnTxTimeout) refers to radio.o(.rodata.Radio) for Radio
    subghz_phy_app.o(.text.OnTxTimeout) refers to subghz_phy_app.o(.bss..L_MergedGlobals.1) for [Anonymous Symbol]
    subghz_phy_app.o(.ARM.exidx.text.OnTxTimeout) refers to subghz_phy_app.o(.text.OnTxTimeout) for [Anonymous Symbol]
    subghz_phy_app.o(.text.OnRxTimeout) refers to stm32_seq.o(.text.UTIL_SEQ_SetTask) for UTIL_SEQ_SetTask
    subghz_phy_app.o(.text.OnRxTimeout) refers to radio.o(.rodata.Radio) for Radio
    subghz_phy_app.o(.text.OnRxTimeout) refers to subghz_phy_app.o(.bss..L_MergedGlobals.1) for [Anonymous Symbol]
    subghz_phy_app.o(.ARM.exidx.text.OnRxTimeout) refers to subghz_phy_app.o(.text.OnRxTimeout) for [Anonymous Symbol]
    subghz_phy_app.o(.text.OnRxError) refers to stm32_seq.o(.text.UTIL_SEQ_SetTask) for UTIL_SEQ_SetTask
    subghz_phy_app.o(.text.OnRxError) refers to radio.o(.rodata.Radio) for Radio
[...]
    HAL_PWREx_DisableLowPowerRunMode         0x080011d5   Thumb Code    52  stm32wlxx_hal_pwr_ex.o(.text.HAL_PWREx_DisableLowPowerRunMode)
    HAL_PWREx_EnableLowPowerRunMode          0x08001211   Thumb Code     8  stm32wlxx_hal_pwr_ex.o(.text.HAL_PWREx_EnableLowPowerRunMode)
    HAL_PWREx_EnterSTOP2Mode                 0x08001219   Thumb Code    40  stm32wlxx_hal_pwr_ex.o(.text.HAL_PWREx_EnterSTOP2Mode)
    HAL_PWREx_GetVoltageRange                0x08001241   Thumb Code    12  stm32wlxx_hal_pwr_ex.o(.text.HAL_PWREx_GetVoltageRange)
    HAL_PWR_EnableBkUpAccess                 0x0800124d   Thumb Code    12  stm32wlxx_hal_pwr.o(.text.HAL_PWR_EnableBkUpAccess)
    HAL_PWR_EnterSLEEPMode                   0x0800125d   Thumb Code    60  stm32wlxx_hal_pwr.o(.text.HAL_PWR_EnterSLEEPMode)
    HAL_RCCEx_PeriphCLKConfig                0x080012a1   Thumb Code   344  stm32wlxx_hal_rcc_ex.o(.text.HAL_RCCEx_PeriphCLKConfig)
    HAL_RCC_ClockConfig                      0x080013fd   Thumb Code   472  stm32wlxx_hal_rcc.o(.text.HAL_RCC_ClockConfig)
    HAL_RCC_GetHCLKFreq                      0x080015e1   Thumb Code    28  stm32wlxx_hal_rcc.o(.text.HAL_RCC_GetHCLKFreq)
    HAL_RCC_GetPCLK1Freq                     0x08001601   Thumb Code    24  stm32wlxx_hal_rcc.o(.text.HAL_RCC_GetPCLK1Freq)
    HAL_RCC_GetPCLK2Freq                     0x08001619   Thumb Code    24  stm32wlxx_hal_rcc.o(.text.HAL_RCC_GetPCLK2Freq)
    HAL_RCC_GetSysClockFreq                  0x08001635   Thumb Code   220  stm32wlxx_hal_rcc.o(.text.HAL_RCC_GetSysClockFreq)
    HAL_RCC_MCOConfig                        0x0800171d   Thumb Code    76  stm32wlxx_hal_rcc.o(.text.HAL_RCC_MCOConfig)
    HAL_RCC_OscConfig                        0x0800176d   Thumb Code  1332  stm32wlxx_hal_rcc.o(.text.HAL_RCC_OscConfig)
    HAL_RTCEx_AlarmBEventCallback            0x08001cb1   Thumb Code     2  stm32wlxx_hal_rtc_ex.o(.text.HAL_RTCEx_AlarmBEventCallback)
    HAL_RTCEx_BKUPRead                       0x08001cb5   Thumb Code     8  stm32wlxx_hal_rtc_ex.o(.text.HAL_RTCEx_BKUPRead)
    HAL_RTCEx_BKUPWrite                      0x08001cbd   Thumb Code     8  stm32wlxx_hal_rtc_ex.o(.text.HAL_RTCEx_BKUPWrite)
    HAL_RTCEx_EnableBypassShadow             0x08001cc9   Thumb Code    36  stm32wlxx_hal_rtc_ex.o(.text.HAL_RTCEx_EnableBypassShadow)
    HAL_RTCEx_SSRUEventCallback              0x08001ced   Thumb Code    16  timer_if.o(.text.HAL_RTCEx_SSRUEventCallback)
    HAL_RTCEx_SSRUIRQHandler                 0x08001cfd   Thumb Code    28  stm32wlxx_hal_rtc_ex.o(.text.HAL_RTCEx_SSRUIRQHandler)
    HAL_RTCEx_SetSSRU_IT                     0x08001d19   Thumb Code    52  stm32wlxx_hal_rtc_ex.o(.text.HAL_RTCEx_SetSSRU_IT)
    HAL_RTC_AlarmAEventCallback              0x08001d4d   Thumb Code     4  timer_if.o(.text.HAL_RTC_AlarmAEventCallback)
    HAL_RTC_AlarmIRQHandler                  0x08001d51   Thumb Code    48  stm32wlxx_hal_rtc.o(.text.HAL_RTC_AlarmIRQHandler)
    HAL_RTC_DeactivateAlarm                  0x08001d85   Thumb Code    96  stm32wlxx_hal_rtc.o(.text.HAL_RTC_DeactivateAlarm)
    HAL_RTC_Init                             0x08001de5   Thumb Code   136  stm32wlxx_hal_rtc.o(.text.HAL_RTC_Init)
    HAL_RTC_MspInit                          0x08001e71   Thumb Code   112  rtc.o(.text.HAL_RTC_MspInit)
    HAL_RTC_SetAlarm_IT                      0x08001ee9   Thumb Code   172  stm32wlxx_hal_rtc.o(.text.HAL_RTC_SetAlarm_IT)
    HAL_RTC_WaitForSynchro                   0x08001fa1   Thumb Code    48  stm32wlxx_hal_rtc.o(.text.HAL_RTC_WaitForSynchro)
    HAL_ResumeTick                           0x08001fd5   Thumb Code     8  stm32wlxx_hal.o(.text.HAL_ResumeTick)
    HAL_SUBGHZ_CADStatusCallback             0x08001fe1   Thumb Code    28  radio_driver.o(.text.HAL_SUBGHZ_CADStatusCallback)
    HAL_SUBGHZ_CRCErrorCallback              0x08001ffd   Thumb Code     8  radio_driver.o(.text.HAL_SUBGHZ_CRCErrorCallback)
    HAL_SUBGHZ_ExecGetCmd                    0x08002005   Thumb Code    84  stm32wlxx_hal_subghz.o(.text.HAL_SUBGHZ_ExecGetCmd)
    HAL_SUBGHZ_ExecSetCmd                    0x08002059   Thumb Code   116  stm32wlxx_hal_subghz.o(.text.HAL_SUBGHZ_ExecSetCmd)
    HAL_SUBGHZ_HeaderErrorCallback           0x080020cd   Thumb Code     8  radio_driver.o(.text.HAL_SUBGHZ_HeaderErrorCallback)
    HAL_SUBGHZ_HeaderValidCallback           0x080020d5   Thumb Code     8  radio_driver.o(.text.HAL_SUBGHZ_HeaderValidCallback)
    HAL_SUBGHZ_IRQHandler                    0x080020dd   Thumb Code   142  stm32wlxx_hal_subghz.o(.text.HAL_SUBGHZ_IRQHandler)
    HAL_SUBGHZ_Init                          0x0800216d   Thumb Code   144  stm32wlxx_hal_subghz.o(.text.HAL_SUBGHZ_Init)
    HAL_SUBGHZ_MspInit                       0x0800220d   Thumb Code    44  subghz.o(.text.HAL_SUBGHZ_MspInit)
    HAL_SUBGHZ_PreambleDetectedCallback      0x0800223d   Thumb Code     8  radio_driver.o(.text.HAL_SUBGHZ_PreambleDetectedCallback)
    HAL_SUBGHZ_ReadBuffer                    0x08002245   Thumb Code    84  stm32wlxx_hal_subghz.o(.text.HAL_SUBGHZ_ReadBuffer)
    HAL_SUBGHZ_ReadRegisters                 0x08002299   Thumb Code    92  stm32wlxx_hal_subghz.o(.text.HAL_SUBGHZ_ReadRegisters)
    HAL_SUBGHZ_RxCpltCallback                0x080022f5   Thumb Code     8  radio_driver.o(.text.HAL_SUBGHZ_RxCpltCallback)
    HAL_SUBGHZ_RxTxTimeoutCallback           0x080022fd   Thumb Code    12  radio_driver.o(.text.HAL_SUBGHZ_RxTxTimeoutCallback)
    HAL_SUBGHZ_SyncWordValidCallback         0x08002309   Thumb Code     8  radio_driver.o(.text.HAL_SUBGHZ_SyncWordValidCallback)
    HAL_SUBGHZ_TxCpltCallback                0x08002311   Thumb Code     8  radio_driver.o(.text.HAL_SUBGHZ_TxCpltCallback)
    HAL_SUBGHZ_WriteBuffer                   0x0800231d   Thumb Code    84  stm32wlxx_hal_subghz.o(.text.HAL_SUBGHZ_WriteBuffer)
    HAL_SUBGHZ_WriteRegisters                0x08002371   Thumb Code   100  stm32wlxx_hal_subghz.o(.text.HAL_SUBGHZ_WriteRegisters)
    HAL_SuspendTick                          0x080023dd   Thumb Code     8  stm32wlxx_hal.o(.text.HAL_SuspendTick)
    HAL_UARTEx_EnableFifoMode                0x080023e9   Thumb Code    68  stm32wlxx_hal_uart_ex.o(.text.HAL_UARTEx_EnableFifoMode)
    HAL_UARTEx_EnableStopMode                0x0800242d   Thumb Code    32  stm32wlxx_hal_uart_ex.o(.text.HAL_UARTEx_EnableStopMode)
    HAL_UARTEx_RxEventCallback               0x0800244d   Thumb Code     2  stm32wlxx_hal_uart.o(.text.HAL_UARTEx_RxEventCallback)
    HAL_UARTEx_RxFifoFullCallback            0x0800244f   Thumb Code     2  stm32wlxx_hal_uart_ex.o(.text.HAL_UARTEx_RxFifoFullCallback)
    HAL_UARTEx_SetRxFifoThreshold            0x08002451   Thumb Code    28  stm32wlxx_hal_uart_ex.o(.text.HAL_UARTEx_SetRxFifoThreshold)
    HAL_UARTEx_SetTxFifoThreshold            0x0800246d   Thumb Code    28  stm32wlxx_hal_uart_ex.o(.text.HAL_UARTEx_SetTxFifoThreshold)
    HAL_UARTEx_StopModeWakeUpSourceConfig    0x08002489   Thumb Code   124  stm32wlxx_hal_uart_ex.o(.text.HAL_UARTEx_StopModeWakeUpSourceConfig)
    HAL_UARTEx_TxFifoEmptyCallback           0x08002505   Thumb Code     2  stm32wlxx_hal_uart_ex.o(.text.HAL_UARTEx_TxFifoEmptyCallback)
    HAL_UARTEx_WakeupCallback                0x08002507   Thumb Code     2  stm32wlxx_hal_uart_ex.o(.text.HAL_UARTEx_WakeupCallback)
    HAL_UART_ErrorCallback                   0x08002509   Thumb Code     2  stm32wlxx_hal_uart.o(.text.HAL_UART_ErrorCallback)
    HAL_UART_IRQHandler                      0x0800250d   Thumb Code   580  stm32wlxx_hal_uart.o(.text.HAL_UART_IRQHandler)
    HAL_UART_Init                            0x08002761   Thumb Code    58  stm32wlxx_hal_uart.o(.text.HAL_UART_Init)
    HAL_UART_MspDeInit                       0x0800279d   Thumb Code    52  usart.o(.text.HAL_UART_MspDeInit)
    HAL_UART_MspInit                         0x080027d5   Thumb Code   196  usart.o(.text.HAL_UART_MspInit)
    HAL_UART_Receive_IT                      0x080028a5   Thumb Code    48  stm32wlxx_hal_uart.o(.text.HAL_UART_Receive_IT)
    HAL_UART_RxCpltCallback                  0x080028d5   Thumb Code    40  usart_if.o(.text.HAL_UART_RxCpltCallback)
    HAL_UART_Transmit_DMA                    0x08002901   Thumb Code   120  stm32wlxx_hal_uart.o(.text.HAL_UART_Transmit_DMA)
    HAL_UART_TxCpltCallback                  0x08002985   Thumb Code     8  usart_if.o(.text.HAL_UART_TxCpltCallback)
    HAL_UART_TxHalfCpltCallback              0x08002991   Thumb Code     2  stm32wlxx_hal_uart.o(.text.HAL_UART_TxHalfCpltCallback)
    HardFault_Handler                        0x08002993   Thumb Code     2  stm32wlxx_it.o(.text.HardFault_Handler)
    MX_DMA_Init                              0x08002a55   Thumb Code    34  dma.o(.text.MX_DMA_Init)
    MX_RTC_Init                              0x08002a79   Thumb Code   108  rtc.o(.text.MX_RTC_Init)
    MX_SUBGHZ_Init                           0x08002aed   Thumb Code    24  subghz.o(.text.MX_SUBGHZ_Init)
    MX_SubGHz_Phy_Init                       0x08002b09   Thumb Code    14  app_subghz_phy.o(.text.MX_SubGHz_Phy_Init)
    MX_SubGHz_Phy_Process                    0x08002b17   Thumb Code     8  app_subghz_phy.o(.text.MX_SubGHz_Phy_Process)
    MX_USART2_UART_Init                      0x08002b21   Thumb Code    96  usart.o(.text.MX_USART2_UART_Init)
    MemManage_Handler                        0x08002b89   Thumb Code     2  stm32wlxx_it.o(.text.MemManage_Handler)
    NMI_Handler                              0x08002b8b   Thumb Code     2  stm32wlxx_it.o(.text.NMI_Handler)
    PWR_EnterOffMode                         0x0800310d   Thumb Code     2  stm32_lpm_if.o(.text.PWR_EnterOffMode)
    PWR_EnterSleepMode                       0x0800310f   Thumb Code    18  stm32_lpm_if.o(.text.PWR_EnterSleepMode)
    PWR_EnterStopMode                        0x08003121   Thumb Code    24  stm32_lpm_if.o(.text.PWR_EnterStopMode)
    PWR_ExitOffMode                          0x0800313d   Thumb Code     2  stm32_lpm_if.o(.text.PWR_ExitOffMode)
    PWR_ExitSleepMode                        0x0800313f   Thumb Code     4  stm32_lpm_if.o(.text.PWR_ExitSleepMode)
    PWR_ExitStopMode                         0x08003143   Thumb Code    14  stm32_lpm_if.o(.text.PWR_ExitStopMode)
    PendSV_Handler                           0x08003151   Thumb Code     2  stm32wlxx_it.o(.text.PendSV_Handler)
    RBI_ConfigRFSwitch                       0x080031f9   Thumb Code    44  radio_board_if.o(.text.RBI_ConfigRFSwitch)
    RBI_GetTxConfig                          0x0800325d   Thumb Code     4  radio_board_if.o(.text.RBI_GetTxConfig)
    RBI_GetWakeUpTime                        0x08003261   Thumb Code     4  radio_board_if.o(.text.RBI_GetWakeUpTime)
    RBI_Init                                 0x08003265   Thumb Code    92  radio_board_if.o(.text.RBI_Init)
    RBI_IsDCDC                               0x080032cd   Thumb Code     4  radio_board_if.o(.text.RBI_IsDCDC)
    RBI_IsTCXO                               0x080032d1   Thumb Code     4  radio_board_if.o(.text.RBI_IsTCXO)
    RD_ADC_Init                              0x08003379   Thumb Code    80  main.o(.text.RD_ADC_Init)
    RD_ADC_read                              0x080033d1   Thumb Code    36  main.o(.text.RD_ADC_read)
    RTC_Alarm_IRQHandler                     0x080033f9   Thumb Code     8  stm32wlxx_it.o(.text.RTC_Alarm_IRQHandler)
    RTC_ByteToBcd2                           0x08003405   Thumb Code    36  stm32wlxx_hal_rtc.o(.text.RTC_ByteToBcd2)
    RTC_EnterInitMode                        0x08003429   Thumb Code    76  stm32wlxx_hal_rtc.o(.text.RTC_EnterInitMode)
    RTC_ExitInitMode                         0x08003479   Thumb Code    72  stm32wlxx_hal_rtc.o(.text.RTC_ExitInitMode)
    SEQ_BitPosition                          0x080043bd   Thumb Code    56  stm32_seq.o(.text.SEQ_BitPosition)
    SUBGHZSPI_Init                           0x080043f9   Thumb Code    32  stm32wlxx_hal_subghz.o(.text.SUBGHZSPI_Init)
    SUBGHZSPI_Receive                        0x0800441d   Thumb Code    88  stm32wlxx_hal_subghz.o(.text.SUBGHZSPI_Receive)
    SUBGHZSPI_Transmit                       0x08004475   Thumb Code    84  stm32wlxx_hal_subghz.o(.text.SUBGHZSPI_Transmit)
    SUBGHZ_CheckDeviceReady                  0x080044cd   Thumb Code    44  stm32wlxx_hal_subghz.o(.text.SUBGHZ_CheckDeviceReady)
    SUBGHZ_Radio_IRQHandler                  0x080044fd   Thumb Code     8  stm32wlxx_it.o(.text.SUBGHZ_Radio_IRQHandler)
    SUBGHZ_WaitOnBusy                        0x08004505   Thumb Code    60  stm32wlxx_hal_subghz.o(.text.SUBGHZ_WaitOnBusy)
    SUBGRF_Calibrate                         0x08004549   Thumb Code    28  radio_driver.o(.text.SUBGRF_Calibrate)
    SUBGRF_CalibrateImage                    0x08004565   Thumb Code   100  radio_driver.o(.text.SUBGRF_CalibrateImage)
    SUBGRF_GetOperatingMode                  0x080045dd   Thumb Code     8  radio_driver.o(.text.SUBGRF_GetOperatingMode)
    SUBGRF_GetPacketStatus                   0x080045e5   Thumb Code   116  radio_driver.o(.text.SUBGRF_GetPacketStatus)
    SUBGRF_GetPayload                        0x08004659   Thumb Code    48  radio_driver.o(.text.SUBGRF_GetPayload)
    SUBGRF_GetRadioWakeUpTime                0x08004689   Thumb Code     4  radio_driver.o(.text.SUBGRF_GetRadioWakeUpTime)
    SUBGRF_GetRandom                         0x0800468d   Thumb Code    96  radio_driver.o(.text.SUBGRF_GetRandom)
    SUBGRF_GetRssiInst                       0x080046f1   Thumb Code    28  radio_driver.o(.text.SUBGRF_GetRssiInst)
    SUBGRF_GetRxBufferStatus                 0x0800470d   Thumb Code    60  radio_driver.o(.text.SUBGRF_GetRxBufferStatus)
    SUBGRF_Init                              0x08004749   Thumb Code   100  radio_driver.o(.text.SUBGRF_Init)
    SUBGRF_ReadBuffer                        0x080047ad   Thumb Code    12  radio_driver.o(.text.SUBGRF_ReadBuffer)
    SUBGRF_ReadRegister                      0x080047b9   Thumb Code    24  radio_driver.o(.text.SUBGRF_ReadRegister)
    SUBGRF_ReadRegisters                     0x080047d1   Thumb Code    12  radio_driver.o(.text.SUBGRF_ReadRegisters)
    SUBGRF_SendPayload                       0x080047dd   Thumb Code    18  radio_driver.o(.text.SUBGRF_SendPayload)
    SUBGRF_SetBufferBaseAddress              0x080047f1   Thumb Code    28  radio_driver.o(.text.SUBGRF_SetBufferBaseAddress)
    SUBGRF_SetCad                            0x0800480d   Thumb Code    24  radio_driver.o(.text.SUBGRF_SetCad)
    SUBGRF_SetCrcPolynomial                  0x08004825   Thumb Code    32  radio_driver.o(.text.SUBGRF_SetCrcPolynomial)
    SUBGRF_SetCrcSeed                        0x08004845   Thumb Code    32  radio_driver.o(.text.SUBGRF_SetCrcSeed)
    SUBGRF_SetDioIrqParams                   0x08004869   Thumb Code    56  radio_driver.o(.text.SUBGRF_SetDioIrqParams)
    SUBGRF_SetLoRaSymbNumTimeout             0x080048a5   Thumb Code    60  radio_driver.o(.text.SUBGRF_SetLoRaSymbNumTimeout)
    SUBGRF_SetModulationParams               0x080048e5   Thumb Code   200  radio_driver.o(.text.SUBGRF_SetModulationParams)
    SUBGRF_SetPaConfig                       0x080049b5   Thumb Code    32  radio_driver.o(.text.SUBGRF_SetPaConfig)
    SUBGRF_SetPacketParams                   0x080049d5   Thumb Code   200  radio_driver.o(.text.SUBGRF_SetPacketParams)
    SUBGRF_SetPacketType                     0x08004aa1   Thumb Code    32  radio_driver.o(.text.SUBGRF_SetPacketType)
    SUBGRF_SetPayload                        0x08004ac9   Thumb Code    10  radio_driver.o(.text.SUBGRF_SetPayload)
    SUBGRF_SetRegulatorMode                  0x08004ad5   Thumb Code    32  radio_driver.o(.text.SUBGRF_SetRegulatorMode)
    SUBGRF_SetRfFrequency                    0x08004af5   Thumb Code    52  radio_driver.o(.text.SUBGRF_SetRfFrequency)
    SUBGRF_SetRfTxPower                      0x08004b2d   Thumb Code    40  radio_driver.o(.text.SUBGRF_SetRfTxPower)
    SUBGRF_SetRx                             0x08004b55   Thumb Code    32  radio_driver.o(.text.SUBGRF_SetRx)
    SUBGRF_SetRxBoosted                      0x08004b79   Thumb Code    52  radio_driver.o(.text.SUBGRF_SetRxBoosted)
    SUBGRF_SetRxDutyCycle                    0x08004bb5   Thumb Code    56  radio_driver.o(.text.SUBGRF_SetRxDutyCycle)
    SUBGRF_SetSleep                          0x08004bf1   Thumb Code    48  radio_driver.o(.text.SUBGRF_SetSleep)
    SUBGRF_SetStandby                        0x08004c25   Thumb Code    32  radio_driver.o(.text.SUBGRF_SetStandby)
    SUBGRF_SetStopRxTimerOnPreambleDetect    0x08004c4d   Thumb Code    20  radio_driver.o(.text.SUBGRF_SetStopRxTimerOnPreambleDetect)
    SUBGRF_SetSwitch                         0x08004c65   Thumb Code    52  radio_driver.o(.text.SUBGRF_SetSwitch)
    SUBGRF_SetSyncWord                       0x08004c99   Thumb Code    18  radio_driver.o(.text.SUBGRF_SetSyncWord)
    SUBGRF_SetTcxoMode                       0x08004cad   Thumb Code    40  radio_driver.o(.text.SUBGRF_SetTcxoMode)
    SUBGRF_SetTx                             0x08004cd5   Thumb Code    32  radio_driver.o(.text.SUBGRF_SetTx)
    SUBGRF_SetTxContinuousWave               0x08004cf9   Thumb Code    12  radio_driver.o(.text.SUBGRF_SetTxContinuousWave)
    SUBGRF_SetTxInfinitePreamble             0x08004d05   Thumb Code    12  radio_driver.o(.text.SUBGRF_SetTxInfinitePreamble)
    SUBGRF_SetTxParams                       0x08004d15   Thumb Code   132  radio_driver.o(.text.SUBGRF_SetTxParams)
    SUBGRF_SetWhiteningSeed                  0x08004d99   Thumb Code    52  radio_driver.o(.text.SUBGRF_SetWhiteningSeed)
    SUBGRF_WriteBuffer                       0x08004dd1   Thumb Code    12  radio_driver.o(.text.SUBGRF_WriteBuffer)
    SUBGRF_WriteRegister                     0x08004ddd   Thumb Code    24  radio_driver.o(.text.SUBGRF_WriteRegister)
    SUBGRF_WriteRegisters                    0x08004df5   Thumb Code    12  radio_driver.o(.text.SUBGRF_WriteRegisters)
    SVC_Handler                              0x08004e05   Thumb Code     2  stm32wlxx_it.o(.text.SVC_Handler)
    SYS_LED_Init                             0x08004e09   Thumb Code    64  board_resources.o(.text.SYS_LED_Init)
    SYS_LED_Toggle                           0x08004e49   Thumb Code    24  board_resources.o(.text.SYS_LED_Toggle)
    SubghzApp_Init                           0x08004e69   Thumb Code   200  subghz_phy_app.o(.text.SubghzApp_Init)
    SysTick_Handler                          0x08004f59   Thumb Code     4  stm32wlxx_it.o(.text.SysTick_Handler)
    SysTimeAdd                               0x08004f5d   Thumb Code    36  stm32_systime.o(.text.SysTimeAdd)
    SysTimeGet                               0x08004f85   Thumb Code    64  stm32_systime.o(.text.SysTimeGet)
    SystemApp_Init                           0x08004fc9   Thumb Code   176  sys_app.o(.text.SystemApp_Init)
    SystemClock_Config                       0x0800508d   Thumb Code   116  main.o(.text.SystemClock_Config)
    SystemInit                               0x08005109   Thumb Code     2  system_stm32wlxx.o(.text.SystemInit)
    TAMP_STAMP_LSECSS_SSRU_IRQHandler        0x0800510d   Thumb Code     8  stm32wlxx_it.o(.text.TAMP_STAMP_LSECSS_SSRU_IRQHandler)
    TIMER_IF_BkUp_Read_Seconds               0x0800511d   Thumb Code     8  timer_if.o(.text.TIMER_IF_BkUp_Read_Seconds)
    TIMER_IF_BkUp_Read_SubSeconds            0x08005125   Thumb Code     8  timer_if.o(.text.TIMER_IF_BkUp_Read_SubSeconds)
    TIMER_IF_BkUp_Write_Seconds              0x08005139   Thumb Code    12  timer_if.o(.text.TIMER_IF_BkUp_Write_Seconds)
    TIMER_IF_BkUp_Write_SubSeconds           0x08005145   Thumb Code    12  timer_if.o(.text.TIMER_IF_BkUp_Write_SubSeconds)
    TIMER_IF_Convert_Tick2ms                 0x08005151   Thumb Code    16  timer_if.o(.text.TIMER_IF_Convert_Tick2ms)
    TIMER_IF_Convert_ms2Tick                 0x08005161   Thumb Code     8  timer_if.o(.text.TIMER_IF_Convert_ms2Tick)
    TIMER_IF_DelayMs                         0x08005169   Thumb Code    24  timer_if.o(.text.TIMER_IF_DelayMs)
    TIMER_IF_GetMinimumTimeout               0x08005181   Thumb Code     4  timer_if.o(.text.TIMER_IF_GetMinimumTimeout)
    TIMER_IF_GetTime                         0x08005185   Thumb Code    40  timer_if.o(.text.TIMER_IF_GetTime)
    TIMER_IF_GetTimerContext                 0x080051ad   Thumb Code     8  timer_if.o(.text.TIMER_IF_GetTimerContext)
    TIMER_IF_GetTimerElapsedTime             0x080051b5   Thumb Code    16  timer_if.o(.text.TIMER_IF_GetTimerElapsedTime)
    TIMER_IF_GetTimerValue                   0x080051c5   Thumb Code    20  timer_if.o(.text.TIMER_IF_GetTimerValue)
    TIMER_IF_Init                            0x080051d9   Thumb Code    60  timer_if.o(.text.TIMER_IF_Init)
    TIMER_IF_SetTimerContext                 0x08005215   Thumb Code    12  timer_if.o(.text.TIMER_IF_SetTimerContext)
    TIMER_IF_StartTimer                      0x08005225   Thumb Code    72  timer_if.o(.text.TIMER_IF_StartTimer)
    TIMER_IF_StopTimer                       0x08005271   Thumb Code    24  timer_if.o(.text.TIMER_IF_StopTimer)
    TimerExists                              0x0800544d   Thumb Code    24  stm32_timer.o(.text.TimerExists)
    TimerInsertNewHeadTimer                  0x08005465   Thumb Code    20  stm32_timer.o(.text.TimerInsertNewHeadTimer)
    TimerInsertTimer                         0x08005479   Thumb Code    32  stm32_timer.o(.text.TimerInsertTimer)
    TimerSetTimeout                          0x0800549d   Thumb Code    56  stm32_timer.o(.text.TimerSetTimeout)
    UART_AdvFeatureConfig                    0x0800553d   Thumb Code   168  stm32wlxx_hal_uart.o(.text.UART_AdvFeatureConfig)
    UART_CheckIdleState                      0x080055e5   Thumb Code    76  stm32wlxx_hal_uart.o(.text.UART_CheckIdleState)
    UART_SetConfig                           0x0800593d   Thumb Code   424  stm32wlxx_hal_uart.o(.text.UART_SetConfig)
    UART_Start_Receive_IT                    0x08005b1d   Thumb Code   184  stm32wlxx_hal_uart.o(.text.UART_Start_Receive_IT)
    UART_WaitOnFlagUntilTimeout              0x08005be5   Thumb Code   126  stm32wlxx_hal_uart.o(.text.UART_WaitOnFlagUntilTimeout)
    USART2_IRQHandler                        0x08005c65   Thumb Code     8  stm32wlxx_it.o(.text.USART2_IRQHandler)
    UTIL_ADV_TRACE_COND_FSend                0x08005c71   Thumb Code   160  stm32_adv_trace.o(.text.UTIL_ADV_TRACE_COND_FSend)
    UTIL_ADV_TRACE_Init                      0x08005d15   Thumb Code    36  stm32_adv_trace.o(.text.UTIL_ADV_TRACE_Init)
    UTIL_ADV_TRACE_PostSendHook              0x08005d45   Thumb Code     8  sys_app.o(.text.UTIL_ADV_TRACE_PostSendHook)
    UTIL_ADV_TRACE_PreSendHook               0x08005d4d   Thumb Code     8  sys_app.o(.text.UTIL_ADV_TRACE_PreSendHook)
    UTIL_ADV_TRACE_RegisterTimeStampFunction 0x08005d55   Thumb Code     8  stm32_adv_trace.o(.text.UTIL_ADV_TRACE_RegisterTimeStampFunction)
    UTIL_ADV_TRACE_SetVerboseLevel           0x08005d5d   Thumb Code     8  stm32_adv_trace.o(.text.UTIL_ADV_TRACE_SetVerboseLevel)
    UTIL_LPM_EnterLowPower                   0x08005d69   Thumb Code    52  stm32_lpm.o(.text.UTIL_LPM_EnterLowPower)
    UTIL_LPM_Init                            0x08005da1   Thumb Code    12  stm32_lpm.o(.text.UTIL_LPM_Init)
    UTIL_LPM_SetOffMode                      0x08005dad   Thumb Code    44  stm32_lpm.o(.text.UTIL_LPM_SetOffMode)
    UTIL_LPM_SetStopMode                     0x08005dd9   Thumb Code    44  stm32_lpm.o(.text.UTIL_LPM_SetStopMode)
    UTIL_MEM_set_8                           0x08005e09   Thumb Code    14  stm32_mem.o(.text.UTIL_MEM_set_8)
    UTIL_SEQ_Idle                            0x08005e17   Thumb Code     4  sys_app.o(.text.UTIL_SEQ_Idle)
    UTIL_SEQ_PostIdle                        0x08005e1b   Thumb Code     2  stm32_seq.o(.text.UTIL_SEQ_PostIdle)
    UTIL_SEQ_PreIdle                         0x08005e1d   Thumb Code     2  stm32_seq.o(.text.UTIL_SEQ_PreIdle)
    UTIL_SEQ_RegTask                         0x08005e21   Thumb Code    32  stm32_seq.o(.text.UTIL_SEQ_RegTask)
    UTIL_SEQ_Run                             0x08005e41   Thumb Code   224  stm32_seq.o(.text.UTIL_SEQ_Run)
    UTIL_SEQ_SetTask                         0x08005f29   Thumb Code    36  stm32_seq.o(.text.UTIL_SEQ_SetTask)
    UTIL_TIMER_Create                        0x08005f51   Thumb Code    52  stm32_timer.o(.text.UTIL_TIMER_Create)
    UTIL_TIMER_GetCurrentTime                0x08005f85   Thumb Code    20  stm32_timer.o(.text.UTIL_TIMER_GetCurrentTime)
    UTIL_TIMER_GetElapsedTime                0x08005f99   Thumb Code    32  stm32_timer.o(.text.UTIL_TIMER_GetElapsedTime)
    UTIL_TIMER_IRQ_Handler                   0x08005fb9   Thumb Code   128  stm32_timer.o(.text.UTIL_TIMER_IRQ_Handler)
    UTIL_TIMER_Init                          0x08006039   Thumb Code    12  stm32_timer.o(.text.UTIL_TIMER_Init)
    UTIL_TIMER_SetPeriod                     0x08006045   Thumb Code    48  stm32_timer.o(.text.UTIL_TIMER_SetPeriod)
    UTIL_TIMER_Start                         0x08006075   Thumb Code   108  stm32_timer.o(.text.UTIL_TIMER_Start)
    UTIL_TIMER_Stop                          0x080060e1   Thumb Code    96  stm32_timer.o(.text.UTIL_TIMER_Stop)
    UsageFault_Handler                       0x08006149   Thumb Code     2  stm32wlxx_it.o(.text.UsageFault_Handler)
    main                                     0x0800614d   Thumb Code    68  main.o(.text.main)
    tiny_vsnprintf_like                      0x080061d5   Thumb Code   612  stm32_tiny_vsnprintf.o(.text.tiny_vsnprintf_like)
    vcom_DeInit                              0x0800648d   Thumb Code    36  usart_if.o(.text.vcom_DeInit)
    vcom_Init                                0x080064b5   Thumb Code    28  usart_if.o(.text.vcom_Init)
    vcom_ReceiveInit                         0x080064d9   Thumb Code    64  usart_if.o(.text.vcom_ReceiveInit)
    vcom_Resume                              0x0800651d   Thumb Code    32  usart_if.o(.text.vcom_Resume)
    vcom_Trace_DMA                           0x08006541   Thumb Code    16  usart_if.o(.text.vcom_Trace_DMA)
    __scatterload_copy                       0x08006555   Thumb Code    14  handlers.o(i.__scatterload_copy)
    __scatterload_null                       0x08006563   Thumb Code     2  handlers.o(i.__scatterload_null)
    __scatterload_zeroinit                   0x08006565   Thumb Code    14  handlers.o(i.__scatterload_zeroinit)
    AHBPrescTable                            0x0800658c   Data          64  system_stm32wlxx.o(.rodata.AHBPrescTable)
    APBPrescTable                            0x080065cc   Data          32  system_stm32wlxx.o(.rodata.APBPrescTable)
    Bandwidths                               0x080065ec   Data          12  radio.o(.rodata.Bandwidths)
    FskBandwidths                            0x080065f8   Data         176  radio.o(.rodata.FskBandwidths)
    MSIRangeTable                            0x080066a8   Data          64  system_stm32wlxx.o(.rodata.MSIRangeTable)
    Radio                                    0x080066e8   Data         124  radio.o(.rodata.Radio)
    UARTPrescTable                           0x08006778   Data          24  stm32wlxx_hal_uart.o(.rodata.UARTPrescTable)
    UTIL_PowerDriver                         0x08006790   Data          24  stm32_lpm_if.o(.rodata.UTIL_PowerDriver)
    UTIL_SYSTIMDriver                        0x080067a8   Data          20  timer_if.o(.rodata.UTIL_SYSTIMDriver)
    UTIL_TimerDriver                         0x080067bc   Data          44  timer_if.o(.rodata.UTIL_TimerDriver)
    UTIL_TraceDriver                         0x080067e8   Data          16  usart_if.o(.rodata.UTIL_TraceDriver)
    Region$$Table$$Base                      0x08006830   Number         0  anon$$obj.o(Region$$Table)
    Region$$Table$$Limit                     0x08006850   Number         0  anon$$obj.o(Region$$Table)
    radio_rx_flag                            0x20000000   Data           1  subghz_phy_app.o(.data..L_MergedGlobals)
    radio_tx_flag                            0x20000001   Data           1  subghz_phy_app.o(.data..L_MergedGlobals)
    BufferSize                               0x20000002   Data           2  subghz_phy_app.o(.data..L_MergedGlobals)
    uwTickPrio                               0x20000004   Data           4  stm32wlxx_hal.o(.data..L_MergedGlobals)
    uwTickFreq                               0x20000008   Data           4  stm32wlxx_hal.o(.data..L_MergedGlobals)
    SystemCoreClock                          0x20000018   Data           4  system_stm32wlxx.o(.data.SystemCoreClock)
    ping_flag                                0x2000001c   Data           1  main.o(.data.ping_flag)
    charRx                                   0x20000028   Data           1  usart_if.o(.bss..L_MergedGlobals)
    TxTimeoutTimer                           0x20000034   Data          28  radio.o(.bss..L_MergedGlobals)
    RxTimeoutTimer                           0x20000050   Data          28  radio.o(.bss..L_MergedGlobals)
    FrequencyError                           0x20000070   Data           4  radio_driver.o(.bss..L_MergedGlobals)
    tx_cnt                                   0x2000008c   Data           1  subghz_phy_app.o(.bss..L_MergedGlobals.1)
    RssiValue                                0x2000008d   Data           1  subghz_phy_app.o(.bss..L_MergedGlobals.1)
    SnrValue                                 0x2000008e   Data           1  subghz_phy_app.o(.bss..L_MergedGlobals.1)
    State                                    0x20000090   Data           4  subghz_phy_app.o(.bss..L_MergedGlobals.1)
    Buffer                                   0x20000308   Data          64  subghz_phy_app.o(.bss.Buffer)
    SubgRf                                   0x20000448   Data         152  radio.o(.bss.SubgRf)
    ground_hum_data                          0x20000568   Data           4  main.o(.bss.ground_hum_data)
    hadc                                     0x2000056c   Data         108  main.o(.bss.hadc)
    hdma_usart2_tx                           0x200005d8   Data         100  usart.o(.bss.hdma_usart2_tx)
    hrtc                                     0x2000063c   Data          60  rtc.o(.bss.hrtc)
    hsubghz                                  0x20000678   Data          20  subghz.o(.bss.hsubghz)
    huart2                                   0x2000068c   Data         144  usart.o(.bss.huart2)
    i2c_read_done_flag                       0x2000071c   Data           1  main.o(.bss.i2c_read_done_flag)
    uwTick                                   0x20000820   Data           4  stm32wlxx_hal.o(.bss.uwTick)
    __initial_sp                             0x20001028   Data           0  startup_stm32wl55xx_cm4.o(STACK)



==============================================================================

Memory Map of the image

  Image Entry point : 0x08000139

  Load Region LR_IROM1 (Base: 0x08000000, Size: 0x00006870, Max: 0x00040000, ABSOLUTE)

    Execution Region ER_IROM1 (Exec base: 0x08000000, Load base: 0x08000000, Size: 0x00006850, Max: 0x00040000, ABSOLUTE)

    Exec Addr    Load Addr    Size         Type   Attr      Idx    E Section Name        Object

    0x08000000   0x08000000   0x00000138   Data   RO          433    RESET               startup_stm32wl55xx_cm4.o
    0x08000138   0x08000138   0x00000000   Code   RO         2646  * .ARM.Collect$$$$00000000  mc_w.l(entry.o)
    0x08000138   0x08000138   0x00000004   Code   RO         2693    .ARM.Collect$$$$00000001  mc_w.l(entry2.o)
    0x0800013c   0x0800013c   0x00000004   Code   RO         2696    .ARM.Collect$$$$00000004  mc_w.l(entry5.o)
    0x08000140   0x08000140   0x00000000   Code   RO         2698    .ARM.Collect$$$$00000008  mc_w.l(entry7b.o)
    0x08000140   0x08000140   0x00000000   Code   RO         2700    .ARM.Collect$$$$0000000A  mc_w.l(entry8b.o)
    0x08000140   0x08000140   0x00000008   Code   RO         2701    .ARM.Collect$$$$0000000B  mc_w.l(entry9a.o)
    0x08000148   0x08000148   0x00000000   Code   RO         2703    .ARM.Collect$$$$0000000D  mc_w.l(entry10a.o)
    0x08000148   0x08000148   0x00000000   Code   RO         2705    .ARM.Collect$$$$0000000F  mc_w.l(entry11a.o)
    0x08000148   0x08000148   0x00000004   Code   RO         2694    .ARM.Collect$$$$00002712  mc_w.l(entry2.o)
    0x0800014c   0x0800014c   0x00000024   Code   RO          434    .text               startup_stm32wl55xx_cm4.o
    0x08000170   0x08000170   0x00000062   Code   RO         2649    .text               mc_w.l(uldiv.o)
    0x080001d2   0x080001d2   0x00000024   Code   RO         2651    .text               mc_w.l(memcpya.o)
    0x080001f6   0x080001f6   0x00000024   Code   RO         2653    .text               mc_w.l(memseta.o)
    0x0800021a   0x0800021a   0x0000000e   Code   RO         2655    .text               mc_w.l(strlen.o)
    0x08000228   0x08000228   0x0000001e   Code   RO         2707    .text               mc_w.l(llshl.o)
    0x08000246   0x08000246   0x00000020   Code   RO         2709    .text               mc_w.l(llushr.o)
    0x08000266   0x08000266   0x00000002   PAD
    0x08000268   0x08000268   0x00000024   Code   RO         2729    .text               mc_w.l(init.o)
    0x0800028c   0x0800028c   0x00000040   Code   RO          651    .text.ADC_ConversionStop  stm32wlxx_hal_adc.o
    0x080002cc   0x080002cc   0x00000054   Code   RO          653    .text.ADC_Disable   stm32wlxx_hal_adc.o
    0x08000320   0x08000320   0x00000088   Code   RO          659    .text.ADC_Enable    stm32wlxx_hal_adc.o
    0x080003a8   0x080003a8   0x00000002   Code   RO          250    .text.BusFault_Handler  stm32wlxx_it.o
    0x080003aa   0x080003aa   0x00000002   PAD
    0x080003ac   0x080003ac   0x000000f4   Code   RO          322    .text.DBG_Init      sys_debug.o
    0x080004a0   0x080004a0   0x0000000c   Code   RO          264    .text.DMA1_Channel5_IRQHandler  stm32wlxx_it.o
    0x080004ac   0x080004ac   0x0000004c   Code   RO          801    .text.DMA_CalcDMAMUXChannelBaseAndMask  stm32wlxx_hal_dma.o
    0x080004f8   0x080004f8   0x00000028   Code   RO          803    .text.DMA_CalcDMAMUXRequestGenBaseAndMask  stm32wlxx_hal_dma.o
    0x08000520   0x08000520   0x0000003a   Code   RO          809    .text.DMA_SetConfig  stm32wlxx_hal_dma.o
    0x0800055a   0x0800055a   0x00000002   Code   RO          256    .text.DebugMon_Handler  stm32wlxx_it.o
    0x0800055c   0x0800055c   0x00000002   Code   RO          110    .text.Error_Handler  main.o
    0x0800055e   0x0800055e   0x00000002   PAD
    0x08000560   0x08000560   0x0000019c   Code   RO          693    .text.HAL_ADC_ConfigChannel  stm32wlxx_hal_adc.o
    0x080006fc   0x080006fc   0x00000006   Code   RO          681    .text.HAL_ADC_GetValue  stm32wlxx_hal_adc.o
    0x08000702   0x08000702   0x00000002   PAD
    0x08000704   0x08000704   0x0000021c   Code   RO          645    .text.HAL_ADC_Init  stm32wlxx_hal_adc.o
    0x08000920   0x08000920   0x00000078   Code   RO          122    .text.HAL_ADC_MspInit  main.o
    0x08000998   0x08000998   0x000000c0   Code   RO          663    .text.HAL_ADC_PollForConversion  stm32wlxx_hal_adc.o
    0x08000a58   0x08000a58   0x00000050   Code   RO          657    .text.HAL_ADC_Start  stm32wlxx_hal_adc.o
    0x08000aa8   0x08000aa8   0x00000028   Code   RO          661    .text.HAL_ADC_Stop  stm32wlxx_hal_adc.o
    0x08000ad0   0x08000ad0   0x00000008   Code   RO          595    .text.HAL_DBGMCU_EnableDBGSleepMode  stm32wlxx_hal.o
    0x08000ad8   0x08000ad8   0x0000000c   Code   RO          603    .text.HAL_DBGMCU_EnableDBGStandbyMode  stm32wlxx_hal.o
    0x08000ae4   0x08000ae4   0x0000000c   Code   RO          599    .text.HAL_DBGMCU_EnableDBGStopMode  stm32wlxx_hal.o
    0x08000af0   0x08000af0   0x0000006a   Code   RO          813    .text.HAL_DMA_Abort  stm32wlxx_hal_dma.o
    0x08000b5a   0x08000b5a   0x00000066   Code   RO          815    .text.HAL_DMA_Abort_IT  stm32wlxx_hal_dma.o
    0x08000bc0   0x08000bc0   0x00000020   Code   RO          829    .text.HAL_DMA_ConfigChannelAttributes  stm32wlxx_hal_dma.o
    0x08000be0   0x08000be0   0x000000a4   Code   RO          805    .text.HAL_DMA_DeInit  stm32wlxx_hal_dma.o
    0x08000c84   0x08000c84   0x0000009c   Code   RO          819    .text.HAL_DMA_IRQHandler  stm32wlxx_hal_dma.o
    0x08000d20   0x08000d20   0x000000bc   Code   RO          799    .text.HAL_DMA_Init  stm32wlxx_hal_dma.o
    0x08000ddc   0x08000ddc   0x00000080   Code   RO          811    .text.HAL_DMA_Start_IT  stm32wlxx_hal_dma.o
    0x08000e5c   0x08000e5c   0x0000000c   Code   RO          308    .text.HAL_Delay     sys_app.o
    0x08000e68   0x08000e68   0x000000ec   Code   RO          964    .text.HAL_GPIO_DeInit  stm32wlxx_hal_gpio.o
    0x08000f54   0x08000f54   0x00000170   Code   RO          962    .text.HAL_GPIO_Init  stm32wlxx_hal_gpio.o
    0x080010c4   0x080010c4   0x00000010   Code   RO          970    .text.HAL_GPIO_TogglePin  stm32wlxx_hal_gpio.o
    0x080010d4   0x080010d4   0x0000000c   Code   RO          968    .text.HAL_GPIO_WritePin  stm32wlxx_hal_gpio.o
    0x080010e0   0x080010e0   0x00000004   Code   RO          306    .text.HAL_GetTick   sys_app.o
    0x080010e4   0x080010e4   0x00000018   Code   RO          567    .text.HAL_IncTick   stm32wlxx_hal.o
    0x080010fc   0x080010fc   0x00000024   Code   RO          557    .text.HAL_Init      stm32wlxx_hal.o
    0x08001120   0x08001120   0x00000004   Code   RO          304    .text.HAL_InitTick  sys_app.o
    0x08001124   0x08001124   0x00000002   Code   RO          236    .text.HAL_MspInit   stm32wlxx_hal_msp.o
    0x08001126   0x08001126   0x00000002   PAD
    0x08001128   0x08001128   0x00000024   Code   RO          757    .text.HAL_NVIC_DisableIRQ  stm32wlxx_hal_cortex.o
    0x0800114c   0x0800114c   0x0000001c   Code   RO          755    .text.HAL_NVIC_EnableIRQ  stm32wlxx_hal_cortex.o
    0x08001168   0x08001168   0x0000004c   Code   RO          753    .text.HAL_NVIC_SetPriority  stm32wlxx_hal_cortex.o
    0x080011b4   0x080011b4   0x00000020   Code   RO          751    .text.HAL_NVIC_SetPriorityGrouping  stm32wlxx_hal_cortex.o
    0x080011d4   0x080011d4   0x0000003c   Code   RO         1094    .text.HAL_PWREx_DisableLowPowerRunMode  stm32wlxx_hal_pwr_ex.o
    0x08001210   0x08001210   0x00000008   Code   RO         1092    .text.HAL_PWREx_EnableLowPowerRunMode  stm32wlxx_hal_pwr_ex.o
    0x08001218   0x08001218   0x00000028   Code   RO         1100    .text.HAL_PWREx_EnterSTOP2Mode  stm32wlxx_hal_pwr_ex.o
    0x08001240   0x08001240   0x0000000c   Code   RO         1026    .text.HAL_PWREx_GetVoltageRange  stm32wlxx_hal_pwr_ex.o
    0x0800124c   0x0800124c   0x00000010   Code   RO          988    .text.HAL_PWR_EnableBkUpAccess  stm32wlxx_hal_pwr.o
    0x0800125c   0x0800125c   0x00000044   Code   RO         1002    .text.HAL_PWR_EnterSLEEPMode  stm32wlxx_hal_pwr.o
    0x080012a0   0x080012a0   0x0000015c   Code   RO         1185    .text.HAL_RCCEx_PeriphCLKConfig  stm32wlxx_hal_rcc_ex.o
    0x080013fc   0x080013fc   0x000001e4   Code   RO         1136    .text.HAL_RCC_ClockConfig  stm32wlxx_hal_rcc.o
    0x080015e0   0x080015e0   0x00000020   Code   RO         1134    .text.HAL_RCC_GetHCLKFreq  stm32wlxx_hal_rcc.o
    0x08001600   0x08001600   0x00000018   Code   RO         1146    .text.HAL_RCC_GetPCLK1Freq  stm32wlxx_hal_rcc.o
    0x08001618   0x08001618   0x0000001c   Code   RO         1148    .text.HAL_RCC_GetPCLK2Freq  stm32wlxx_hal_rcc.o
    0x08001634   0x08001634   0x000000e8   Code   RO         1140    .text.HAL_RCC_GetSysClockFreq  stm32wlxx_hal_rcc.o
    0x0800171c   0x0800171c   0x00000050   Code   RO         1138    .text.HAL_RCC_MCOConfig  stm32wlxx_hal_rcc.o
    0x0800176c   0x0800176c   0x00000544   Code   RO         1130    .text.HAL_RCC_OscConfig  stm32wlxx_hal_rcc.o
    0x08001cb0   0x08001cb0   0x00000002   Code   RO         1379    .text.HAL_RTCEx_AlarmBEventCallback  stm32wlxx_hal_rtc_ex.o
    0x08001cb2   0x08001cb2   0x00000002   PAD
    0x08001cb4   0x08001cb4   0x00000008   Code   RO         1417    .text.HAL_RTCEx_BKUPRead  stm32wlxx_hal_rtc_ex.o
    0x08001cbc   0x08001cbc   0x0000000c   Code   RO         1415    .text.HAL_RTCEx_BKUPWrite  stm32wlxx_hal_rtc_ex.o
    0x08001cc8   0x08001cc8   0x00000024   Code   RO         1363    .text.HAL_RTCEx_EnableBypassShadow  stm32wlxx_hal_rtc_ex.o
    0x08001cec   0x08001cec   0x00000010   Code   RO          197    .text.HAL_RTCEx_SSRUEventCallback  timer_if.o
    0x08001cfc   0x08001cfc   0x0000001c   Code   RO         1375    .text.HAL_RTCEx_SSRUIRQHandler  stm32wlxx_hal_rtc_ex.o
    0x08001d18   0x08001d18   0x00000034   Code   RO         1371    .text.HAL_RTCEx_SetSSRU_IT  stm32wlxx_hal_rtc_ex.o
    0x08001d4c   0x08001d4c   0x00000004   Code   RO          195    .text.HAL_RTC_AlarmAEventCallback  timer_if.o
    0x08001d50   0x08001d50   0x00000034   Code   RO         1275    .text.HAL_RTC_AlarmIRQHandler  stm32wlxx_hal_rtc.o
    0x08001d84   0x08001d84   0x00000060   Code   RO         1271    .text.HAL_RTC_DeactivateAlarm  stm32wlxx_hal_rtc.o
    0x08001de4   0x08001de4   0x0000008c   Code   RO         1233    .text.HAL_RTC_Init  stm32wlxx_hal_rtc.o
    0x08001e70   0x08001e70   0x00000078   Code   RO          148    .text.HAL_RTC_MspInit  rtc.o
    0x08001ee8   0x08001ee8   0x000000b8   Code   RO         1269    .text.HAL_RTC_SetAlarm_IT  stm32wlxx_hal_rtc.o
    0x08001fa0   0x08001fa0   0x00000034   Code   RO         1281    .text.HAL_RTC_WaitForSynchro  stm32wlxx_hal_rtc.o
    0x08001fd4   0x08001fd4   0x0000000c   Code   RO          581    .text.HAL_ResumeTick  stm32wlxx_hal.o
    0x08001fe0   0x08001fe0   0x0000001c   Code   RO         2383    .text.HAL_SUBGHZ_CADStatusCallback  radio_driver.o
    0x08001ffc   0x08001ffc   0x00000008   Code   RO         2381    .text.HAL_SUBGHZ_CRCErrorCallback  radio_driver.o
    0x08002004   0x08002004   0x00000054   Code   RO         1479    .text.HAL_SUBGHZ_ExecGetCmd  stm32wlxx_hal_subghz.o
    0x08002058   0x08002058   0x00000074   Code   RO         1477    .text.HAL_SUBGHZ_ExecSetCmd  stm32wlxx_hal_subghz.o
    0x080020cc   0x080020cc   0x00000008   Code   RO         2387    .text.HAL_SUBGHZ_HeaderErrorCallback  radio_driver.o
    0x080020d4   0x080020d4   0x00000008   Code   RO         2393    .text.HAL_SUBGHZ_HeaderValidCallback  radio_driver.o
    0x080020dc   0x080020dc   0x0000008e   Code   RO         1485    .text.HAL_SUBGHZ_IRQHandler  stm32wlxx_hal_subghz.o
    0x0800216a   0x0800216a   0x00000002   PAD
    0x0800216c   0x0800216c   0x000000a0   Code   RO         1449    .text.HAL_SUBGHZ_Init  stm32wlxx_hal_subghz.o
    0x0800220c   0x0800220c   0x00000030   Code   RO          281    .text.HAL_SUBGHZ_MspInit  subghz.o
    0x0800223c   0x0800223c   0x00000008   Code   RO         2389    .text.HAL_SUBGHZ_PreambleDetectedCallback  radio_driver.o
    0x08002244   0x08002244   0x00000054   Code   RO         1483    .text.HAL_SUBGHZ_ReadBuffer  stm32wlxx_hal_subghz.o
    0x08002298   0x08002298   0x0000005c   Code   RO         1469    .text.HAL_SUBGHZ_ReadRegisters  stm32wlxx_hal_subghz.o
    0x080022f4   0x080022f4   0x00000008   Code   RO         2379    .text.HAL_SUBGHZ_RxCpltCallback  radio_driver.o
    0x080022fc   0x080022fc   0x0000000c   Code   RO         2385    .text.HAL_SUBGHZ_RxTxTimeoutCallback  radio_driver.o
    0x08002308   0x08002308   0x00000008   Code   RO         2391    .text.HAL_SUBGHZ_SyncWordValidCallback  radio_driver.o
    0x08002310   0x08002310   0x0000000c   Code   RO         2377    .text.HAL_SUBGHZ_TxCpltCallback  radio_driver.o
    0x0800231c   0x0800231c   0x00000054   Code   RO         1481    .text.HAL_SUBGHZ_WriteBuffer  stm32wlxx_hal_subghz.o
    0x08002370   0x08002370   0x0000006c   Code   RO         1461    .text.HAL_SUBGHZ_WriteRegisters  stm32wlxx_hal_subghz.o
    0x080023dc   0x080023dc   0x0000000c   Code   RO          579    .text.HAL_SuspendTick  stm32wlxx_hal.o
    0x080023e8   0x080023e8   0x00000044   Code   RO         1771    .text.HAL_UARTEx_EnableFifoMode  stm32wlxx_hal_uart_ex.o
    0x0800242c   0x0800242c   0x00000020   Code   RO         1767    .text.HAL_UARTEx_EnableStopMode  stm32wlxx_hal_uart_ex.o
    0x0800244c   0x0800244c   0x00000002   Code   RO         1629    .text.HAL_UARTEx_RxEventCallback  stm32wlxx_hal_uart.o
    0x0800244e   0x0800244e   0x00000002   Code   RO         1759    .text.HAL_UARTEx_RxFifoFullCallback  stm32wlxx_hal_uart_ex.o
    0x08002450   0x08002450   0x0000001c   Code   RO         1779    .text.HAL_UARTEx_SetRxFifoThreshold  stm32wlxx_hal_uart_ex.o
    0x0800246c   0x0800246c   0x0000001c   Code   RO         1777    .text.HAL_UARTEx_SetTxFifoThreshold  stm32wlxx_hal_uart_ex.o
    0x08002488   0x08002488   0x0000007c   Code   RO         1765    .text.HAL_UARTEx_StopModeWakeUpSourceConfig  stm32wlxx_hal_uart_ex.o
    0x08002504   0x08002504   0x00000002   Code   RO         1761    .text.HAL_UARTEx_TxFifoEmptyCallback  stm32wlxx_hal_uart_ex.o
    0x08002506   0x08002506   0x00000002   Code   RO         1757    .text.HAL_UARTEx_WakeupCallback  stm32wlxx_hal_uart_ex.o
    0x08002508   0x08002508   0x00000002   Code   RO         1627    .text.HAL_UART_ErrorCallback  stm32wlxx_hal_uart.o
    0x0800250a   0x0800250a   0x00000002   PAD
    0x0800250c   0x0800250c   0x00000254   Code   RO         1623    .text.HAL_UART_IRQHandler  stm32wlxx_hal_uart.o
    0x08002760   0x08002760   0x0000003a   Code   RO         1535    .text.HAL_UART_Init  stm32wlxx_hal_uart.o
    0x0800279a   0x0800279a   0x00000002   PAD
    0x0800279c   0x0800279c   0x00000038   Code   RO          340    .text.HAL_UART_MspDeInit  usart.o
    0x080027d4   0x080027d4   0x000000d0   Code   RO          338    .text.HAL_UART_MspInit  usart.o
    0x080028a4   0x080028a4   0x00000030   Code   RO         1571    .text.HAL_UART_Receive_IT  stm32wlxx_hal_uart.o
    0x080028d4   0x080028d4   0x0000002c   Code   RO          366    .text.HAL_UART_RxCpltCallback  usart_if.o
    0x08002900   0x08002900   0x00000084   Code   RO         1575    .text.HAL_UART_Transmit_DMA  stm32wlxx_hal_uart.o
    0x08002984   0x08002984   0x0000000c   Code   RO          364    .text.HAL_UART_TxCpltCallback  usart_if.o
    0x08002990   0x08002990   0x00000002   Code   RO         1633    .text.HAL_UART_TxHalfCpltCallback  stm32wlxx_hal_uart.o
    0x08002992   0x08002992   0x00000002   Code   RO          246    .text.HardFault_Handler  stm32wlxx_it.o
    0x08002994   0x08002994   0x0000001c   Code   RO           94    .text.LL_AHB1_GRP1_EnableClock  dma.o
    0x080029b0   0x080029b0   0x00000018   Code   RO           48    .text.LL_AHB2_GRP1_EnableClock  board_resources.o
    0x080029c8   0x080029c8   0x0000001c   Code   RO          116    .text.LL_AHB2_GRP1_EnableClock  main.o
    0x080029e4   0x080029e4   0x00000018   Code   RO          312    .text.LL_AHB2_GRP1_EnableClock  sys_app.o
    0x080029fc   0x080029fc   0x00000018   Code   RO          324    .text.LL_AHB2_GRP1_EnableClock  sys_debug.o
    0x08002a14   0x08002a14   0x00000020   Code   RO          443    .text.LL_AHB2_GRP1_EnableClock  radio_board_if.o
    0x08002a34   0x08002a34   0x00000020   Code   RO         1187    .text.LL_RCC_SetI2CClockSource  stm32wlxx_hal_rcc_ex.o
    0x08002a54   0x08002a54   0x00000022   Code   RO           92    .text.MX_DMA_Init   dma.o
    0x08002a76   0x08002a76   0x00000002   PAD
    0x08002a78   0x08002a78   0x00000074   Code   RO          146    .text.MX_RTC_Init   rtc.o
    0x08002aec   0x08002aec   0x0000001c   Code   RO          279    .text.MX_SUBGHZ_Init  subghz.o
    0x08002b08   0x08002b08   0x0000000e   Code   RO            3    .text.MX_SubGHz_Phy_Init  app_subghz_phy.o
    0x08002b16   0x08002b16   0x00000008   Code   RO            5    .text.MX_SubGHz_Phy_Process  app_subghz_phy.o
    0x08002b1e   0x08002b1e   0x00000002   PAD
    0x08002b20   0x08002b20   0x00000068   Code   RO          336    .text.MX_USART2_UART_Init  usart.o
    0x08002b88   0x08002b88   0x00000002   Code   RO          248    .text.MemManage_Handler  stm32wlxx_it.o
    0x08002b8a   0x08002b8a   0x00000002   Code   RO          244    .text.NMI_Handler   stm32wlxx_it.o
    0x08002b8c   0x08002b8c   0x00000010   Code   RO          201    .text.OUTLINED_FUNCTION_0  timer_if.o
    0x08002b9c   0x08002b9c   0x00000008   Code   RO          326    .text.OUTLINED_FUNCTION_0  sys_debug.o
    0x08002ba4   0x08002ba4   0x00000008   Code   RO          457    .text.OUTLINED_FUNCTION_0  radio_board_if.o
    0x08002bac   0x08002bac   0x0000000a   Code   RO          627    .text.OUTLINED_FUNCTION_0  stm32wlxx_hal.o
    0x08002bb6   0x08002bb6   0x00000014   Code   RO          703    .text.OUTLINED_FUNCTION_0  stm32wlxx_hal_adc.o
    0x08002bca   0x08002bca   0x0000000a   Code   RO         1108    .text.OUTLINED_FUNCTION_0  stm32wlxx_hal_pwr_ex.o
    0x08002bd4   0x08002bd4   0x00000028   Code   RO         1160    .text.OUTLINED_FUNCTION_0  stm32wlxx_hal_rcc.o
    0x08002bfc   0x08002bfc   0x00000014   Code   RO         1215    .text.OUTLINED_FUNCTION_0  stm32wlxx_hal_rcc_ex.o
    0x08002c10   0x08002c10   0x0000000c   Code   RO         1285    .text.OUTLINED_FUNCTION_0  stm32wlxx_hal_rtc.o
    0x08002c1c   0x08002c1c   0x00000010   Code   RO         1419    .text.OUTLINED_FUNCTION_0  stm32wlxx_hal_rtc_ex.o
    0x08002c2c   0x08002c2c   0x0000000e   Code   RO         1509    .text.OUTLINED_FUNCTION_0  stm32wlxx_hal_subghz.o
    0x08002c3a   0x08002c3a   0x00000016   Code   RO         1673    .text.OUTLINED_FUNCTION_0  stm32wlxx_hal_uart.o
    0x08002c50   0x08002c50   0x0000001c   Code   RO         1787    .text.OUTLINED_FUNCTION_0  stm32wlxx_hal_uart_ex.o
    0x08002c6c   0x08002c6c   0x00000010   Code   RO         2232    .text.OUTLINED_FUNCTION_0  radio.o
    0x08002c7c   0x08002c7c   0x00000006   Code   RO         2395    .text.OUTLINED_FUNCTION_0  radio_driver.o
    0x08002c82   0x08002c82   0x00000012   Code   RO         2456    .text.OUTLINED_FUNCTION_0  stm32_adv_trace.o
    0x08002c94   0x08002c94   0x0000000a   Code   RO          203    .text.OUTLINED_FUNCTION_1  timer_if.o
    0x08002c9e   0x08002c9e   0x00000018   Code   RO          705    .text.OUTLINED_FUNCTION_1  stm32wlxx_hal_adc.o
    0x08002cb6   0x08002cb6   0x00000006   Code   RO         1162    .text.OUTLINED_FUNCTION_1  stm32wlxx_hal_rcc.o
    0x08002cbc   0x08002cbc   0x00000018   Code   RO         1287    .text.OUTLINED_FUNCTION_1  stm32wlxx_hal_rtc.o
    0x08002cd4   0x08002cd4   0x00000010   Code   RO         1511    .text.OUTLINED_FUNCTION_1  stm32wlxx_hal_subghz.o
    0x08002ce4   0x08002ce4   0x00000012   Code   RO         1675    .text.OUTLINED_FUNCTION_1  stm32wlxx_hal_uart.o
    0x08002cf6   0x08002cf6   0x00000012   Code   RO         1789    .text.OUTLINED_FUNCTION_1  stm32wlxx_hal_uart_ex.o
    0x08002d08   0x08002d08   0x00000008   Code   RO         2234    .text.OUTLINED_FUNCTION_1  radio.o
    0x08002d10   0x08002d10   0x0000000e   Code   RO         2397    .text.OUTLINED_FUNCTION_1  radio_driver.o
    0x08002d1e   0x08002d1e   0x00000006   Code   RO         1305    .text.OUTLINED_FUNCTION_10  stm32wlxx_hal_rtc.o
    0x08002d24   0x08002d24   0x0000000c   Code   RO         1439    .text.OUTLINED_FUNCTION_10  stm32wlxx_hal_rtc_ex.o
    0x08002d30   0x08002d30   0x0000000a   Code   RO         1307    .text.OUTLINED_FUNCTION_11  stm32wlxx_hal_rtc.o
    0x08002d3a   0x08002d3a   0x0000000e   Code   RO         1695    .text.OUTLINED_FUNCTION_11  stm32wlxx_hal_uart.o
    0x08002d48   0x08002d48   0x00000016   Code   RO         1699    .text.OUTLINED_FUNCTION_13  stm32wlxx_hal_uart.o
    0x08002d5e   0x08002d5e   0x00000012   Code   RO         1703    .text.OUTLINED_FUNCTION_15  stm32wlxx_hal_uart.o
    0x08002d70   0x08002d70   0x00000012   Code   RO         1705    .text.OUTLINED_FUNCTION_16  stm32wlxx_hal_uart.o
    0x08002d82   0x08002d82   0x00000012   Code   RO         1707    .text.OUTLINED_FUNCTION_17  stm32wlxx_hal_uart.o
    0x08002d94   0x08002d94   0x0000000a   Code   RO          631    .text.OUTLINED_FUNCTION_2  stm32wlxx_hal.o
    0x08002d9e   0x08002d9e   0x0000000a   Code   RO          707    .text.OUTLINED_FUNCTION_2  stm32wlxx_hal_adc.o
    0x08002da8   0x08002da8   0x0000000c   Code   RO         1164    .text.OUTLINED_FUNCTION_2  stm32wlxx_hal_rcc.o
    0x08002db4   0x08002db4   0x00000014   Code   RO         1289    .text.OUTLINED_FUNCTION_2  stm32wlxx_hal_rtc.o
    0x08002dc8   0x08002dc8   0x00000012   Code   RO         1513    .text.OUTLINED_FUNCTION_2  stm32wlxx_hal_subghz.o
    0x08002dda   0x08002dda   0x00000024   Code   RO         1677    .text.OUTLINED_FUNCTION_2  stm32wlxx_hal_uart.o
    0x08002dfe   0x08002dfe   0x00000006   Code   RO         2236    .text.OUTLINED_FUNCTION_2  radio.o
    0x08002e04   0x08002e04   0x00000012   Code   RO         1713    .text.OUTLINED_FUNCTION_20  stm32wlxx_hal_uart.o
    0x08002e16   0x08002e16   0x0000000e   Code   RO         1715    .text.OUTLINED_FUNCTION_21  stm32wlxx_hal_uart.o
    0x08002e24   0x08002e24   0x0000000c   Code   RO         1717    .text.OUTLINED_FUNCTION_22  stm32wlxx_hal_uart.o
    0x08002e30   0x08002e30   0x00000010   Code   RO         1721    .text.OUTLINED_FUNCTION_24  stm32wlxx_hal_uart.o
    0x08002e40   0x08002e40   0x00000008   Code   RO         1725    .text.OUTLINED_FUNCTION_26  stm32wlxx_hal_uart.o
    0x08002e48   0x08002e48   0x0000000e   Code   RO         1727    .text.OUTLINED_FUNCTION_27  stm32wlxx_hal_uart.o
    0x08002e56   0x08002e56   0x0000000a   Code   RO          633    .text.OUTLINED_FUNCTION_3  stm32wlxx_hal.o
    0x08002e60   0x08002e60   0x00000010   Code   RO          709    .text.OUTLINED_FUNCTION_3  stm32wlxx_hal_adc.o
    0x08002e70   0x08002e70   0x00000010   Code   RO         1166    .text.OUTLINED_FUNCTION_3  stm32wlxx_hal_rcc.o
    0x08002e80   0x08002e80   0x0000000e   Code   RO         1515    .text.OUTLINED_FUNCTION_3  stm32wlxx_hal_subghz.o
    0x08002e8e   0x08002e8e   0x00000020   Code   RO         1679    .text.OUTLINED_FUNCTION_3  stm32wlxx_hal_uart.o
    0x08002eae   0x08002eae   0x0000000a   Code   RO         1793    .text.OUTLINED_FUNCTION_3  stm32wlxx_hal_uart_ex.o
    0x08002eb8   0x08002eb8   0x0000000c   Code   RO         2238    .text.OUTLINED_FUNCTION_3  radio.o
    0x08002ec4   0x08002ec4   0x0000000a   Code   RO         1733    .text.OUTLINED_FUNCTION_30  stm32wlxx_hal_uart.o
    0x08002ece   0x08002ece   0x0000000e   Code   RO         1737    .text.OUTLINED_FUNCTION_32  stm32wlxx_hal_uart.o
    0x08002edc   0x08002edc   0x0000000e   Code   RO         1739    .text.OUTLINED_FUNCTION_33  stm32wlxx_hal_uart.o
    0x08002eea   0x08002eea   0x00000006   Code   RO         1741    .text.OUTLINED_FUNCTION_34  stm32wlxx_hal_uart.o
    0x08002ef0   0x08002ef0   0x00000006   Code   RO         1743    .text.OUTLINED_FUNCTION_35  stm32wlxx_hal_uart.o
    0x08002ef6   0x08002ef6   0x0000000a   Code   RO          711    .text.OUTLINED_FUNCTION_4  stm32wlxx_hal_adc.o
    0x08002f00   0x08002f00   0x00000008   Code   RO         1168    .text.OUTLINED_FUNCTION_4  stm32wlxx_hal_rcc.o
    0x08002f08   0x08002f08   0x0000000e   Code   RO         1223    .text.OUTLINED_FUNCTION_4  stm32wlxx_hal_rcc_ex.o
    0x08002f16   0x08002f16   0x00000012   Code   RO         1293    .text.OUTLINED_FUNCTION_4  stm32wlxx_hal_rtc.o
    0x08002f28   0x08002f28   0x00000012   Code   RO         1517    .text.OUTLINED_FUNCTION_4  stm32wlxx_hal_subghz.o
    0x08002f3a   0x08002f3a   0x0000000c   Code   RO         1681    .text.OUTLINED_FUNCTION_4  stm32wlxx_hal_uart.o
    0x08002f46   0x08002f46   0x0000000a   Code   RO         1795    .text.OUTLINED_FUNCTION_4  stm32wlxx_hal_uart_ex.o
    0x08002f50   0x08002f50   0x0000000c   Code   RO         2240    .text.OUTLINED_FUNCTION_4  radio.o
    0x08002f5c   0x08002f5c   0x0000000a   Code   RO         1118    .text.OUTLINED_FUNCTION_5  stm32wlxx_hal_pwr_ex.o
    0x08002f66   0x08002f66   0x00000006   Code   RO         1170    .text.OUTLINED_FUNCTION_5  stm32wlxx_hal_rcc.o
    0x08002f6c   0x08002f6c   0x0000000e   Code   RO         1295    .text.OUTLINED_FUNCTION_5  stm32wlxx_hal_rtc.o
    0x08002f7a   0x08002f7a   0x00000010   Code   RO         1519    .text.OUTLINED_FUNCTION_5  stm32wlxx_hal_subghz.o
    0x08002f8a   0x08002f8a   0x00000008   Code   RO         2242    .text.OUTLINED_FUNCTION_5  radio.o
    0x08002f92   0x08002f92   0x0000000a   Code   RO          715    .text.OUTLINED_FUNCTION_6  stm32wlxx_hal_adc.o
    0x08002f9c   0x08002f9c   0x00000008   Code   RO         1172    .text.OUTLINED_FUNCTION_6  stm32wlxx_hal_rcc.o
    0x08002fa4   0x08002fa4   0x00000010   Code   RO         1297    .text.OUTLINED_FUNCTION_6  stm32wlxx_hal_rtc.o
    0x08002fb4   0x08002fb4   0x00000006   Code   RO         1521    .text.OUTLINED_FUNCTION_6  stm32wlxx_hal_subghz.o
    0x08002fba   0x08002fba   0x0000000e   Code   RO         2244    .text.OUTLINED_FUNCTION_6  radio.o
    0x08002fc8   0x08002fc8   0x00000006   Code   RO          717    .text.OUTLINED_FUNCTION_7  stm32wlxx_hal_adc.o
    0x08002fce   0x08002fce   0x00000010   Code   RO         1299    .text.OUTLINED_FUNCTION_7  stm32wlxx_hal_rtc.o
    0x08002fde   0x08002fde   0x00000008   Code   RO         1523    .text.OUTLINED_FUNCTION_7  stm32wlxx_hal_subghz.o
    0x08002fe6   0x08002fe6   0x0000001c   Code   RO         1687    .text.OUTLINED_FUNCTION_7  stm32wlxx_hal_uart.o
    0x08003002   0x08003002   0x00000006   Code   RO         2246    .text.OUTLINED_FUNCTION_7  radio.o
    0x08003008   0x08003008   0x00000010   Code   RO         1301    .text.OUTLINED_FUNCTION_8  stm32wlxx_hal_rtc.o
    0x08003018   0x08003018   0x00000008   Code   RO         1525    .text.OUTLINED_FUNCTION_8  stm32wlxx_hal_subghz.o
    0x08003020   0x08003020   0x0000000c   Code   RO         1689    .text.OUTLINED_FUNCTION_8  stm32wlxx_hal_uart.o
    0x0800302c   0x0800302c   0x00000006   Code   RO         2248    .text.OUTLINED_FUNCTION_8  radio.o
    0x08003032   0x08003032   0x0000000e   Code   RO         1303    .text.OUTLINED_FUNCTION_9  stm32wlxx_hal_rtc.o
    0x08003040   0x08003040   0x0000000a   Code   RO         2250    .text.OUTLINED_FUNCTION_9  radio.o
    0x0800304a   0x0800304a   0x00000002   PAD
    0x0800304c   0x0800304c   0x00000034   Code   RO           20    .text.OnRxDone      subghz_phy_app.o
    0x08003080   0x08003080   0x0000001c   Code   RO           26    .text.OnRxError     subghz_phy_app.o
    0x0800309c   0x0800309c   0x0000001c   Code   RO           24    .text.OnRxTimeout   subghz_phy_app.o
    0x080030b8   0x080030b8   0x0000001c   Code   RO           18    .text.OnTxDone      subghz_phy_app.o
    0x080030d4   0x080030d4   0x0000001c   Code   RO           22    .text.OnTxTimeout   subghz_phy_app.o
    0x080030f0   0x080030f0   0x0000001c   Code   RO           16    .text.OnledEvent    subghz_phy_app.o
    0x0800310c   0x0800310c   0x00000002   Code   RO          224    .text.PWR_EnterOffMode  stm32_lpm_if.o
    0x0800310e   0x0800310e   0x00000012   Code   RO          216    .text.PWR_EnterSleepMode  stm32_lpm_if.o
    0x08003120   0x08003120   0x0000001c   Code   RO          220    .text.PWR_EnterStopMode  stm32_lpm_if.o
    0x0800313c   0x0800313c   0x00000002   Code   RO          226    .text.PWR_ExitOffMode  stm32_lpm_if.o
    0x0800313e   0x0800313e   0x00000004   Code   RO          218    .text.PWR_ExitSleepMode  stm32_lpm_if.o
    0x08003142   0x08003142   0x0000000e   Code   RO          222    .text.PWR_ExitStopMode  stm32_lpm_if.o
    0x08003150   0x08003150   0x00000002   Code   RO          258    .text.PendSV_Handler  stm32wlxx_it.o
    0x08003152   0x08003152   0x00000002   PAD
    0x08003154   0x08003154   0x000000a4   Code   RO           28    .text.PingPong_Process  subghz_phy_app.o
    0x080031f8   0x080031f8   0x00000064   Code   RO          447    .text.RBI_ConfigRFSwitch  radio_board_if.o
    0x0800325c   0x0800325c   0x00000004   Code   RO          449    .text.RBI_GetTxConfig  radio_board_if.o
    0x08003260   0x08003260   0x00000004   Code   RO          451    .text.RBI_GetWakeUpTime  radio_board_if.o
    0x08003264   0x08003264   0x00000068   Code   RO          441    .text.RBI_Init      radio_board_if.o
    0x080032cc   0x080032cc   0x00000004   Code   RO          455    .text.RBI_IsDCDC    radio_board_if.o
    0x080032d0   0x080032d0   0x00000004   Code   RO          453    .text.RBI_IsTCXO    radio_board_if.o
    0x080032d4   0x080032d4   0x000000a4   Code   RO         1132    .text.RCC_SetFlashLatencyFromMSIRange  stm32wlxx_hal_rcc.o
    0x08003378   0x08003378   0x00000058   Code   RO          108    .text.RD_ADC_Init   main.o
    0x080033d0   0x080033d0   0x00000028   Code   RO          124    .text.RD_ADC_read   main.o
    0x080033f8   0x080033f8   0x0000000c   Code   RO          268    .text.RTC_Alarm_IRQHandler  stm32wlxx_it.o
    0x08003404   0x08003404   0x00000024   Code   RO         1247    .text.RTC_ByteToBcd2  stm32wlxx_hal_rtc.o
    0x08003428   0x08003428   0x00000050   Code   RO         1237    .text.RTC_EnterInitMode  stm32wlxx_hal_rtc.o
    0x08003478   0x08003478   0x0000004c   Code   RO         1239    .text.RTC_ExitInitMode  stm32wlxx_hal_rtc.o
    0x080034c4   0x080034c4   0x00000004   Code   RO         2178    .text.RadioCheckRfFrequency  radio.o
    0x080034c8   0x080034c8   0x00000024   Code   RO         2224    .text.RadioGetFskBandwidthRegValue  radio.o
    0x080034ec   0x080034ec   0x00000028   Code   RO         2164    .text.RadioGetStatus  radio.o
    0x08003514   0x08003514   0x0000000a   Code   RO         2208    .text.RadioGetWakeupTime  radio.o
    0x0800351e   0x0800351e   0x00000002   PAD
    0x08003520   0x08003520   0x0000007c   Code   RO         2162    .text.RadioInit     radio.o
    0x0800359c   0x0800359c   0x00000160   Code   RO         2210    .text.RadioIrqProcess  radio.o
    0x080036fc   0x080036fc   0x00000082   Code   RO         2170    .text.RadioIsChannelFree  radio.o
    0x0800377e   0x0800377e   0x00000002   PAD
    0x08003780   0x08003780   0x0000000c   Code   RO         2226    .text.RadioOnDioIrq  radio.o
    0x0800378c   0x0800378c   0x00000018   Code   RO         2230    .text.RadioOnRxTimeoutIrq  radio.o
    0x080037a4   0x080037a4   0x0000001c   Code   RO         2228    .text.RadioOnTxTimeoutIrq  radio.o
    0x080037c0   0x080037c0   0x00000016   Code   RO         2172    .text.RadioRandom   radio.o
    0x080037d6   0x080037d6   0x00000004   Code   RO         2198    .text.RadioRead     radio.o
    0x080037da   0x080037da   0x00000004   Code   RO         2202    .text.RadioReadRegisters  radio.o
    0x080037de   0x080037de   0x00000008   Code   RO         2194    .text.RadioRssi     radio.o
    0x080037e6   0x080037e6   0x00000002   PAD
    0x080037e8   0x080037e8   0x0000003c   Code   RO         2188    .text.RadioRx       radio.o
    0x08003824   0x08003824   0x0000003c   Code   RO         2212    .text.RadioRxBoosted  radio.o
    0x08003860   0x08003860   0x0000015c   Code   RO         2182    .text.RadioSend     radio.o
    0x080039bc   0x080039bc   0x00000004   Code   RO         2168    .text.RadioSetChannel  radio.o
    0x080039c0   0x080039c0   0x00000028   Code   RO         2204    .text.RadioSetMaxPayloadLength  radio.o
    0x080039e8   0x080039e8   0x0000004c   Code   RO         2166    .text.RadioSetModem  radio.o
    0x08003a34   0x08003a34   0x00000038   Code   RO         2206    .text.RadioSetPublicNetwork  radio.o
    0x08003a6c   0x08003a6c   0x0000028c   Code   RO         2174    .text.RadioSetRxConfig  radio.o
    0x08003cf8   0x08003cf8   0x00000024   Code   RO         2214    .text.RadioSetRxDutyCycle  radio.o
    0x08003d1c   0x08003d1c   0x000001a0   Code   RO         2220    .text.RadioSetRxGenericConfig  radio.o
    0x08003ebc   0x08003ebc   0x00000198   Code   RO         2176    .text.RadioSetTxConfig  radio.o
    0x08004054   0x08004054   0x0000003c   Code   RO         2192    .text.RadioSetTxContinuousWave  radio.o
    0x08004090   0x08004090   0x00000160   Code   RO         2222    .text.RadioSetTxGenericConfig  radio.o
    0x080041f0   0x080041f0   0x00000012   Code   RO         2184    .text.RadioSleep    radio.o
    0x08004202   0x08004202   0x00000006   Code   RO         2186    .text.RadioStandby  radio.o
    0x08004208   0x08004208   0x00000016   Code   RO         2190    .text.RadioStartCad  radio.o
    0x0800421e   0x0800421e   0x00000002   PAD
    0x08004220   0x08004220   0x00000124   Code   RO         2180    .text.RadioTimeOnAir  radio.o
    0x08004344   0x08004344   0x00000014   Code   RO         2218    .text.RadioTxCw     radio.o
    0x08004358   0x08004358   0x00000030   Code   RO         2216    .text.RadioTxPrbs   radio.o
    0x08004388   0x08004388   0x00000004   Code   RO         2196    .text.RadioWrite    radio.o
    0x0800438c   0x0800438c   0x00000004   Code   RO         2200    .text.RadioWriteRegisters  radio.o
    0x08004390   0x08004390   0x0000002a   Code   RO         2269    .text.Radio_SMPS_Set  radio_driver.o
    0x080043ba   0x080043ba   0x00000002   PAD
    0x080043bc   0x080043bc   0x0000003c   Code   RO         2510    .text.SEQ_BitPosition  stm32_seq.o
    0x080043f8   0x080043f8   0x00000024   Code   RO         1453    .text.SUBGHZSPI_Init  stm32wlxx_hal_subghz.o
    0x0800441c   0x0800441c   0x00000058   Code   RO         1471    .text.SUBGHZSPI_Receive  stm32wlxx_hal_subghz.o
    0x08004474   0x08004474   0x00000058   Code   RO         1465    .text.SUBGHZSPI_Transmit  stm32wlxx_hal_subghz.o
    0x080044cc   0x080044cc   0x00000030   Code   RO         1463    .text.SUBGHZ_CheckDeviceReady  stm32wlxx_hal_subghz.o
    0x080044fc   0x080044fc   0x00000008   Code   RO          270    .text.SUBGHZ_Radio_IRQHandler  stm32wlxx_it.o
    0x08004504   0x08004504   0x00000044   Code   RO         1467    .text.SUBGHZ_WaitOnBusy  stm32wlxx_hal_subghz.o
    0x08004548   0x08004548   0x0000001c   Code   RO         2277    .text.SUBGRF_Calibrate  radio_driver.o
    0x08004564   0x08004564   0x00000078   Code   RO         2335    .text.SUBGRF_CalibrateImage  radio_driver.o
    0x080045dc   0x080045dc   0x00000008   Code   RO         2279    .text.SUBGRF_GetOperatingMode  radio_driver.o
    0x080045e4   0x080045e4   0x00000074   Code   RO         2363    .text.SUBGRF_GetPacketStatus  radio_driver.o
    0x08004658   0x08004658   0x00000030   Code   RO         2285    .text.SUBGRF_GetPayload  radio_driver.o
    0x08004688   0x08004688   0x00000004   Code   RO         2375    .text.SUBGRF_GetRadioWakeUpTime  radio_driver.o
    0x0800468c   0x0800468c   0x00000064   Code   RO         2309    .text.SUBGRF_GetRandom  radio_driver.o
    0x080046f0   0x080046f0   0x0000001c   Code   RO         2361    .text.SUBGRF_GetRssiInst  radio_driver.o
    0x0800470c   0x0800470c   0x0000003c   Code   RO         2287    .text.SUBGRF_GetRxBufferStatus  radio_driver.o
    0x08004748   0x08004748   0x00000064   Code   RO         2267    .text.SUBGRF_Init   radio_driver.o
    0x080047ac   0x080047ac   0x0000000c   Code   RO         2289    .text.SUBGRF_ReadBuffer  radio_driver.o
    0x080047b8   0x080047b8   0x00000018   Code   RO         2307    .text.SUBGRF_ReadRegister  radio_driver.o
    0x080047d0   0x080047d0   0x0000000c   Code   RO         2313    .text.SUBGRF_ReadRegisters  radio_driver.o
    0x080047dc   0x080047dc   0x00000012   Code   RO         2291    .text.SUBGRF_SendPayload  radio_driver.o
    0x080047ee   0x080047ee   0x00000002   PAD
    0x080047f0   0x080047f0   0x0000001c   Code   RO         2357    .text.SUBGRF_SetBufferBaseAddress  radio_driver.o
    0x0800480c   0x0800480c   0x00000018   Code   RO         2323    .text.SUBGRF_SetCad  radio_driver.o
    0x08004824   0x08004824   0x00000020   Code   RO         2303    .text.SUBGRF_SetCrcPolynomial  radio_driver.o
    0x08004844   0x08004844   0x00000024   Code   RO         2299    .text.SUBGRF_SetCrcSeed  radio_driver.o
    0x08004868   0x08004868   0x0000003c   Code   RO         2341    .text.SUBGRF_SetDioIrqParams  radio_driver.o
    0x080048a4   0x080048a4   0x00000040   Code   RO         2331    .text.SUBGRF_SetLoRaSymbNumTimeout  radio_driver.o
    0x080048e4   0x080048e4   0x000000d0   Code   RO         2351    .text.SUBGRF_SetModulationParams  radio_driver.o
    0x080049b4   0x080049b4   0x00000020   Code   RO         2337    .text.SUBGRF_SetPaConfig  radio_driver.o
    0x080049d4   0x080049d4   0x000000cc   Code   RO         2353    .text.SUBGRF_SetPacketParams  radio_driver.o
    0x08004aa0   0x08004aa0   0x00000028   Code   RO         2347    .text.SUBGRF_SetPacketType  radio_driver.o
    0x08004ac8   0x08004ac8   0x0000000a   Code   RO         2281    .text.SUBGRF_SetPayload  radio_driver.o
    0x08004ad2   0x08004ad2   0x00000002   PAD
    0x08004ad4   0x08004ad4   0x00000020   Code   RO         2333    .text.SUBGRF_SetRegulatorMode  radio_driver.o
    0x08004af4   0x08004af4   0x00000038   Code   RO         2345    .text.SUBGRF_SetRfFrequency  radio_driver.o
    0x08004b2c   0x08004b2c   0x00000028   Code   RO         2373    .text.SUBGRF_SetRfTxPower  radio_driver.o
    0x08004b54   0x08004b54   0x00000024   Code   RO         2311    .text.SUBGRF_SetRx  radio_driver.o
    0x08004b78   0x08004b78   0x0000003c   Code   RO         2319    .text.SUBGRF_SetRxBoosted  radio_driver.o
    0x08004bb4   0x08004bb4   0x0000003c   Code   RO         2321    .text.SUBGRF_SetRxDutyCycle  radio_driver.o
    0x08004bf0   0x08004bf0   0x00000034   Code   RO         2315    .text.SUBGRF_SetSleep  radio_driver.o
    0x08004c24   0x08004c24   0x00000028   Code   RO         2271    .text.SUBGRF_SetStandby  radio_driver.o
    0x08004c4c   0x08004c4c   0x00000018   Code   RO         2329    .text.SUBGRF_SetStopRxTimerOnPreambleDetect  radio_driver.o
    0x08004c64   0x08004c64   0x00000034   Code   RO         2371    .text.SUBGRF_SetSwitch  radio_driver.o
    0x08004c98   0x08004c98   0x00000012   Code   RO         2295    .text.SUBGRF_SetSyncWord  radio_driver.o
    0x08004caa   0x08004caa   0x00000002   PAD
    0x08004cac   0x08004cac   0x00000028   Code   RO         2273    .text.SUBGRF_SetTcxoMode  radio_driver.o
    0x08004cd4   0x08004cd4   0x00000024   Code   RO         2293    .text.SUBGRF_SetTx  radio_driver.o
    0x08004cf8   0x08004cf8   0x0000000c   Code   RO         2325    .text.SUBGRF_SetTxContinuousWave  radio_driver.o
    0x08004d04   0x08004d04   0x00000010   Code   RO         2327    .text.SUBGRF_SetTxInfinitePreamble  radio_driver.o
    0x08004d14   0x08004d14   0x00000084   Code   RO         2349    .text.SUBGRF_SetTxParams  radio_driver.o
    0x08004d98   0x08004d98   0x00000038   Code   RO         2305    .text.SUBGRF_SetWhiteningSeed  radio_driver.o
    0x08004dd0   0x08004dd0   0x0000000c   Code   RO         2283    .text.SUBGRF_WriteBuffer  radio_driver.o
    0x08004ddc   0x08004ddc   0x00000018   Code   RO         2275    .text.SUBGRF_WriteRegister  radio_driver.o
    0x08004df4   0x08004df4   0x00000010   Code   RO         2297    .text.SUBGRF_WriteRegisters  radio_driver.o
    0x08004e04   0x08004e04   0x00000002   Code   RO          254    .text.SVC_Handler   stm32wlxx_it.o
    0x08004e06   0x08004e06   0x00000002   PAD
    0x08004e08   0x08004e08   0x00000040   Code   RO           46    .text.SYS_LED_Init  board_resources.o
    0x08004e48   0x08004e48   0x00000020   Code   RO           56    .text.SYS_LED_Toggle  board_resources.o
    0x08004e68   0x08004e68   0x000000f0   Code   RO           14    .text.SubghzApp_Init  subghz_phy_app.o
    0x08004f58   0x08004f58   0x00000004   Code   RO          260    .text.SysTick_Handler  stm32wlxx_it.o
    0x08004f5c   0x08004f5c   0x00000028   Code   RO         2552    .text.SysTimeAdd    stm32_systime.o
    0x08004f84   0x08004f84   0x00000044   Code   RO         2558    .text.SysTimeGet    stm32_systime.o
    0x08004fc8   0x08004fc8   0x000000c4   Code   RO          294    .text.SystemApp_Init  sys_app.o
    0x0800508c   0x0800508c   0x0000007c   Code   RO          106    .text.SystemClock_Config  main.o
    0x08005108   0x08005108   0x00000002   Code   RO          541    .text.SystemInit    system_stm32wlxx.o
    0x0800510a   0x0800510a   0x00000002   PAD
    0x0800510c   0x0800510c   0x00000008   Code   RO          262    .text.TAMP_STAMP_LSECSS_SSRU_IRQHandler  stm32wlxx_it.o
    0x08005114   0x08005114   0x00000008   Code   RO          199    .text.TIMER_IF_BkUp_Read_MSBticks  timer_if.o
    0x0800511c   0x0800511c   0x00000008   Code   RO          183    .text.TIMER_IF_BkUp_Read_Seconds  timer_if.o
    0x08005124   0x08005124   0x00000008   Code   RO          187    .text.TIMER_IF_BkUp_Read_SubSeconds  timer_if.o
    0x0800512c   0x0800512c   0x0000000c   Code   RO          191    .text.TIMER_IF_BkUp_Write_MSBticks  timer_if.o
    0x08005138   0x08005138   0x0000000c   Code   RO          181    .text.TIMER_IF_BkUp_Write_Seconds  timer_if.o
    0x08005144   0x08005144   0x0000000c   Code   RO          185    .text.TIMER_IF_BkUp_Write_SubSeconds  timer_if.o
    0x08005150   0x08005150   0x00000010   Code   RO          179    .text.TIMER_IF_Convert_Tick2ms  timer_if.o
    0x08005160   0x08005160   0x00000008   Code   RO          177    .text.TIMER_IF_Convert_ms2Tick  timer_if.o
    0x08005168   0x08005168   0x00000018   Code   RO          193    .text.TIMER_IF_DelayMs  timer_if.o
    0x08005180   0x08005180   0x00000004   Code   RO          175    .text.TIMER_IF_GetMinimumTimeout  timer_if.o
    0x08005184   0x08005184   0x00000028   Code   RO          189    .text.TIMER_IF_GetTime  timer_if.o
    0x080051ac   0x080051ac   0x00000008   Code   RO          169    .text.TIMER_IF_GetTimerContext  timer_if.o
    0x080051b4   0x080051b4   0x00000010   Code   RO          171    .text.TIMER_IF_GetTimerElapsedTime  timer_if.o
    0x080051c4   0x080051c4   0x00000014   Code   RO          173    .text.TIMER_IF_GetTimerValue  timer_if.o
    0x080051d8   0x080051d8   0x0000003c   Code   RO          161    .text.TIMER_IF_Init  timer_if.o
    0x08005214   0x08005214   0x00000010   Code   RO          167    .text.TIMER_IF_SetTimerContext  timer_if.o
    0x08005224   0x08005224   0x0000004c   Code   RO          163    .text.TIMER_IF_StartTimer  timer_if.o
    0x08005270   0x08005270   0x00000020   Code   RO          165    .text.TIMER_IF_StopTimer  timer_if.o
    0x08005290   0x08005290   0x0000007c   Code   RO         2420    .text.TRACE_AllocateBufer  stm32_adv_trace.o
    0x0800530c   0x0800530c   0x00000018   Code   RO         2418    .text.TRACE_Lock    stm32_adv_trace.o
    0x08005324   0x08005324   0x0000007c   Code   RO         2424    .text.TRACE_Send    stm32_adv_trace.o
    0x080053a0   0x080053a0   0x00000090   Code   RO         2410    .text.TRACE_TxCpltCallback  stm32_adv_trace.o
    0x08005430   0x08005430   0x0000001c   Code   RO         2422    .text.TRACE_UnLock  stm32_adv_trace.o
    0x0800544c   0x0800544c   0x00000018   Code   RO         2593    .text.TimerExists   stm32_timer.o
    0x08005464   0x08005464   0x00000014   Code   RO         2595    .text.TimerInsertNewHeadTimer  stm32_timer.o
    0x08005478   0x08005478   0x00000024   Code   RO         2597    .text.TimerInsertTimer  stm32_timer.o
    0x0800549c   0x0800549c   0x00000038   Code   RO         2603    .text.TimerSetTimeout  stm32_timer.o
    0x080054d4   0x080054d4   0x00000024   Code   RO          296    .text.TimestampNow  sys_app.o
    0x080054f8   0x080054f8   0x00000044   Code   RO         1773    .text.UARTEx_SetNbDataToProcess  stm32wlxx_hal_uart_ex.o
    0x0800553c   0x0800553c   0x000000a8   Code   RO         1541    .text.UART_AdvFeatureConfig  stm32wlxx_hal_uart.o
    0x080055e4   0x080055e4   0x0000004c   Code   RO         1543    .text.UART_CheckIdleState  stm32wlxx_hal_uart.o
    0x08005630   0x08005630   0x00000010   Code   RO         1625    .text.UART_DMAAbortOnError  stm32wlxx_hal_uart.o
    0x08005640   0x08005640   0x00000056   Code   RO         1581    .text.UART_DMAError  stm32wlxx_hal_uart.o
    0x08005696   0x08005696   0x00000028   Code   RO         1577    .text.UART_DMATransmitCplt  stm32wlxx_hal_uart.o
    0x080056be   0x080056be   0x00000006   Code   RO         1579    .text.UART_DMATxHalfCplt  stm32wlxx_hal_uart.o
    0x080056c4   0x080056c4   0x00000030   Code   RO         1595    .text.UART_EndRxTransfer  stm32wlxx_hal_uart.o
    0x080056f4   0x080056f4   0x0000001a   Code   RO         1593    .text.UART_EndTxTransfer  stm32wlxx_hal_uart.o
    0x0800570e   0x0800570e   0x0000004a   Code   RO         1665    .text.UART_RxISR_16BIT  stm32wlxx_hal_uart.o
    0x08005758   0x08005758   0x000000cc   Code   RO         1661    .text.UART_RxISR_16BIT_FIFOEN  stm32wlxx_hal_uart.o
    0x08005824   0x08005824   0x00000046   Code   RO         1667    .text.UART_RxISR_8BIT  stm32wlxx_hal_uart.o
    0x0800586a   0x0800586a   0x00000002   PAD
    0x0800586c   0x0800586c   0x000000d0   Code   RO         1663    .text.UART_RxISR_8BIT_FIFOEN  stm32wlxx_hal_uart.o
    0x0800593c   0x0800593c   0x000001e0   Code   RO         1539    .text.UART_SetConfig  stm32wlxx_hal_uart.o
    0x08005b1c   0x08005b1c   0x000000c8   Code   RO         1573    .text.UART_Start_Receive_IT  stm32wlxx_hal_uart.o
    0x08005be4   0x08005be4   0x0000007e   Code   RO         1557    .text.UART_WaitOnFlagUntilTimeout  stm32wlxx_hal_uart.o
    0x08005c62   0x08005c62   0x00000002   PAD
    0x08005c64   0x08005c64   0x0000000c   Code   RO          266    .text.USART2_IRQHandler  stm32wlxx_it.o
    0x08005c70   0x08005c70   0x000000a4   Code   RO         2416    .text.UTIL_ADV_TRACE_COND_FSend  stm32_adv_trace.o
    0x08005d14   0x08005d14   0x00000030   Code   RO         2408    .text.UTIL_ADV_TRACE_Init  stm32_adv_trace.o
    0x08005d44   0x08005d44   0x00000008   Code   RO          302    .text.UTIL_ADV_TRACE_PostSendHook  sys_app.o
    0x08005d4c   0x08005d4c   0x00000008   Code   RO          300    .text.UTIL_ADV_TRACE_PreSendHook  sys_app.o
    0x08005d54   0x08005d54   0x00000008   Code   RO         2440    .text.UTIL_ADV_TRACE_RegisterTimeStampFunction  stm32_adv_trace.o
    0x08005d5c   0x08005d5c   0x0000000c   Code   RO         2442    .text.UTIL_ADV_TRACE_SetVerboseLevel  stm32_adv_trace.o
    0x08005d68   0x08005d68   0x00000038   Code   RO         2479    .text.UTIL_LPM_EnterLowPower  stm32_lpm.o
    0x08005da0   0x08005da0   0x0000000c   Code   RO         2469    .text.UTIL_LPM_Init  stm32_lpm.o
    0x08005dac   0x08005dac   0x0000002c   Code   RO         2475    .text.UTIL_LPM_SetOffMode  stm32_lpm.o
    0x08005dd8   0x08005dd8   0x00000030   Code   RO         2473    .text.UTIL_LPM_SetStopMode  stm32_lpm.o
    0x08005e08   0x08005e08   0x0000000e   Code   RO         2494    .text.UTIL_MEM_set_8  stm32_mem.o
    0x08005e16   0x08005e16   0x00000004   Code   RO          298    .text.UTIL_SEQ_Idle  sys_app.o
    0x08005e1a   0x08005e1a   0x00000002   Code   RO         2516    .text.UTIL_SEQ_PostIdle  stm32_seq.o
    0x08005e1c   0x08005e1c   0x00000002   Code   RO         2512    .text.UTIL_SEQ_PreIdle  stm32_seq.o
    0x08005e1e   0x08005e1e   0x00000002   PAD
    0x08005e20   0x08005e20   0x00000020   Code   RO         2518    .text.UTIL_SEQ_RegTask  stm32_seq.o
    0x08005e40   0x08005e40   0x000000e8   Code   RO         2508    .text.UTIL_SEQ_Run  stm32_seq.o
    0x08005f28   0x08005f28   0x00000028   Code   RO         2520    .text.UTIL_SEQ_SetTask  stm32_seq.o
    0x08005f50   0x08005f50   0x00000034   Code   RO         2589    .text.UTIL_TIMER_Create  stm32_timer.o
    0x08005f84   0x08005f84   0x00000014   Code   RO         2617    .text.UTIL_TIMER_GetCurrentTime  stm32_timer.o
    0x08005f98   0x08005f98   0x00000020   Code   RO         2619    .text.UTIL_TIMER_GetElapsedTime  stm32_timer.o
    0x08005fb8   0x08005fb8   0x00000080   Code   RO         2615    .text.UTIL_TIMER_IRQ_Handler  stm32_timer.o
    0x08006038   0x08006038   0x0000000c   Code   RO         2585    .text.UTIL_TIMER_Init  stm32_timer.o
    0x08006044   0x08006044   0x00000030   Code   RO         2605    .text.UTIL_TIMER_SetPeriod  stm32_timer.o
    0x08006074   0x08006074   0x0000006c   Code   RO         2591    .text.UTIL_TIMER_Start  stm32_timer.o
    0x080060e0   0x080060e0   0x00000068   Code   RO         2601    .text.UTIL_TIMER_Stop  stm32_timer.o
    0x08006148   0x08006148   0x00000002   Code   RO          252    .text.UsageFault_Handler  stm32wlxx_it.o
    0x0800614a   0x0800614a   0x00000002   PAD
    0x0800614c   0x0800614c   0x00000060   Code   RO          104    .text.main          main.o
    0x080061ac   0x080061ac   0x00000028   Code   RO          310    .text.tiny_snprintf_like  sys_app.o
    0x080061d4   0x080061d4   0x000002b8   Code   RO         2630    .text.tiny_vsnprintf_like  stm32_tiny_vsnprintf.o
    0x0800648c   0x0800648c   0x00000028   Code   RO          354    .text.vcom_DeInit   usart_if.o
    0x080064b4   0x080064b4   0x00000024   Code   RO          352    .text.vcom_Init     usart_if.o
    0x080064d8   0x080064d8   0x00000044   Code   RO          356    .text.vcom_ReceiveInit  usart_if.o
    0x0800651c   0x0800651c   0x00000024   Code   RO          362    .text.vcom_Resume   usart_if.o
    0x08006540   0x08006540   0x00000014   Code   RO          358    .text.vcom_Trace_DMA  usart_if.o
    0x08006554   0x08006554   0x0000000e   Code   RO         2735    i.__scatterload_copy  mc_w.l(handlers.o)
    0x08006562   0x08006562   0x00000002   Code   RO         2736    i.__scatterload_null  mc_w.l(handlers.o)
    0x08006564   0x08006564   0x0000000e   Code   RO         2737    i.__scatterload_zeroinit  mc_w.l(handlers.o)
    0x08006572   0x08006572   0x00000006   Data   RO         1174    .rodata..L__const.RCC_SetFlashLatency.FLASH_CLK_SRC_RANGE_VOS1  stm32wlxx_hal_rcc.o
    0x08006578   0x08006578   0x00000006   Data   RO         1175    .rodata..L__const.RCC_SetFlashLatency.FLASH_CLK_SRC_RANGE_VOS2  stm32wlxx_hal_rcc.o
    0x0800657e   0x0800657e   0x00000002   PAD
    0x08006580   0x08006580   0x0000000c   Data   RO         1176    .rodata..L__const.RCC_SetFlashLatency.FLASH_LATENCY_RANGE  stm32wlxx_hal_rcc.o
    0x0800658c   0x0800658c   0x00000040   Data   RO          546    .rodata.AHBPrescTable  system_stm32wlxx.o
    0x080065cc   0x080065cc   0x00000020   Data   RO          547    .rodata.APBPrescTable  system_stm32wlxx.o
    0x080065ec   0x080065ec   0x0000000c   Data   RO         2254    .rodata.Bandwidths  radio.o
    0x080065f8   0x080065f8   0x000000b0   Data   RO         2253    .rodata.FskBandwidths  radio.o
    0x080066a8   0x080066a8   0x00000040   Data   RO          548    .rodata.MSIRangeTable  system_stm32wlxx.o
    0x080066e8   0x080066e8   0x0000007c   Data   RO         2252    .rodata.Radio       radio.o
    0x08006764   0x08006764   0x00000006   Data   RO           78    .rodata.SYS_LED_PIN  board_resources.o
    0x0800676a   0x0800676a   0x00000002   PAD
    0x0800676c   0x0800676c   0x0000000c   Data   RO           79    .rodata.SYS_LED_PORT  board_resources.o
    0x08006778   0x08006778   0x00000018   Data   RO         1745    .rodata.UARTPrescTable  stm32wlxx_hal_uart.o
    0x08006790   0x08006790   0x00000018   Data   RO          228    .rodata.UTIL_PowerDriver  stm32_lpm_if.o
    0x080067a8   0x080067a8   0x00000014   Data   RO          206    .rodata.UTIL_SYSTIMDriver  timer_if.o
    0x080067bc   0x080067bc   0x0000002c   Data   RO          205    .rodata.UTIL_TimerDriver  timer_if.o
    0x080067e8   0x080067e8   0x00000010   Data   RO          368    .rodata.UTIL_TraceDriver  usart_if.o
    0x080067f8   0x080067f8   0x00000010   Data   RO         1746    .rodata.cst16       stm32wlxx_hal_uart.o
    0x08006808   0x08006808   0x00000010   Data   RO         2541    .rodata.cst16       stm32_seq.o
    0x08006818   0x08006818   0x00000010   Data   RO         1797    .rodata.cst8        stm32wlxx_hal_uart_ex.o
    0x08006828   0x08006828   0x00000007   Data   RO         2632    .rodata.str1.1      stm32_tiny_vsnprintf.o
    0x0800682f   0x0800682f   0x00000001   PAD
    0x08006830   0x08006830   0x00000020   Data   RO         2734    Region$$Table       anon$$obj.o


    Execution Region RW_IRAM1 (Exec base: 0x20000000, Load base: 0x08006850, Size: 0x00001028, Max: 0x00008000, ABSOLUTE)

    Exec Addr    Load Addr    Size         Type   Attr      Idx    E Section Name        Object

    0x20000000   0x08006850   0x00000004   Data   RW           36    .data..L_MergedGlobals  subghz_phy_app.o
    0x20000004   0x08006854   0x00000008   Data   RW          636    .data..L_MergedGlobals  stm32wlxx_hal.o
    0x2000000c   0x0800685c   0x00000008   Data   RW         2542    .data..L_MergedGlobals  stm32_seq.o
    0x20000014   0x08006864   0x00000001   Data   RW         2256    .data.MaxPayloadLength  radio.o
    0x20000015   0x08006865   0x00000003   PAD
    0x20000018   0x08006868   0x00000004   Data   RW          545    .data.SystemCoreClock  system_stm32wlxx.o
    0x2000001c   0x0800686c   0x00000001   Data   RW          131    .data.ping_flag     main.o
    0x2000001d   0x0800686d   0x00000003   PAD
    0x20000020        -       0x00000008   Zero   RW          207    .bss..L_MergedGlobals  timer_if.o
    0x20000028        -       0x00000008   Zero   RW          370    .bss..L_MergedGlobals  usart_if.o
    0x20000030        -       0x0000003c   Zero   RW         2258    .bss..L_MergedGlobals  radio.o
    0x2000006c        -       0x00000018   Zero   RW         2399    .bss..L_MergedGlobals  radio_driver.o
    0x20000084        -       0x00000008   Zero   RW         2481    .bss..L_MergedGlobals  stm32_lpm.o
    0x2000008c        -       0x00000040   Zero   RW           37    .bss..L_MergedGlobals.1  subghz_phy_app.o
    0x200000cc        -       0x00000020   Zero   RW         2543    .bss..L_MergedGlobals.2  stm32_seq.o
    0x200000ec        -       0x00000200   Zero   RW         2459    .bss.ADV_TRACE_Buffer  stm32_adv_trace.o
    0x200002ec        -       0x0000001c   Zero   RW         2458    .bss.ADV_TRACE_Ctx  stm32_adv_trace.o
    0x20000308        -       0x00000040   Zero   RW           35    .bss.Buffer         subghz_phy_app.o
    0x20000348        -       0x000000ff   Zero   RW         2257    .bss.RadioRxPayload  radio.o
    0x20000447   0x0800686d   0x00000001   PAD
    0x20000448        -       0x00000098   Zero   RW         2255    .bss.SubgRf         radio.o
    0x200004e0        -       0x00000080   Zero   RW         2540    .bss.TaskCb         stm32_seq.o
    0x20000560        -       0x00000004   Zero   RW         2621    .bss.TimerListHead  stm32_timer.o
    0x20000564        -       0x00000004   Zero   RW          369    .bss.TxCpltCallback  usart_if.o
    0x20000568        -       0x00000004   Zero   RW          132    .bss.ground_hum_data  main.o
    0x2000056c        -       0x0000006c   Zero   RW          134    .bss.hadc           main.o
    0x200005d8        -       0x00000064   Zero   RW          343    .bss.hdma_usart2_tx  usart.o
    0x2000063c        -       0x0000003c   Zero   RW          152    .bss.hrtc           rtc.o
    0x20000678        -       0x00000014   Zero   RW          285    .bss.hsubghz        subghz.o
    0x2000068c        -       0x00000090   Zero   RW          342    .bss.huart2         usart.o
    0x2000071c        -       0x00000001   Zero   RW          126    .bss.i2c_read_done_flag  main.o
    0x2000071d        -       0x00000100   Zero   RW         2460    .bss.sztmp          stm32_adv_trace.o
    0x2000081d   0x0800686d   0x00000003   PAD
    0x20000820        -       0x00000004   Zero   RW          635    .bss.uwTick         stm32wlxx_hal.o
    0x20000824   0x0800686d   0x00000004   PAD
    0x20000828        -       0x00000800   Zero   RW          431    STACK               startup_stm32wl55xx_cm4.o


    Execution Region RW_IRAM2 (Exec base: 0x20008000, Load base: 0x08006870, Size: 0x00008000, Max: 0x00008000, ABSOLUTE)

    Exec Addr    Load Addr    Size         Type   Attr      Idx    E Section Name        Object

    0x20008000        -       0x00008000   Zero   RW            1    RW_IRAM2.bss        anon$$obj.o


==============================================================================

Image component sizes


      Code (inc. data)   RO Data    RW Data    ZI Data      Debug   Object Name

        22          0          0          0          0        834   app_subghz_phy.o
       120          8         18          0          0       7924   board_resources.o
        62          4          0          0          0       4050   dma.o
       498         60          0          1        113      13889   main.o
      3878        140        312          1        467      27851   radio.o
       260         72          0          0          0       4101   radio_board_if.o
      2392        120          0          0         24      25469   radio_driver.o
       236         16          0          0         60       7280   rtc.o
        36          8        312          0       2048        880   startup_stm32wl55xx_cm4.o
       694         32          0          0        796      10292   stm32_adv_trace.o
       160          8          0          0          8       2702   stm32_lpm.o
        68          4         24          0          0       2661   stm32_lpm_if.o
        14          0          0          0          0       1456   stm32_mem.o
       368         16         16          8        160       6367   stm32_seq.o
       108          8          0          0          0       6116   stm32_systime.o
       640         12          0          0          4       7650   stm32_timer.o
       696         84          7          0          0       3601   stm32_tiny_vsnprintf.o
       146         20          0          8          4      12465   stm32wlxx_hal.o
      1650         76          0          0          0      18714   stm32wlxx_hal_adc.o
       172         20          0          0          0      10023   stm32wlxx_hal_cortex.o
      1050         32          0          0          0       9410   stm32wlxx_hal_dma.o
       632         16          0          0          0       4900   stm32wlxx_hal_gpio.o
         2          0          0          0          0        471   stm32wlxx_hal_msp.o
        84         12          0          0          0       5682   stm32wlxx_hal_pwr.o
       140          8          0          0          0      11250   stm32wlxx_hal_pwr_ex.o
      2488         88         24          0          0      16796   stm32wlxx_hal_rcc.o
       414          8          0          0          0      13524   stm32wlxx_hal_rcc_ex.o
       882         32          0          0          0      14429   stm32wlxx_hal_rtc.o
       166          4          0          0          0      17703   stm32wlxx_hal_rtc_ex.o
      1316         44          0          0          0      14908   stm32wlxx_hal_subghz.o
      3050        134         40          0          0      29343   stm32wlxx_hal_uart.o
       420          8         16          0          0      10172   stm32wlxx_hal_uart_ex.o
        72         12          0          0          0       6927   stm32wlxx_it.o
        76          8          0          0         20       5245   subghz.o
       596         72          0          4        128       4471   subghz_phy_app.o
       336         32          0          0          0       6252   sys_app.o
       276         20          0          0          0       3915   sys_debug.o
         2          0        160          4          0       2973   system_stm32wlxx.o
       426         16         64          0          8       8541   timer_if.o
       368         24          0          0        244       9058   usart.o
       256         32         16          0         12      10180   usart_if.o

    ----------------------------------------------------------------------
     25324       1310       1046         32      36872     380475   Object Totals
         0          0         32          0      32768          0   (incl. Generated)
        52          0          5          6          8          0   (incl. Padding)

    ----------------------------------------------------------------------

      Code (inc. data)   RO Data    RW Data    ZI Data      Debug   Library Member Name

         0          0          0          0          0          0   entry.o
         0          0          0          0          0          0   entry10a.o
         0          0          0          0          0          0   entry11a.o
         8          4          0          0          0          0   entry2.o
         4          0          0          0          0          0   entry5.o
         0          0          0          0          0          0   entry7b.o
         0          0          0          0          0          0   entry8b.o
         8          4          0          0          0          0   entry9a.o
        30          0          0          0          0          0   handlers.o
        36          8          0          0          0         68   init.o
        30          0          0          0          0         68   llshl.o
        32          0          0          0          0         68   llushr.o
        36          0          0          0          0         68   memcpya.o
        36          0          0          0          0        108   memseta.o
        14          0          0          0          0         68   strlen.o
        98          0          0          0          0         92   uldiv.o

    ----------------------------------------------------------------------
       334         16          0          0          0        540   Library Totals
         2          0          0          0          0          0   (incl. Padding)

    ----------------------------------------------------------------------

      Code (inc. data)   RO Data    RW Data    ZI Data      Debug   Library Name

       332         16          0          0          0        540   mc_w.l

    ----------------------------------------------------------------------
       334         16          0          0          0        540   Library Totals

    ----------------------------------------------------------------------

==============================================================================


      Code (inc. data)   RO Data    RW Data    ZI Data      Debug   

     25658       1326       1046         32      36872     380231   Grand Totals
     25658       1326       1046         32      36872     380231   ELF Image Totals
     25658       1326       1046         32          0          0   ROM Totals

==============================================================================

    Total RO  Size (Code + RO Data)                26704 (  26.08kB)
    Total RW  Size (RW Data + ZI Data)             36904 (  36.04kB)
    Total ROM Size (Code + RO Data + RW Data)      26736 (  26.11kB)

==============================================================================

